test	Set up job	﻿2026-03-14T20:18:46.7955700Z Current runner version: '2.332.0'
test	Set up job	2026-03-14T20:18:46.7983098Z ##[group]Runner Image Provisioner
test	Set up job	2026-03-14T20:18:46.7983936Z Hosted Compute Agent
test	Set up job	2026-03-14T20:18:46.7984605Z Version: 20260213.493
test	Set up job	2026-03-14T20:18:46.7985157Z Commit: 5c115507f6dd24b8de37d8bbe0bb4509d0cc0fa3
test	Set up job	2026-03-14T20:18:46.7985826Z Build Date: 2026-02-13T00:28:41Z
test	Set up job	2026-03-14T20:18:46.7986500Z Worker ID: {94a62047-a07e-43bb-80e4-ddc564329d2a}
test	Set up job	2026-03-14T20:18:46.7987210Z Azure Region: northcentralus
test	Set up job	2026-03-14T20:18:46.7987742Z ##[endgroup]
test	Set up job	2026-03-14T20:18:46.7989400Z ##[group]Operating System
test	Set up job	2026-03-14T20:18:46.7990046Z Ubuntu
test	Set up job	2026-03-14T20:18:46.7990449Z 24.04.3
test	Set up job	2026-03-14T20:18:46.7991024Z LTS
test	Set up job	2026-03-14T20:18:46.7991484Z ##[endgroup]
test	Set up job	2026-03-14T20:18:46.7991998Z ##[group]Runner Image
test	Set up job	2026-03-14T20:18:46.7992573Z Image: ubuntu-24.04
test	Set up job	2026-03-14T20:18:46.7993078Z Version: 20260309.50.1
test	Set up job	2026-03-14T20:18:46.7994061Z Included Software: https://github.com/actions/runner-images/blob/ubuntu24/20260309.50/images/ubuntu/Ubuntu2404-Readme.md
test	Set up job	2026-03-14T20:18:46.7995833Z Image Release: https://github.com/actions/runner-images/releases/tag/ubuntu24%2F20260309.50
test	Set up job	2026-03-14T20:18:46.7996702Z ##[endgroup]
test	Set up job	2026-03-14T20:18:46.7997838Z ##[group]GITHUB_TOKEN Permissions
test	Set up job	2026-03-14T20:18:46.8000122Z Contents: read
test	Set up job	2026-03-14T20:18:46.8000721Z Metadata: read
test	Set up job	2026-03-14T20:18:46.8001249Z Packages: read
test	Set up job	2026-03-14T20:18:46.8001765Z ##[endgroup]
test	Set up job	2026-03-14T20:18:46.8003879Z Secret source: Actions
test	Set up job	2026-03-14T20:18:46.8004994Z Prepare workflow directory
test	Set up job	2026-03-14T20:18:46.8354375Z Prepare all required actions
test	Set up job	2026-03-14T20:18:46.8395011Z Getting action download info
test	Set up job	2026-03-14T20:18:47.2143226Z Download action repository 'actions/checkout@v4' (SHA:34e114876b0b11c390a56381ad16ebd13914f8d5)
test	Set up job	2026-03-14T20:18:47.3735332Z Download action repository 'actions/setup-node@v4' (SHA:49933ea5288caeca8642d1e84afbd3f7d6820020)
test	Set up job	2026-03-14T20:18:47.4673255Z Download action repository 'actions/upload-artifact@v4' (SHA:ea165f8d65b6e75b540449e92b4886f43607fa02)
test	Set up job	2026-03-14T20:18:47.6960246Z Complete job name: test
test	Checkout	﻿2026-03-14T20:18:47.7798104Z ##[group]Run actions/checkout@v4
test	Checkout	2026-03-14T20:18:47.7799351Z with:
test	Checkout	2026-03-14T20:18:47.7799878Z   repository: smartdash-almasana/smartsellerv2
test	Checkout	2026-03-14T20:18:47.7800696Z   token: ***
test	Checkout	2026-03-14T20:18:47.7801108Z   ssh-strict: true
test	Checkout	2026-03-14T20:18:47.7801529Z   ssh-user: git
test	Checkout	2026-03-14T20:18:47.7801947Z   persist-credentials: true
test	Checkout	2026-03-14T20:18:47.7802425Z   clean: true
test	Checkout	2026-03-14T20:18:47.7802835Z   sparse-checkout-cone-mode: true
test	Checkout	2026-03-14T20:18:47.7803350Z   fetch-depth: 1
test	Checkout	2026-03-14T20:18:47.7803747Z   fetch-tags: false
test	Checkout	2026-03-14T20:18:47.7804189Z   show-progress: true
test	Checkout	2026-03-14T20:18:47.7804607Z   lfs: false
test	Checkout	2026-03-14T20:18:47.7804995Z   submodules: false
test	Checkout	2026-03-14T20:18:47.7805424Z   set-safe-directory: true
test	Checkout	2026-03-14T20:18:47.7806202Z ##[endgroup]
test	Checkout	2026-03-14T20:18:47.8970138Z Syncing repository: smartdash-almasana/smartsellerv2
test	Checkout	2026-03-14T20:18:47.8972170Z ##[group]Getting Git version info
test	Checkout	2026-03-14T20:18:47.8972980Z Working directory is '/home/runner/work/smartsellerv2/smartsellerv2'
test	Checkout	2026-03-14T20:18:47.8974188Z [command]/usr/bin/git version
test	Checkout	2026-03-14T20:18:47.9038778Z git version 2.53.0
test	Checkout	2026-03-14T20:18:47.9068534Z ##[endgroup]
test	Checkout	2026-03-14T20:18:47.9092547Z Temporarily overriding HOME='/home/runner/work/_temp/195c551b-b5f1-4e9d-aa58-75dd8fb95dc0' before making global git config changes
test	Checkout	2026-03-14T20:18:47.9094129Z Adding repository directory to the temporary git global config as a safe directory
test	Checkout	2026-03-14T20:18:47.9098015Z [command]/usr/bin/git config --global --add safe.directory /home/runner/work/smartsellerv2/smartsellerv2
test	Checkout	2026-03-14T20:18:47.9145061Z Deleting the contents of '/home/runner/work/smartsellerv2/smartsellerv2'
test	Checkout	2026-03-14T20:18:47.9149260Z ##[group]Initializing the repository
test	Checkout	2026-03-14T20:18:47.9153906Z [command]/usr/bin/git init /home/runner/work/smartsellerv2/smartsellerv2
test	Checkout	2026-03-14T20:18:47.9262510Z hint: Using 'master' as the name for the initial branch. This default branch name
test	Checkout	2026-03-14T20:18:47.9264890Z hint: will change to "main" in Git 3.0. To configure the initial branch name
test	Checkout	2026-03-14T20:18:47.9266978Z hint: to use in all of your new repositories, which will suppress this warning,
test	Checkout	2026-03-14T20:18:47.9267975Z hint: call:
test	Checkout	2026-03-14T20:18:47.9268374Z hint:
test	Checkout	2026-03-14T20:18:47.9269179Z hint: 	git config --global init.defaultBranch <name>
test	Checkout	2026-03-14T20:18:47.9269921Z hint:
test	Checkout	2026-03-14T20:18:47.9270500Z hint: Names commonly chosen instead of 'master' are 'main', 'trunk' and
test	Checkout	2026-03-14T20:18:47.9271445Z hint: 'development'. The just-created branch can be renamed via this command:
test	Checkout	2026-03-14T20:18:47.9272172Z hint:
test	Checkout	2026-03-14T20:18:47.9272566Z hint: 	git branch -m <name>
test	Checkout	2026-03-14T20:18:47.9273022Z hint:
test	Checkout	2026-03-14T20:18:47.9273612Z hint: Disable this message with "git config set advice.defaultBranchName false"
test	Checkout	2026-03-14T20:18:47.9274714Z Initialized empty Git repository in /home/runner/work/smartsellerv2/smartsellerv2/.git/
test	Checkout	2026-03-14T20:18:47.9285126Z [command]/usr/bin/git remote add origin https://github.com/smartdash-almasana/smartsellerv2
test	Checkout	2026-03-14T20:18:47.9327685Z ##[endgroup]
test	Checkout	2026-03-14T20:18:47.9329746Z ##[group]Disabling automatic garbage collection
test	Checkout	2026-03-14T20:18:47.9335067Z [command]/usr/bin/git config --local gc.auto 0
test	Checkout	2026-03-14T20:18:47.9371479Z ##[endgroup]
test	Checkout	2026-03-14T20:18:47.9372835Z ##[group]Setting up auth
test	Checkout	2026-03-14T20:18:47.9380097Z [command]/usr/bin/git config --local --name-only --get-regexp core\.sshCommand
test	Checkout	2026-03-14T20:18:47.9415442Z [command]/usr/bin/git submodule foreach --recursive sh -c "git config --local --name-only --get-regexp 'core\.sshCommand' && git config --local --unset-all 'core.sshCommand' || :"
test	Checkout	2026-03-14T20:18:47.9782937Z [command]/usr/bin/git config --local --name-only --get-regexp http\.https\:\/\/github\.com\/\.extraheader
test	Checkout	2026-03-14T20:18:47.9815691Z [command]/usr/bin/git submodule foreach --recursive sh -c "git config --local --name-only --get-regexp 'http\.https\:\/\/github\.com\/\.extraheader' && git config --local --unset-all 'http.https://github.com/.extraheader' || :"
test	Checkout	2026-03-14T20:18:48.0066004Z [command]/usr/bin/git config --local --name-only --get-regexp ^includeIf\.gitdir:
test	Checkout	2026-03-14T20:18:48.0104293Z [command]/usr/bin/git submodule foreach --recursive git config --local --show-origin --name-only --get-regexp remote.origin.url
test	Checkout	2026-03-14T20:18:48.0360646Z [command]/usr/bin/git config --local http.https://github.com/.extraheader AUTHORIZATION: basic ***
test	Checkout	2026-03-14T20:18:48.0402638Z ##[endgroup]
test	Checkout	2026-03-14T20:18:48.0403759Z ##[group]Fetching the repository
test	Checkout	2026-03-14T20:18:48.0413079Z [command]/usr/bin/git -c protocol.version=2 fetch --no-tags --prune --no-recurse-submodules --depth=1 origin +9c864782bcdd07b9a5cc2126fc1c5db563471741:refs/remotes/origin/main
test	Checkout	2026-03-14T20:18:48.4364993Z From https://github.com/smartdash-almasana/smartsellerv2
test	Checkout	2026-03-14T20:18:48.4367066Z  * [new ref]         9c864782bcdd07b9a5cc2126fc1c5db563471741 -> origin/main
test	Checkout	2026-03-14T20:18:48.4402820Z ##[endgroup]
test	Checkout	2026-03-14T20:18:48.4404118Z ##[group]Determining the checkout info
test	Checkout	2026-03-14T20:18:48.4405432Z ##[endgroup]
test	Checkout	2026-03-14T20:18:48.4412124Z [command]/usr/bin/git sparse-checkout disable
test	Checkout	2026-03-14T20:18:48.4459236Z [command]/usr/bin/git config --local --unset-all extensions.worktreeConfig
test	Checkout	2026-03-14T20:18:48.4491521Z ##[group]Checking out the ref
test	Checkout	2026-03-14T20:18:48.4494868Z [command]/usr/bin/git checkout --progress --force -B main refs/remotes/origin/main
test	Checkout	2026-03-14T20:18:48.4804948Z Switched to a new branch 'main'
test	Checkout	2026-03-14T20:18:48.4806654Z branch 'main' set up to track 'origin/main'.
test	Checkout	2026-03-14T20:18:48.4816457Z ##[endgroup]
test	Checkout	2026-03-14T20:18:48.4857086Z [command]/usr/bin/git log -1 --format=%H
test	Checkout	2026-03-14T20:18:48.4883230Z 9c864782bcdd07b9a5cc2126fc1c5db563471741
test	Setup Node	﻿2026-03-14T20:18:48.5228853Z ##[group]Run actions/setup-node@v4
test	Setup Node	2026-03-14T20:18:48.5230438Z with:
test	Setup Node	2026-03-14T20:18:48.5231234Z   node-version: 20
test	Setup Node	2026-03-14T20:18:48.5232103Z   cache: npm
test	Setup Node	2026-03-14T20:18:48.5232926Z   always-auth: false
test	Setup Node	2026-03-14T20:18:48.5233842Z   check-latest: false
test	Setup Node	2026-03-14T20:18:48.5235328Z   token: ***
test	Setup Node	2026-03-14T20:18:48.5236158Z ##[endgroup]
test	Setup Node	2026-03-14T20:18:48.7103582Z Found in cache @ /opt/hostedtoolcache/node/20.20.1/x64
test	Setup Node	2026-03-14T20:18:48.7110359Z ##[group]Environment details
test	Setup Node	2026-03-14T20:18:50.9119991Z node: v20.20.1
test	Setup Node	2026-03-14T20:18:50.9120623Z npm: 10.8.2
test	Setup Node	2026-03-14T20:18:50.9120986Z yarn: 1.22.22
test	Setup Node	2026-03-14T20:18:50.9125509Z ##[endgroup]
test	Setup Node	2026-03-14T20:18:50.9149860Z [command]/opt/hostedtoolcache/node/20.20.1/x64/bin/npm config get cache
test	Setup Node	2026-03-14T20:18:51.2072041Z /home/runner/.npm
test	Setup Node	2026-03-14T20:18:51.3389886Z npm cache is not found
test	Install deps	﻿2026-03-14T20:18:51.3555776Z ##[group]Run npm ci
test	Install deps	2026-03-14T20:18:51.3556093Z [36;1mnpm ci[0m
test	Install deps	2026-03-14T20:18:51.3620080Z shell: /usr/bin/bash -e {0}
test	Install deps	2026-03-14T20:18:51.3620381Z ##[endgroup]
test	Install deps	2026-03-14T20:19:00.9976460Z 
test	Install deps	2026-03-14T20:19:00.9983383Z added 144 packages, and audited 145 packages in 10s
test	Install deps	2026-03-14T20:19:00.9983769Z 
test	Install deps	2026-03-14T20:19:00.9983993Z 32 packages are looking for funding
test	Install deps	2026-03-14T20:19:00.9984349Z   run `npm fund` for details
test	Install deps	2026-03-14T20:19:00.9987940Z 
test	Install deps	2026-03-14T20:19:00.9988169Z found 0 vulnerabilities
test	Install Playwright browsers	﻿2026-03-14T20:19:01.0352821Z ##[group]Run npx playwright install --with-deps
test	Install Playwright browsers	2026-03-14T20:19:01.0353320Z [36;1mnpx playwright install --with-deps[0m
test	Install Playwright browsers	2026-03-14T20:19:01.0402667Z shell: /usr/bin/bash -e {0}
test	Install Playwright browsers	2026-03-14T20:19:01.0402947Z ##[endgroup]
test	Install Playwright browsers	2026-03-14T20:19:02.1166835Z Installing dependencies...
test	Install Playwright browsers	2026-03-14T20:19:02.1280739Z Switching to root user to install dependencies...
test	Install Playwright browsers	2026-03-14T20:19:02.2521891Z Get:1 file:/etc/apt/apt-mirrors.txt Mirrorlist [144 B]
test	Install Playwright browsers	2026-03-14T20:19:02.2968471Z Hit:6 https://packages.microsoft.com/repos/azure-cli noble InRelease
test	Install Playwright browsers	2026-03-14T20:19:02.2970308Z Hit:2 http://azure.archive.ubuntu.com/ubuntu noble InRelease
test	Install Playwright browsers	2026-03-14T20:19:02.2987415Z Get:7 https://packages.microsoft.com/ubuntu/24.04/prod noble InRelease [3600 B]
test	Install Playwright browsers	2026-03-14T20:19:02.3000583Z Get:3 http://azure.archive.ubuntu.com/ubuntu noble-updates InRelease [126 kB]
test	Install Playwright browsers	2026-03-14T20:19:02.3046047Z Get:4 http://azure.archive.ubuntu.com/ubuntu noble-backports InRelease [126 kB]
test	Install Playwright browsers	2026-03-14T20:19:02.3084002Z Get:5 http://azure.archive.ubuntu.com/ubuntu noble-security InRelease [126 kB]
test	Install Playwright browsers	2026-03-14T20:19:02.5366314Z Get:8 https://packages.microsoft.com/ubuntu/24.04/prod noble/main amd64 Packages [101 kB]
test	Install Playwright browsers	2026-03-14T20:19:02.5488516Z Get:9 https://packages.microsoft.com/ubuntu/24.04/prod noble/main armhf Packages [11.4 kB]
test	Install Playwright browsers	2026-03-14T20:19:02.5515115Z Get:10 https://packages.microsoft.com/ubuntu/24.04/prod noble/main arm64 Packages [79.5 kB]
test	Install Playwright browsers	2026-03-14T20:19:02.5933912Z Get:11 http://azure.archive.ubuntu.com/ubuntu noble-updates/main amd64 Packages [1835 kB]
test	Install Playwright browsers	2026-03-14T20:19:02.6025643Z Get:12 http://azure.archive.ubuntu.com/ubuntu noble-updates/main Translation-en [336 kB]
test	Install Playwright browsers	2026-03-14T20:19:02.6053156Z Get:13 http://azure.archive.ubuntu.com/ubuntu noble-updates/main amd64 Components [177 kB]
test	Install Playwright browsers	2026-03-14T20:19:02.6069826Z Get:14 http://azure.archive.ubuntu.com/ubuntu noble-updates/main amd64 c-n-f Metadata [16.7 kB]
test	Install Playwright browsers	2026-03-14T20:19:02.6100948Z Get:15 http://azure.archive.ubuntu.com/ubuntu noble-updates/universe amd64 Packages [1566 kB]
test	Install Playwright browsers	2026-03-14T20:19:02.6168604Z Get:16 http://azure.archive.ubuntu.com/ubuntu noble-updates/universe Translation-en [319 kB]
test	Install Playwright browsers	2026-03-14T20:19:02.6201245Z Get:17 http://azure.archive.ubuntu.com/ubuntu noble-updates/universe amd64 Components [386 kB]
test	Install Playwright browsers	2026-03-14T20:19:02.6218658Z Get:18 http://azure.archive.ubuntu.com/ubuntu noble-updates/universe amd64 c-n-f Metadata [33.0 kB]
test	Install Playwright browsers	2026-03-14T20:19:02.6233548Z Get:19 http://azure.archive.ubuntu.com/ubuntu noble-updates/restricted amd64 Packages [2813 kB]
test	Install Playwright browsers	2026-03-14T20:19:02.6372812Z Get:20 http://azure.archive.ubuntu.com/ubuntu noble-updates/restricted Translation-en [650 kB]
test	Install Playwright browsers	2026-03-14T20:19:02.6833007Z Get:21 http://azure.archive.ubuntu.com/ubuntu noble-updates/restricted amd64 Components [212 B]
test	Install Playwright browsers	2026-03-14T20:19:02.6845124Z Get:22 http://azure.archive.ubuntu.com/ubuntu noble-updates/restricted amd64 c-n-f Metadata [556 B]
test	Install Playwright browsers	2026-03-14T20:19:02.6850241Z Get:23 http://azure.archive.ubuntu.com/ubuntu noble-updates/multiverse amd64 Components [940 B]
test	Install Playwright browsers	2026-03-14T20:19:02.6864821Z Get:24 http://azure.archive.ubuntu.com/ubuntu noble-backports/main amd64 Packages [65.0 kB]
test	Install Playwright browsers	2026-03-14T20:19:02.6875601Z Get:25 http://azure.archive.ubuntu.com/ubuntu noble-backports/main amd64 Components [7368 B]
test	Install Playwright browsers	2026-03-14T20:19:02.6885211Z Get:26 http://azure.archive.ubuntu.com/ubuntu noble-backports/main amd64 c-n-f Metadata [368 B]
test	Install Playwright browsers	2026-03-14T20:19:02.6891613Z Get:27 http://azure.archive.ubuntu.com/ubuntu noble-backports/universe amd64 Packages [34.2 kB]
test	Install Playwright browsers	2026-03-14T20:19:02.6906499Z Get:28 http://azure.archive.ubuntu.com/ubuntu noble-backports/universe Translation-en [18.3 kB]
test	Install Playwright browsers	2026-03-14T20:19:02.6917135Z Get:29 http://azure.archive.ubuntu.com/ubuntu noble-backports/universe amd64 Components [13.1 kB]
test	Install Playwright browsers	2026-03-14T20:19:02.6926752Z Get:30 http://azure.archive.ubuntu.com/ubuntu noble-backports/universe amd64 c-n-f Metadata [1480 B]
test	Install Playwright browsers	2026-03-14T20:19:02.6935367Z Get:31 http://azure.archive.ubuntu.com/ubuntu noble-backports/restricted amd64 Components [216 B]
test	Install Playwright browsers	2026-03-14T20:19:02.6944267Z Get:32 http://azure.archive.ubuntu.com/ubuntu noble-backports/multiverse amd64 Packages [780 B]
test	Install Playwright browsers	2026-03-14T20:19:02.6952852Z Get:33 http://azure.archive.ubuntu.com/ubuntu noble-backports/multiverse Translation-en [372 B]
test	Install Playwright browsers	2026-03-14T20:19:02.6961778Z Get:34 http://azure.archive.ubuntu.com/ubuntu noble-backports/multiverse amd64 Components [212 B]
test	Install Playwright browsers	2026-03-14T20:19:02.7676507Z Get:35 http://azure.archive.ubuntu.com/ubuntu noble-security/main amd64 Packages [1538 kB]
test	Install Playwright browsers	2026-03-14T20:19:02.7763800Z Get:36 http://azure.archive.ubuntu.com/ubuntu noble-security/main Translation-en [246 kB]
test	Install Playwright browsers	2026-03-14T20:19:02.7783773Z Get:37 http://azure.archive.ubuntu.com/ubuntu noble-security/main amd64 Components [21.5 kB]
test	Install Playwright browsers	2026-03-14T20:19:02.7796048Z Get:38 http://azure.archive.ubuntu.com/ubuntu noble-security/main amd64 c-n-f Metadata [10.5 kB]
test	Install Playwright browsers	2026-03-14T20:19:02.7805078Z Get:39 http://azure.archive.ubuntu.com/ubuntu noble-security/universe amd64 Packages [976 kB]
test	Install Playwright browsers	2026-03-14T20:19:02.7861663Z Get:40 http://azure.archive.ubuntu.com/ubuntu noble-security/universe Translation-en [219 kB]
test	Install Playwright browsers	2026-03-14T20:19:02.7914617Z Get:41 http://azure.archive.ubuntu.com/ubuntu noble-security/universe amd64 Components [74.2 kB]
test	Install Playwright browsers	2026-03-14T20:19:02.7922563Z Get:42 http://azure.archive.ubuntu.com/ubuntu noble-security/universe amd64 c-n-f Metadata [20.8 kB]
test	Install Playwright browsers	2026-03-14T20:19:02.7939878Z Get:43 http://azure.archive.ubuntu.com/ubuntu noble-security/restricted amd64 Packages [2677 kB]
test	Install Playwright browsers	2026-03-14T20:19:02.8065721Z Get:44 http://azure.archive.ubuntu.com/ubuntu noble-security/restricted Translation-en [622 kB]
test	Install Playwright browsers	2026-03-14T20:19:02.8099837Z Get:45 http://azure.archive.ubuntu.com/ubuntu noble-security/restricted amd64 Components [212 B]
test	Install Playwright browsers	2026-03-14T20:19:02.8107678Z Get:46 http://azure.archive.ubuntu.com/ubuntu noble-security/restricted amd64 c-n-f Metadata [544 B]
test	Install Playwright browsers	2026-03-14T20:19:02.8116669Z Get:47 http://azure.archive.ubuntu.com/ubuntu noble-security/multiverse amd64 Components [208 B]
test	Install Playwright browsers	2026-03-14T20:19:09.6217716Z Fetched 15.3 MB in 2s (8137 kB/s)
test	Install Playwright browsers	2026-03-14T20:19:10.5166341Z Reading package lists...
test	Install Playwright browsers	2026-03-14T20:19:10.5450006Z Reading package lists...
test	Install Playwright browsers	2026-03-14T20:19:10.7527249Z Building dependency tree...
test	Install Playwright browsers	2026-03-14T20:19:10.7536041Z Reading state information...
test	Install Playwright browsers	2026-03-14T20:19:10.7837743Z libasound2t64 is already the newest version (1.2.11-1ubuntu0.2).
test	Install Playwright browsers	2026-03-14T20:19:10.7838611Z libasound2t64 set to manually installed.
test	Install Playwright browsers	2026-03-14T20:19:10.7839653Z libatk-bridge2.0-0t64 is already the newest version (2.52.0-1build1).
test	Install Playwright browsers	2026-03-14T20:19:10.7840374Z libatk-bridge2.0-0t64 set to manually installed.
test	Install Playwright browsers	2026-03-14T20:19:10.7841039Z libatk1.0-0t64 is already the newest version (2.52.0-1build1).
test	Install Playwright browsers	2026-03-14T20:19:10.7841724Z libatk1.0-0t64 set to manually installed.
test	Install Playwright browsers	2026-03-14T20:19:10.7842371Z libatspi2.0-0t64 is already the newest version (2.52.0-1build1).
test	Install Playwright browsers	2026-03-14T20:19:10.7842993Z libatspi2.0-0t64 set to manually installed.
test	Install Playwright browsers	2026-03-14T20:19:10.7843588Z libcairo2 is already the newest version (1.18.0-3build1).
test	Install Playwright browsers	2026-03-14T20:19:10.7844714Z libcairo2 set to manually installed.
test	Install Playwright browsers	2026-03-14T20:19:10.7845355Z libcups2t64 is already the newest version (2.4.7-1.2ubuntu7.9).
test	Install Playwright browsers	2026-03-14T20:19:10.7845958Z libcups2t64 set to manually installed.
test	Install Playwright browsers	2026-03-14T20:19:10.7846577Z libdbus-1-3 is already the newest version (1.14.10-4ubuntu4.1).
test	Install Playwright browsers	2026-03-14T20:19:10.7847162Z libdbus-1-3 set to manually installed.
test	Install Playwright browsers	2026-03-14T20:19:10.7847794Z libdrm2 is already the newest version (2.4.125-1ubuntu0.1~24.04.1).
test	Install Playwright browsers	2026-03-14T20:19:10.7848397Z libdrm2 set to manually installed.
test	Install Playwright browsers	2026-03-14T20:19:10.7849337Z libgbm1 is already the newest version (25.2.8-0ubuntu0.24.04.1).
test	Install Playwright browsers	2026-03-14T20:19:10.7850020Z libgbm1 set to manually installed.
test	Install Playwright browsers	2026-03-14T20:19:10.7850613Z libnspr4 is already the newest version (2:4.35-1.1build1).
test	Install Playwright browsers	2026-03-14T20:19:10.7851172Z libnspr4 set to manually installed.
test	Install Playwright browsers	2026-03-14T20:19:10.7851751Z libnss3 is already the newest version (2:3.98-1ubuntu0.1).
test	Install Playwright browsers	2026-03-14T20:19:10.7852294Z libnss3 set to manually installed.
test	Install Playwright browsers	2026-03-14T20:19:10.7852922Z libpango-1.0-0 is already the newest version (1.52.1+ds-1build1).
test	Install Playwright browsers	2026-03-14T20:19:10.7853832Z libpango-1.0-0 set to manually installed.
test	Install Playwright browsers	2026-03-14T20:19:10.7854417Z libx11-6 is already the newest version (2:1.8.7-1build1).
test	Install Playwright browsers	2026-03-14T20:19:10.7854959Z libx11-6 set to manually installed.
test	Install Playwright browsers	2026-03-14T20:19:10.7855492Z libxcb1 is already the newest version (1.15-1ubuntu2).
test	Install Playwright browsers	2026-03-14T20:19:10.7856020Z libxcb1 set to manually installed.
test	Install Playwright browsers	2026-03-14T20:19:10.7856629Z libxcomposite1 is already the newest version (1:0.4.5-1build3).
test	Install Playwright browsers	2026-03-14T20:19:10.7857236Z libxcomposite1 set to manually installed.
test	Install Playwright browsers	2026-03-14T20:19:10.7857857Z libxdamage1 is already the newest version (1:1.1.6-1build1).
test	Install Playwright browsers	2026-03-14T20:19:10.7858490Z libxdamage1 set to manually installed.
test	Install Playwright browsers	2026-03-14T20:19:10.7859300Z libxext6 is already the newest version (2:1.3.4-1build2).
test	Install Playwright browsers	2026-03-14T20:19:10.7859864Z libxext6 set to manually installed.
test	Install Playwright browsers	2026-03-14T20:19:10.7860455Z libxfixes3 is already the newest version (1:6.0.0-2build1).
test	Install Playwright browsers	2026-03-14T20:19:10.7861039Z libxfixes3 set to manually installed.
test	Install Playwright browsers	2026-03-14T20:19:10.7861646Z libxkbcommon0 is already the newest version (1.6.0-1build1).
test	Install Playwright browsers	2026-03-14T20:19:10.7862248Z libxkbcommon0 set to manually installed.
test	Install Playwright browsers	2026-03-14T20:19:10.7862858Z libxrandr2 is already the newest version (2:1.5.2-2build1).
test	Install Playwright browsers	2026-03-14T20:19:10.7863431Z libxrandr2 set to manually installed.
test	Install Playwright browsers	2026-03-14T20:19:10.7864061Z libcairo-gobject2 is already the newest version (1.18.0-3build1).
test	Install Playwright browsers	2026-03-14T20:19:10.7864715Z libcairo-gobject2 set to manually installed.
test	Install Playwright browsers	2026-03-14T20:19:10.7865379Z libfontconfig1 is already the newest version (2.15.0-1.1ubuntu2).
test	Install Playwright browsers	2026-03-14T20:19:10.7866001Z libfontconfig1 set to manually installed.
test	Install Playwright browsers	2026-03-14T20:19:10.7866719Z libgdk-pixbuf-2.0-0 is already the newest version (2.42.10+dfsg-3ubuntu3.2).
test	Install Playwright browsers	2026-03-14T20:19:10.7867432Z libgdk-pixbuf-2.0-0 set to manually installed.
test	Install Playwright browsers	2026-03-14T20:19:10.7868098Z libgtk-3-0t64 is already the newest version (3.24.41-4ubuntu1.3).
test	Install Playwright browsers	2026-03-14T20:19:10.7868718Z libgtk-3-0t64 set to manually installed.
test	Install Playwright browsers	2026-03-14T20:19:10.7869555Z libpangocairo-1.0-0 is already the newest version (1.52.1+ds-1build1).
test	Install Playwright browsers	2026-03-14T20:19:10.7870251Z libpangocairo-1.0-0 set to manually installed.
test	Install Playwright browsers	2026-03-14T20:19:10.7870885Z libx11-xcb1 is already the newest version (2:1.8.7-1build1).
test	Install Playwright browsers	2026-03-14T20:19:10.7871456Z libx11-xcb1 set to manually installed.
test	Install Playwright browsers	2026-03-14T20:19:10.7872046Z libxcb-shm0 is already the newest version (1.15-1ubuntu2).
test	Install Playwright browsers	2026-03-14T20:19:10.7872638Z libxcb-shm0 set to manually installed.
test	Install Playwright browsers	2026-03-14T20:19:10.7873255Z libxcursor1 is already the newest version (1:1.2.1-1build1).
test	Install Playwright browsers	2026-03-14T20:19:10.7873842Z libxcursor1 set to manually installed.
test	Install Playwright browsers	2026-03-14T20:19:10.7874403Z libxi6 is already the newest version (2:1.8.1-1build1).
test	Install Playwright browsers	2026-03-14T20:19:10.7874938Z libxi6 set to manually installed.
test	Install Playwright browsers	2026-03-14T20:19:10.7875543Z libxrender1 is already the newest version (1:0.9.10-1.1build1).
test	Install Playwright browsers	2026-03-14T20:19:10.7876139Z libxrender1 set to manually installed.
test	Install Playwright browsers	2026-03-14T20:19:10.7876994Z libicu74 is already the newest version (74.2-1ubuntu3.1).
test	Install Playwright browsers	2026-03-14T20:19:10.7877712Z libatomic1 is already the newest version (14.2.0-4ubuntu2~24.04.1).
test	Install Playwright browsers	2026-03-14T20:19:10.7878330Z libatomic1 set to manually installed.
test	Install Playwright browsers	2026-03-14T20:19:10.7879279Z libenchant-2-2 is already the newest version (2.3.3-2build2).
test	Install Playwright browsers	2026-03-14T20:19:10.7879951Z libenchant-2-2 set to manually installed.
test	Install Playwright browsers	2026-03-14T20:19:10.7880553Z libepoxy0 is already the newest version (1.5.10-1build1).
test	Install Playwright browsers	2026-03-14T20:19:10.7881119Z libepoxy0 set to manually installed.
test	Install Playwright browsers	2026-03-14T20:19:10.7881767Z libgstreamer1.0-0 is already the newest version (1.24.2-1ubuntu0.1).
test	Install Playwright browsers	2026-03-14T20:19:10.7882433Z libgstreamer1.0-0 set to manually installed.
test	Install Playwright browsers	2026-03-14T20:19:10.7883067Z libharfbuzz0b is already the newest version (8.3.0-2build2).
test	Install Playwright browsers	2026-03-14T20:19:10.7883659Z libharfbuzz0b set to manually installed.
test	Install Playwright browsers	2026-03-14T20:19:10.7884288Z libjpeg-turbo8 is already the newest version (2.1.5-2ubuntu2).
test	Install Playwright browsers	2026-03-14T20:19:10.7884901Z libjpeg-turbo8 set to manually installed.
test	Install Playwright browsers	2026-03-14T20:19:10.7885498Z liblcms2-2 is already the newest version (2.14-2build1).
test	Install Playwright browsers	2026-03-14T20:19:10.7886250Z liblcms2-2 set to manually installed.
test	Install Playwright browsers	2026-03-14T20:19:10.7886905Z libwayland-client0 is already the newest version (1.22.0-2.1build1).
test	Install Playwright browsers	2026-03-14T20:19:10.7887586Z libwayland-client0 set to manually installed.
test	Install Playwright browsers	2026-03-14T20:19:10.7888260Z libwayland-egl1 is already the newest version (1.22.0-2.1build1).
test	Install Playwright browsers	2026-03-14T20:19:10.7889171Z libwayland-egl1 set to manually installed.
test	Install Playwright browsers	2026-03-14T20:19:11.0040301Z libwebp7 is already the newest version (1.3.2-0.4build3).
test	Install Playwright browsers	2026-03-14T20:19:11.0041039Z libwebp7 set to manually installed.
test	Install Playwright browsers	2026-03-14T20:19:11.0041729Z libwebpdemux2 is already the newest version (1.3.2-0.4build3).
test	Install Playwright browsers	2026-03-14T20:19:11.0042448Z libwebpdemux2 set to manually installed.
test	Install Playwright browsers	2026-03-14T20:19:11.0043159Z libxml2 is already the newest version (2.9.14+dfsg-1.3ubuntu3.7).
test	Install Playwright browsers	2026-03-14T20:19:11.0043800Z libxml2 set to manually installed.
test	Install Playwright browsers	2026-03-14T20:19:11.0044521Z libxslt1.1 is already the newest version (1.1.39-0exp1ubuntu0.24.04.3).
test	Install Playwright browsers	2026-03-14T20:19:11.0045399Z libxslt1.1 set to manually installed.
test	Install Playwright browsers	2026-03-14T20:19:11.0046247Z xvfb is already the newest version (2:21.1.12-1ubuntu1.5).
test	Install Playwright browsers	2026-03-14T20:19:11.0047280Z fonts-noto-color-emoji is already the newest version (2.047-0ubuntu0.24.04.1).
test	Install Playwright browsers	2026-03-14T20:19:11.0048161Z fonts-liberation is already the newest version (1:2.1.5-3).
test	Install Playwright browsers	2026-03-14T20:19:11.0048827Z fonts-liberation set to manually installed.
test	Install Playwright browsers	2026-03-14T20:19:11.0049664Z The following additional packages will be installed:
test	Install Playwright browsers	2026-03-14T20:19:11.0050414Z   gir1.2-glib-2.0 glib-networking glib-networking-common
test	Install Playwright browsers	2026-03-14T20:19:11.0051282Z   glib-networking-services gsettings-desktop-schemas libaa1 libabsl20220623t64
test	Install Playwright browsers	2026-03-14T20:19:11.0052187Z   libass9 libasyncns0 libavc1394-0 libavcodec60 libavfilter9 libavformat60
test	Install Playwright browsers	2026-03-14T20:19:11.0052956Z   libavtp0 libavutil58 libblas3 libbluray2 libbs2b0 libcaca0
test	Install Playwright browsers	2026-03-14T20:19:11.0053736Z   libcairo-script-interpreter2 libcdparanoia0 libchromaprint1 libcjson1
test	Install Playwright browsers	2026-03-14T20:19:11.0054519Z   libcodec2-1.2 libdav1d7 libdc1394-25 libdca0 libdecor-0-0
test	Install Playwright browsers	2026-03-14T20:19:11.0055267Z   libdirectfb-1.7-7t64 libdv4t64 libdvdnav4 libdvdread8t64 libegl-mesa0
test	Install Playwright browsers	2026-03-14T20:19:11.0056056Z   libegl1 libfaad2 libflac12t64 libfluidsynth3 libfreeaptx0 libgav1-1
test	Install Playwright browsers	2026-03-14T20:19:11.0056821Z   libglib2.0-bin libglib2.0-data libgme0 libgraphene-1.0-0 libgsm1
test	Install Playwright browsers	2026-03-14T20:19:11.0057651Z   libgssdp-1.6-0 libgstreamer-plugins-good1.0-0 libgtk-4-common libgupnp-1.6-0
test	Install Playwright browsers	2026-03-14T20:19:11.0058452Z   libgupnp-igd-1.6-0 libhwy1t64 libiec61883-0 libimath-3-1-29t64
test	Install Playwright browsers	2026-03-14T20:19:11.0059368Z   libinstpatch-1.0-2 libjack-jackd2-0 libjxl0.7 liblapack3 liblc3-1
test	Install Playwright browsers	2026-03-14T20:19:11.0060181Z   libldacbt-enc2 liblilv-0-0 liblrdf0 libltc11 libmbedcrypto7t64 libmfx1
test	Install Playwright browsers	2026-03-14T20:19:11.0060924Z   libmjpegutils-2.1-0t64 libmodplug1 libmp3lame0 libmpcdec6
test	Install Playwright browsers	2026-03-14T20:19:11.0061630Z   libmpeg2encpp-2.1-0t64 libmpg123-0t64 libmplex2-2.1-0t64 libmysofa1
test	Install Playwright browsers	2026-03-14T20:19:11.0062914Z   libneon27t64 libnice10 libopenal-data libopenal1 libopenexr-3-1-30
test	Install Playwright browsers	2026-03-14T20:19:11.0063720Z   libopenh264-7 libopenmpt0t64 libopenni2-0 liborc-0.4-0t64
test	Install Playwright browsers	2026-03-14T20:19:11.0064552Z   libpipewire-0.3-0t64 libplacebo338 libpocketsphinx3 libpostproc57
test	Install Playwright browsers	2026-03-14T20:19:11.0065366Z   libproxy1v5 libpulse0 libqrencode4 libraptor2-0 librav1e0 libraw1394-11
test	Install Playwright browsers	2026-03-14T20:19:11.0066211Z   librist4 librsvg2-2 librubberband2 libsamplerate0 libsbc1 libsdl2-2.0-0
test	Install Playwright browsers	2026-03-14T20:19:11.0067223Z   libsecret-common libserd-0-0 libshine3 libshout3 libsndfile1 libsndio7.0
test	Install Playwright browsers	2026-03-14T20:19:11.0068018Z   libsord-0-0 libsoundtouch1 libsoup-3.0-0 libsoup-3.0-common libsoxr0
test	Install Playwright browsers	2026-03-14T20:19:11.0068832Z   libspa-0.2-modules libspandsp2t64 libspeex1 libsphinxbase3t64 libsratom-0-0
test	Install Playwright browsers	2026-03-14T20:19:11.0069810Z   libsrt1.5-gnutls libsrtp2-1 libssh-4 libssh-gcrypt-4 libsvtav1enc1d1
test	Install Playwright browsers	2026-03-14T20:19:11.0070560Z   libswresample4 libswscale7 libtag1v5 libtag1v5-vanilla libtheora0
test	Install Playwright browsers	2026-03-14T20:19:11.0071311Z   libtwolame0 libudfread0 libunibreak5 libv4l-0t64 libv4lconvert0t64
test	Install Playwright browsers	2026-03-14T20:19:11.0072135Z   libva-drm2 libva-x11-2 libva2 libvdpau1 libvidstab1.1 libvisual-0.4-0
test	Install Playwright browsers	2026-03-14T20:19:11.0073131Z   libvo-aacenc0 libvo-amrwbenc0 libvorbisenc2 libvpl2 libwavpack1
test	Install Playwright browsers	2026-03-14T20:19:11.0073616Z   libwebrtc-audio-processing1 libwildmidi2 libx265-199 libxcb-xkb1
test	Install Playwright browsers	2026-03-14T20:19:11.0074116Z   libxkbcommon-x11-0 libxvidcore4 libyuv0 libzbar0t64 libzimg2 libzix-0-0
test	Install Playwright browsers	2026-03-14T20:19:11.0074674Z   libzvbi-common libzvbi0t64 libzxing3 ocl-icd-libopencl1 session-migration
test	Install Playwright browsers	2026-03-14T20:19:11.0075276Z   timgm6mb-soundfont xfonts-encodings xfonts-utils
test	Install Playwright browsers	2026-03-14T20:19:11.0075736Z Suggested packages:
test	Install Playwright browsers	2026-03-14T20:19:11.0076095Z   frei0r-plugins gvfs libcuda1 libnvcuvid1 libnvidia-encode1 libbluray-bdj
test	Install Playwright browsers	2026-03-14T20:19:11.0076624Z   libdirectfb-extra libdv-bin oss-compat libdvdcss2 low-memory-monitor
test	Install Playwright browsers	2026-03-14T20:19:11.0077146Z   libvisual-0.4-plugins jackd2 liblrdf0-dev libportaudio2 opus-tools pipewire
test	Install Playwright browsers	2026-03-14T20:19:11.0077822Z   pulseaudio raptor2-utils libraw1394-doc librsvg2-bin serdi sndiod sordi
test	Install Playwright browsers	2026-03-14T20:19:11.0078335Z   speex libwildmidi-config opencl-icd fluid-soundfont-gm
test	Install Playwright browsers	2026-03-14T20:19:11.0078674Z Recommended packages:
test	Install Playwright browsers	2026-03-14T20:19:11.0079272Z   fonts-ipafont-mincho fonts-tlwg-loma gstreamer1.0-x libaacs0
test	Install Playwright browsers	2026-03-14T20:19:11.0080066Z   default-libdecor-0-plugin-1 | libdecor-0-plugin-1 gstreamer1.0-gl
test	Install Playwright browsers	2026-03-14T20:19:11.0080992Z   libgtk-4-bin librsvg2-common libgtk-4-media-gstreamer libpipewire-0.3-common
test	Install Playwright browsers	2026-03-14T20:19:11.0082009Z   pocketsphinx-en-us va-driver-all | va-driver vdpau-driver-all | vdpau-driver
test	Install Playwright browsers	2026-03-14T20:19:11.0082663Z   libmagickcore-6.q16-7-extra
test	Install Playwright browsers	2026-03-14T20:19:11.1330020Z The following NEW packages will be installed:
test	Install Playwright browsers	2026-03-14T20:19:11.1330978Z   fonts-freefont-ttf fonts-ipafont-gothic fonts-tlwg-loma-otf fonts-unifont
test	Install Playwright browsers	2026-03-14T20:19:11.1331894Z   fonts-wqy-zenhei glib-networking glib-networking-common
test	Install Playwright browsers	2026-03-14T20:19:11.1332807Z   glib-networking-services gsettings-desktop-schemas gstreamer1.0-libav
test	Install Playwright browsers	2026-03-14T20:19:11.1333889Z   gstreamer1.0-plugins-bad gstreamer1.0-plugins-base gstreamer1.0-plugins-good
test	Install Playwright browsers	2026-03-14T20:19:11.1334952Z   libaa1 libabsl20220623t64 libass9 libasyncns0 libavc1394-0 libavcodec60
test	Install Playwright browsers	2026-03-14T20:19:11.1335901Z   libavfilter9 libavformat60 libavif16 libavtp0 libavutil58 libblas3
test	Install Playwright browsers	2026-03-14T20:19:11.1336855Z   libbluray2 libbs2b0 libcaca0 libcairo-script-interpreter2 libcdparanoia0
test	Install Playwright browsers	2026-03-14T20:19:11.1337836Z   libchromaprint1 libcjson1 libcodec2-1.2 libdav1d7 libdc1394-25 libdca0
test	Install Playwright browsers	2026-03-14T20:19:11.1338868Z   libdecor-0-0 libdirectfb-1.7-7t64 libdv4t64 libdvdnav4 libdvdread8t64
test	Install Playwright browsers	2026-03-14T20:19:11.1340003Z   libegl-mesa0 libegl1 libevent-2.1-7t64 libfaad2 libflac12t64 libflite1
test	Install Playwright browsers	2026-03-14T20:19:11.1341011Z   libfluidsynth3 libfreeaptx0 libgav1-1 libgles2 libgme0 libgraphene-1.0-0
test	Install Playwright browsers	2026-03-14T20:19:11.1342061Z   libgsm1 libgssdp-1.6-0 libgstreamer-gl1.0-0 libgstreamer-plugins-bad1.0-0
test	Install Playwright browsers	2026-03-14T20:19:11.1343099Z   libgstreamer-plugins-base1.0-0 libgstreamer-plugins-good1.0-0 libgtk-4-1
test	Install Playwright browsers	2026-03-14T20:19:11.1344466Z   libgtk-4-common libgupnp-1.6-0 libgupnp-igd-1.6-0 libharfbuzz-icu0
test	Install Playwright browsers	2026-03-14T20:19:11.1345340Z   libhwy1t64 libhyphen0 libiec61883-0 libimath-3-1-29t64 libinstpatch-1.0-2
test	Install Playwright browsers	2026-03-14T20:19:11.1346262Z   libjack-jackd2-0 libjxl0.7 liblapack3 liblc3-1 libldacbt-enc2 liblilv-0-0
test	Install Playwright browsers	2026-03-14T20:19:11.1347118Z   liblrdf0 libltc11 libmanette-0.2-0 libmbedcrypto7t64 libmfx1
test	Install Playwright browsers	2026-03-14T20:19:11.1347923Z   libmjpegutils-2.1-0t64 libmodplug1 libmp3lame0 libmpcdec6
test	Install Playwright browsers	2026-03-14T20:19:11.1348700Z   libmpeg2encpp-2.1-0t64 libmpg123-0t64 libmplex2-2.1-0t64 libmysofa1
test	Install Playwright browsers	2026-03-14T20:19:11.1349758Z   libneon27t64 libnice10 libopenal-data libopenal1 libopenexr-3-1-30
test	Install Playwright browsers	2026-03-14T20:19:11.1350634Z   libopenh264-7 libopenmpt0t64 libopenni2-0 libopus0 liborc-0.4-0t64
test	Install Playwright browsers	2026-03-14T20:19:11.1351489Z   libpipewire-0.3-0t64 libplacebo338 libpocketsphinx3 libpostproc57
test	Install Playwright browsers	2026-03-14T20:19:11.1352447Z   libproxy1v5 libpulse0 libqrencode4 libraptor2-0 librav1e0 libraw1394-11
test	Install Playwright browsers	2026-03-14T20:19:11.1353417Z   librist4 librsvg2-2 librubberband2 libsamplerate0 libsbc1 libsdl2-2.0-0
test	Install Playwright browsers	2026-03-14T20:19:11.1354714Z   libsecret-1-0 libsecret-common libserd-0-0 libshine3 libshout3 libsndfile1
test	Install Playwright browsers	2026-03-14T20:19:11.1355693Z   libsndio7.0 libsord-0-0 libsoundtouch1 libsoup-3.0-0 libsoup-3.0-common
test	Install Playwright browsers	2026-03-14T20:19:11.1356852Z   libsoxr0 libspa-0.2-modules libspandsp2t64 libspeex1 libsphinxbase3t64
test	Install Playwright browsers	2026-03-14T20:19:11.1357761Z   libsratom-0-0 libsrt1.5-gnutls libsrtp2-1 libssh-gcrypt-4 libsvtav1enc1d1
test	Install Playwright browsers	2026-03-14T20:19:11.1358643Z   libswresample4 libswscale7 libtag1v5 libtag1v5-vanilla libtheora0
test	Install Playwright browsers	2026-03-14T20:19:11.1359734Z   libtwolame0 libudfread0 libunibreak5 libv4l-0t64 libv4lconvert0t64
test	Install Playwright browsers	2026-03-14T20:19:11.1360672Z   libva-drm2 libva-x11-2 libva2 libvdpau1 libvidstab1.1 libvisual-0.4-0
test	Install Playwright browsers	2026-03-14T20:19:11.1361616Z   libvo-aacenc0 libvo-amrwbenc0 libvorbisenc2 libvpl2 libvpx9 libwavpack1
test	Install Playwright browsers	2026-03-14T20:19:11.1362579Z   libwayland-server0 libwebrtc-audio-processing1 libwildmidi2 libwoff1
test	Install Playwright browsers	2026-03-14T20:19:11.1363697Z   libx264-164 libx265-199 libxcb-xkb1 libxkbcommon-x11-0 libxvidcore4 libyuv0
test	Install Playwright browsers	2026-03-14T20:19:11.1364857Z   libzbar0t64 libzimg2 libzix-0-0 libzvbi-common libzvbi0t64 libzxing3
test	Install Playwright browsers	2026-03-14T20:19:11.1365896Z   ocl-icd-libopencl1 session-migration timgm6mb-soundfont xfonts-cyrillic
test	Install Playwright browsers	2026-03-14T20:19:11.1366785Z   xfonts-encodings xfonts-scalable xfonts-utils
test	Install Playwright browsers	2026-03-14T20:19:11.1367429Z The following packages will be upgraded:
test	Install Playwright browsers	2026-03-14T20:19:11.1368180Z   gir1.2-glib-2.0 libfreetype6 libglib2.0-0t64 libglib2.0-bin libglib2.0-data
test	Install Playwright browsers	2026-03-14T20:19:11.1368845Z   libpng16-16t64 libssh-4
test	Install Playwright browsers	2026-03-14T20:19:11.1606157Z 7 upgraded, 180 newly installed, 0 to remove and 83 not upgraded.
test	Install Playwright browsers	2026-03-14T20:19:11.1606978Z Need to get 117 MB of archives.
test	Install Playwright browsers	2026-03-14T20:19:11.1607692Z After this operation, 363 MB of additional disk space will be used.
test	Install Playwright browsers	2026-03-14T20:19:11.1608527Z Get:1 file:/etc/apt/apt-mirrors.txt Mirrorlist [144 B]
test	Install Playwright browsers	2026-03-14T20:19:11.2054437Z Get:2 http://azure.archive.ubuntu.com/ubuntu noble/universe amd64 fonts-ipafont-gothic all 00303-21ubuntu1 [3513 kB]
test	Install Playwright browsers	2026-03-14T20:19:11.2667786Z Get:3 http://azure.archive.ubuntu.com/ubuntu noble-updates/main amd64 libglib2.0-data all 2.80.0-6ubuntu3.8 [49.6 kB]
test	Install Playwright browsers	2026-03-14T20:19:11.2929227Z Get:4 http://azure.archive.ubuntu.com/ubuntu noble-updates/main amd64 libglib2.0-bin amd64 2.80.0-6ubuntu3.8 [97.9 kB]
test	Install Playwright browsers	2026-03-14T20:19:11.3203573Z Get:5 http://azure.archive.ubuntu.com/ubuntu noble-updates/main amd64 gir1.2-glib-2.0 amd64 2.80.0-6ubuntu3.8 [183 kB]
test	Install Playwright browsers	2026-03-14T20:19:11.3495496Z Get:6 http://azure.archive.ubuntu.com/ubuntu noble-updates/main amd64 libglib2.0-0t64 amd64 2.80.0-6ubuntu3.8 [1545 kB]
test	Install Playwright browsers	2026-03-14T20:19:11.3951831Z Get:7 http://azure.archive.ubuntu.com/ubuntu noble-updates/main amd64 libpng16-16t64 amd64 1.6.43-5ubuntu0.5 [188 kB]
test	Install Playwright browsers	2026-03-14T20:19:11.4226486Z Get:8 http://azure.archive.ubuntu.com/ubuntu noble/main amd64 fonts-freefont-ttf all 20211204+svn4273-2 [5641 kB]
test	Install Playwright browsers	2026-03-14T20:19:11.5143842Z Get:9 http://azure.archive.ubuntu.com/ubuntu noble/universe amd64 fonts-tlwg-loma-otf all 1:0.7.3-1 [107 kB]
test	Install Playwright browsers	2026-03-14T20:19:11.5420890Z Get:10 http://azure.archive.ubuntu.com/ubuntu noble/universe amd64 fonts-unifont all 1:15.1.01-1build1 [2993 kB]
test	Install Playwright browsers	2026-03-14T20:19:11.6054474Z Get:11 http://azure.archive.ubuntu.com/ubuntu noble/universe amd64 fonts-wqy-zenhei all 0.9.45-8 [7472 kB]
test	Install Playwright browsers	2026-03-14T20:19:11.7180887Z Get:12 http://azure.archive.ubuntu.com/ubuntu noble/main amd64 libproxy1v5 amd64 0.5.4-4build1 [26.5 kB]
test	Install Playwright browsers	2026-03-14T20:19:11.7400135Z Get:13 http://azure.archive.ubuntu.com/ubuntu noble/main amd64 glib-networking-common all 2.80.0-1build1 [6702 B]
test	Install Playwright browsers	2026-03-14T20:19:11.7618677Z Get:14 http://azure.archive.ubuntu.com/ubuntu noble/main amd64 glib-networking-services amd64 2.80.0-1build1 [12.8 kB]
test	Install Playwright browsers	2026-03-14T20:19:11.7836747Z Get:15 http://azure.archive.ubuntu.com/ubuntu noble/main amd64 session-migration amd64 0.3.9build1 [9034 B]
test	Install Playwright browsers	2026-03-14T20:19:11.8056625Z Get:16 http://azure.archive.ubuntu.com/ubuntu noble-updates/main amd64 gsettings-desktop-schemas all 46.1-0ubuntu1 [35.6 kB]
test	Install Playwright browsers	2026-03-14T20:19:11.8274430Z Get:17 http://azure.archive.ubuntu.com/ubuntu noble/main amd64 glib-networking amd64 2.80.0-1build1 [64.1 kB]
test	Install Playwright browsers	2026-03-14T20:19:11.8500355Z Get:18 http://azure.archive.ubuntu.com/ubuntu noble-updates/universe amd64 libva2 amd64 2.20.0-2ubuntu0.1 [66.3 kB]
test	Install Playwright browsers	2026-03-14T20:19:11.8724418Z Get:19 http://azure.archive.ubuntu.com/ubuntu noble-updates/universe amd64 libva-drm2 amd64 2.20.0-2ubuntu0.1 [7132 B]
test	Install Playwright browsers	2026-03-14T20:19:11.9357932Z Get:20 http://azure.archive.ubuntu.com/ubuntu noble-updates/universe amd64 libva-x11-2 amd64 2.20.0-2ubuntu0.1 [12.0 kB]
test	Install Playwright browsers	2026-03-14T20:19:11.9584814Z Get:21 http://azure.archive.ubuntu.com/ubuntu noble/main amd64 libvdpau1 amd64 1.5-2build1 [27.8 kB]
test	Install Playwright browsers	2026-03-14T20:19:11.9803857Z Get:22 http://azure.archive.ubuntu.com/ubuntu noble/universe amd64 libvpl2 amd64 2023.3.0-1build1 [99.8 kB]
test	Install Playwright browsers	2026-03-14T20:19:12.0135592Z Get:23 http://azure.archive.ubuntu.com/ubuntu noble/universe amd64 ocl-icd-libopencl1 amd64 2.3.2-1build1 [38.5 kB]
test	Install Playwright browsers	2026-03-14T20:19:12.0359886Z Get:24 http://azure.archive.ubuntu.com/ubuntu noble/universe amd64 libavutil58 amd64 7:6.1.1-3ubuntu5 [401 kB]
test	Install Playwright browsers	2026-03-14T20:19:12.0609442Z Get:25 http://azure.archive.ubuntu.com/ubuntu noble/universe amd64 libcodec2-1.2 amd64 1.2.0-2build1 [8998 kB]
test	Install Playwright browsers	2026-03-14T20:19:12.1637578Z Get:26 http://azure.archive.ubuntu.com/ubuntu noble/universe amd64 libdav1d7 amd64 1.4.1-1build1 [604 kB]
test	Install Playwright browsers	2026-03-14T20:19:12.1898747Z Get:27 http://azure.archive.ubuntu.com/ubuntu noble/universe amd64 libgsm1 amd64 1.0.22-1build1 [27.8 kB]
test	Install Playwright browsers	2026-03-14T20:19:12.2120374Z Get:28 http://azure.archive.ubuntu.com/ubuntu noble/universe amd64 libhwy1t64 amd64 1.0.7-8.1build1 [584 kB]
test	Install Playwright browsers	2026-03-14T20:19:12.2458083Z Get:29 http://azure.archive.ubuntu.com/ubuntu noble-updates/universe amd64 libjxl0.7 amd64 0.7.0-10.2ubuntu6.1 [1001 kB]
test	Install Playwright browsers	2026-03-14T20:19:12.2807448Z Get:30 http://azure.archive.ubuntu.com/ubuntu noble/main amd64 libmp3lame0 amd64 3.100-6build1 [142 kB]
test	Install Playwright browsers	2026-03-14T20:19:12.3097840Z Get:31 http://azure.archive.ubuntu.com/ubuntu noble/main amd64 libopus0 amd64 1.4-1build1 [208 kB]
test	Install Playwright browsers	2026-03-14T20:19:12.3375683Z Get:32 http://azure.archive.ubuntu.com/ubuntu noble/universe amd64 librav1e0 amd64 0.7.1-2 [1022 kB]
test	Install Playwright browsers	2026-03-14T20:19:12.3719455Z Get:33 http://azure.archive.ubuntu.com/ubuntu noble/main amd64 librsvg2-2 amd64 2.58.0+dfsg-1build1 [2135 kB]
test	Install Playwright browsers	2026-03-14T20:19:12.4197054Z Get:34 http://azure.archive.ubuntu.com/ubuntu noble/universe amd64 libshine3 amd64 3.1.1-2build1 [23.2 kB]
test	Install Playwright browsers	2026-03-14T20:19:12.4416832Z Get:35 http://azure.archive.ubuntu.com/ubuntu noble-updates/main amd64 libspeex1 amd64 1.2.1-2ubuntu2.24.04.1 [59.6 kB]
test	Install Playwright browsers	2026-03-14T20:19:12.4640458Z Get:36 http://azure.archive.ubuntu.com/ubuntu noble/universe amd64 libsvtav1enc1d1 amd64 1.7.0+dfsg-2build1 [2425 kB]
test	Install Playwright browsers	2026-03-14T20:19:12.5212512Z Get:37 http://azure.archive.ubuntu.com/ubuntu noble/universe amd64 libsoxr0 amd64 0.1.3-4build3 [80.0 kB]
test	Install Playwright browsers	2026-03-14T20:19:12.5647983Z Get:38 http://azure.archive.ubuntu.com/ubuntu noble/universe amd64 libswresample4 amd64 7:6.1.1-3ubuntu5 [63.8 kB]
test	Install Playwright browsers	2026-03-14T20:19:12.6767943Z Get:39 http://azure.archive.ubuntu.com/ubuntu noble/main amd64 libtheora0 amd64 1.1.1+dfsg.1-16.1build3 [211 kB]
test	Install Playwright browsers	2026-03-14T20:19:12.7000846Z Get:40 http://azure.archive.ubuntu.com/ubuntu noble/main amd64 libtwolame0 amd64 0.4.0-2build3 [52.3 kB]
test	Install Playwright browsers	2026-03-14T20:19:12.7223800Z Get:41 http://azure.archive.ubuntu.com/ubuntu noble/main amd64 libvorbisenc2 amd64 1.3.7-1build3 [80.8 kB]
test	Install Playwright browsers	2026-03-14T20:19:12.7445736Z Get:42 http://azure.archive.ubuntu.com/ubuntu noble-updates/main amd64 libvpx9 amd64 1.14.0-1ubuntu2.3 [1143 kB]
test	Install Playwright browsers	2026-03-14T20:19:12.7796243Z Get:43 http://azure.archive.ubuntu.com/ubuntu noble/universe amd64 libx264-164 amd64 2:0.164.3108+git31e19f9-1 [604 kB]
test	Install Playwright browsers	2026-03-14T20:19:12.8091089Z Get:44 http://azure.archive.ubuntu.com/ubuntu noble/universe amd64 libx265-199 amd64 3.5-2build1 [1226 kB]
test	Install Playwright browsers	2026-03-14T20:19:12.8547227Z Get:45 http://azure.archive.ubuntu.com/ubuntu noble/universe amd64 libxvidcore4 amd64 2:1.3.7-1build1 [219 kB]
test	Install Playwright browsers	2026-03-14T20:19:12.8801090Z Get:46 http://azure.archive.ubuntu.com/ubuntu noble/universe amd64 libzvbi-common all 0.2.42-2 [42.4 kB]
test	Install Playwright browsers	2026-03-14T20:19:12.9029622Z Get:47 http://azure.archive.ubuntu.com/ubuntu noble/universe amd64 libzvbi0t64 amd64 0.2.42-2 [261 kB]
test	Install Playwright browsers	2026-03-14T20:19:12.9264517Z Get:48 http://azure.archive.ubuntu.com/ubuntu noble/universe amd64 libavcodec60 amd64 7:6.1.1-3ubuntu5 [5851 kB]
test	Install Playwright browsers	2026-03-14T20:19:13.0974526Z Get:49 http://azure.archive.ubuntu.com/ubuntu noble-updates/main amd64 libfreetype6 amd64 2.13.2+dfsg-1ubuntu0.1 [402 kB]
test	Install Playwright browsers	2026-03-14T20:19:13.1256502Z Get:50 http://azure.archive.ubuntu.com/ubuntu noble/universe amd64 libunibreak5 amd64 5.1-2build1 [25.0 kB]
test	Install Playwright browsers	2026-03-14T20:19:13.1474994Z Get:51 http://azure.archive.ubuntu.com/ubuntu noble/universe amd64 libass9 amd64 1:0.17.1-2build1 [104 kB]
test	Install Playwright browsers	2026-03-14T20:19:13.1758523Z Get:52 http://azure.archive.ubuntu.com/ubuntu noble/universe amd64 libudfread0 amd64 1.1.2-1build1 [19.0 kB]
test	Install Playwright browsers	2026-03-14T20:19:13.2020186Z Get:53 http://azure.archive.ubuntu.com/ubuntu noble/universe amd64 libbluray2 amd64 1:1.3.4-1build1 [159 kB]
test	Install Playwright browsers	2026-03-14T20:19:13.2293108Z Get:54 http://azure.archive.ubuntu.com/ubuntu noble/universe amd64 libchromaprint1 amd64 1.5.1-5 [30.5 kB]
test	Install Playwright browsers	2026-03-14T20:19:13.2557598Z Get:55 http://azure.archive.ubuntu.com/ubuntu noble/universe amd64 libgme0 amd64 0.6.3-7build1 [134 kB]
test	Install Playwright browsers	2026-03-14T20:19:13.2832707Z Get:56 http://azure.archive.ubuntu.com/ubuntu noble-updates/main amd64 libmpg123-0t64 amd64 1.32.5-1ubuntu1.1 [169 kB]
test	Install Playwright browsers	2026-03-14T20:19:13.3113757Z Get:57 http://azure.archive.ubuntu.com/ubuntu noble/universe amd64 libopenmpt0t64 amd64 0.7.3-1.1build3 [647 kB]
test	Install Playwright browsers	2026-03-14T20:19:13.3842075Z Get:58 http://azure.archive.ubuntu.com/ubuntu noble/universe amd64 libcjson1 amd64 1.7.17-1 [24.8 kB]
test	Install Playwright browsers	2026-03-14T20:19:13.4066290Z Get:59 http://azure.archive.ubuntu.com/ubuntu noble/universe amd64 libmbedcrypto7t64 amd64 2.28.8-1 [209 kB]
test	Install Playwright browsers	2026-03-14T20:19:13.4306154Z Get:60 http://azure.archive.ubuntu.com/ubuntu noble/universe amd64 librist4 amd64 0.2.10+dfsg-2 [74.9 kB]
test	Install Playwright browsers	2026-03-14T20:19:13.4538093Z Get:61 http://azure.archive.ubuntu.com/ubuntu noble/universe amd64 libsrt1.5-gnutls amd64 1.5.3-1build2 [316 kB]
test	Install Playwright browsers	2026-03-14T20:19:13.5101243Z Get:62 http://azure.archive.ubuntu.com/ubuntu noble-updates/main amd64 libssh-gcrypt-4 amd64 0.10.6-2ubuntu0.3 [224 kB]
test	Install Playwright browsers	2026-03-14T20:19:13.6180997Z Get:63 http://azure.archive.ubuntu.com/ubuntu noble/universe amd64 libavformat60 amd64 7:6.1.1-3ubuntu5 [1153 kB]
test	Install Playwright browsers	2026-03-14T20:19:13.6962987Z Get:64 http://azure.archive.ubuntu.com/ubuntu noble/universe amd64 libbs2b0 amd64 3.1.0+dfsg-7build1 [10.6 kB]
test	Install Playwright browsers	2026-03-14T20:19:13.7179932Z Get:65 http://azure.archive.ubuntu.com/ubuntu noble/universe amd64 libflite1 amd64 2.2-6build3 [13.6 MB]
test	Install Playwright browsers	2026-03-14T20:19:14.0245474Z Get:66 http://azure.archive.ubuntu.com/ubuntu noble/universe amd64 libserd-0-0 amd64 0.32.2-1 [43.6 kB]
test	Install Playwright browsers	2026-03-14T20:19:14.0479521Z Get:67 http://azure.archive.ubuntu.com/ubuntu noble/universe amd64 libzix-0-0 amd64 0.4.2-2build1 [23.6 kB]
test	Install Playwright browsers	2026-03-14T20:19:14.0707220Z Get:68 http://azure.archive.ubuntu.com/ubuntu noble/universe amd64 libsord-0-0 amd64 0.16.16-2build1 [15.8 kB]
test	Install Playwright browsers	2026-03-14T20:19:14.0936325Z Get:69 http://azure.archive.ubuntu.com/ubuntu noble/universe amd64 libsratom-0-0 amd64 0.6.16-1build1 [17.3 kB]
test	Install Playwright browsers	2026-03-14T20:19:14.1155666Z Get:70 http://azure.archive.ubuntu.com/ubuntu noble/universe amd64 liblilv-0-0 amd64 0.24.22-1build1 [41.0 kB]
test	Install Playwright browsers	2026-03-14T20:19:14.1420693Z Get:71 http://azure.archive.ubuntu.com/ubuntu noble/universe amd64 libmysofa1 amd64 1.3.2+dfsg-2ubuntu2 [1158 kB]
test	Install Playwright browsers	2026-03-14T20:19:14.1887700Z Get:72 http://azure.archive.ubuntu.com/ubuntu noble/universe amd64 libplacebo338 amd64 6.338.2-2build1 [2654 kB]
test	Install Playwright browsers	2026-03-14T20:19:14.2492118Z Get:73 http://azure.archive.ubuntu.com/ubuntu noble-updates/main amd64 libblas3 amd64 3.12.0-3build1.1 [238 kB]
test	Install Playwright browsers	2026-03-14T20:19:14.2729346Z Get:74 http://azure.archive.ubuntu.com/ubuntu noble-updates/main amd64 liblapack3 amd64 3.12.0-3build1.1 [2646 kB]
test	Install Playwright browsers	2026-03-14T20:19:14.3302034Z Get:75 http://azure.archive.ubuntu.com/ubuntu noble/main amd64 libasyncns0 amd64 0.8-6build4 [11.3 kB]
test	Install Playwright browsers	2026-03-14T20:19:14.4004985Z Get:76 http://azure.archive.ubuntu.com/ubuntu noble/main amd64 libflac12t64 amd64 1.4.3+ds-2.1ubuntu2 [197 kB]
test	Install Playwright browsers	2026-03-14T20:19:14.4279486Z Get:77 http://azure.archive.ubuntu.com/ubuntu noble-updates/main amd64 libsndfile1 amd64 1.2.2-1ubuntu5.24.04.1 [209 kB]
test	Install Playwright browsers	2026-03-14T20:19:14.4560133Z Get:78 http://azure.archive.ubuntu.com/ubuntu noble-updates/main amd64 libpulse0 amd64 1:16.1+dfsg1-2ubuntu10.1 [292 kB]
test	Install Playwright browsers	2026-03-14T20:19:14.4859367Z Get:79 http://azure.archive.ubuntu.com/ubuntu noble/universe amd64 libsphinxbase3t64 amd64 0.8+5prealpha+1-17build2 [126 kB]
test	Install Playwright browsers	2026-03-14T20:19:14.5131886Z Get:80 http://azure.archive.ubuntu.com/ubuntu noble/universe amd64 libpocketsphinx3 amd64 0.8.0+real5prealpha+1-15ubuntu5 [133 kB]
test	Install Playwright browsers	2026-03-14T20:19:14.5402051Z Get:81 http://azure.archive.ubuntu.com/ubuntu noble/universe amd64 libpostproc57 amd64 7:6.1.1-3ubuntu5 [49.9 kB]
test	Install Playwright browsers	2026-03-14T20:19:14.5665177Z Get:82 http://azure.archive.ubuntu.com/ubuntu noble/main amd64 libsamplerate0 amd64 0.2.2-4build1 [1344 kB]
test	Install Playwright browsers	2026-03-14T20:19:14.5984483Z Get:83 http://azure.archive.ubuntu.com/ubuntu noble/universe amd64 librubberband2 amd64 3.3.0+dfsg-2build1 [130 kB]
test	Install Playwright browsers	2026-03-14T20:19:14.6221440Z Get:84 http://azure.archive.ubuntu.com/ubuntu noble/universe amd64 libswscale7 amd64 7:6.1.1-3ubuntu5 [193 kB]
test	Install Playwright browsers	2026-03-14T20:19:14.6458843Z Get:85 http://azure.archive.ubuntu.com/ubuntu noble/universe amd64 libvidstab1.1 amd64 1.1.0-2build1 [38.5 kB]
test	Install Playwright browsers	2026-03-14T20:19:14.6682679Z Get:86 http://azure.archive.ubuntu.com/ubuntu noble/universe amd64 libzimg2 amd64 3.0.5+ds1-1build1 [254 kB]
test	Install Playwright browsers	2026-03-14T20:19:14.6919117Z Get:87 http://azure.archive.ubuntu.com/ubuntu noble/universe amd64 libavfilter9 amd64 7:6.1.1-3ubuntu5 [4235 kB]
test	Install Playwright browsers	2026-03-14T20:19:14.7612575Z Get:88 http://azure.archive.ubuntu.com/ubuntu noble-updates/main amd64 liborc-0.4-0t64 amd64 1:0.4.38-1ubuntu0.1 [207 kB]
test	Install Playwright browsers	2026-03-14T20:19:14.8123099Z Get:89 http://azure.archive.ubuntu.com/ubuntu noble-updates/main amd64 libgstreamer-plugins-base1.0-0 amd64 1.24.2-1ubuntu0.3 [862 kB]
test	Install Playwright browsers	2026-03-14T20:19:14.8415467Z Get:90 http://azure.archive.ubuntu.com/ubuntu noble/universe amd64 gstreamer1.0-libav amd64 1.24.1-1build1 [103 kB]
test	Install Playwright browsers	2026-03-14T20:19:14.8643399Z Get:91 http://azure.archive.ubuntu.com/ubuntu noble/main amd64 libcdparanoia0 amd64 3.10.2+debian-14build3 [48.5 kB]
test	Install Playwright browsers	2026-03-14T20:19:14.8866032Z Get:92 http://azure.archive.ubuntu.com/ubuntu noble/main amd64 libvisual-0.4-0 amd64 0.4.2-2build1 [115 kB]
test	Install Playwright browsers	2026-03-14T20:19:14.9093199Z Get:93 http://azure.archive.ubuntu.com/ubuntu noble-updates/main amd64 gstreamer1.0-plugins-base amd64 1.24.2-1ubuntu0.3 [721 kB]
test	Install Playwright browsers	2026-03-14T20:19:14.9371312Z Get:94 http://azure.archive.ubuntu.com/ubuntu noble/main amd64 libaa1 amd64 1.4p5-51.1 [49.9 kB]
test	Install Playwright browsers	2026-03-14T20:19:15.0159848Z Get:95 http://azure.archive.ubuntu.com/ubuntu noble/main amd64 libraw1394-11 amd64 2.1.2-2build3 [26.2 kB]
test	Install Playwright browsers	2026-03-14T20:19:15.0378280Z Get:96 http://azure.archive.ubuntu.com/ubuntu noble/main amd64 libavc1394-0 amd64 0.5.4-5build3 [15.4 kB]
test	Install Playwright browsers	2026-03-14T20:19:15.0599512Z Get:97 http://azure.archive.ubuntu.com/ubuntu noble-updates/main amd64 libcaca0 amd64 0.99.beta20-4ubuntu0.1 [209 kB]
test	Install Playwright browsers	2026-03-14T20:19:15.0842911Z Get:98 http://azure.archive.ubuntu.com/ubuntu noble/main amd64 libdv4t64 amd64 1.0.0-17.1build1 [63.2 kB]
test	Install Playwright browsers	2026-03-14T20:19:15.1068017Z Get:99 http://azure.archive.ubuntu.com/ubuntu noble-updates/main amd64 libgstreamer-plugins-good1.0-0 amd64 1.24.2-1ubuntu1.2 [33.0 kB]
test	Install Playwright browsers	2026-03-14T20:19:15.1289870Z Get:100 http://azure.archive.ubuntu.com/ubuntu noble/main amd64 libiec61883-0 amd64 1.2.0-6build1 [24.5 kB]
test	Install Playwright browsers	2026-03-14T20:19:15.1511433Z Get:101 http://azure.archive.ubuntu.com/ubuntu noble/main amd64 libshout3 amd64 2.4.6-1build2 [50.3 kB]
test	Install Playwright browsers	2026-03-14T20:19:15.1736856Z Get:102 http://azure.archive.ubuntu.com/ubuntu noble/main amd64 libtag1v5-vanilla amd64 1.13.1-1build1 [326 kB]
test	Install Playwright browsers	2026-03-14T20:19:15.2039595Z Get:103 http://azure.archive.ubuntu.com/ubuntu noble/main amd64 libtag1v5 amd64 1.13.1-1build1 [11.7 kB]
test	Install Playwright browsers	2026-03-14T20:19:15.2299846Z Get:104 http://azure.archive.ubuntu.com/ubuntu noble/main amd64 libv4lconvert0t64 amd64 1.26.1-4build3 [87.6 kB]
test	Install Playwright browsers	2026-03-14T20:19:15.2553397Z Get:105 http://azure.archive.ubuntu.com/ubuntu noble/main amd64 libv4l-0t64 amd64 1.26.1-4build3 [46.9 kB]
test	Install Playwright browsers	2026-03-14T20:19:15.2784744Z Get:106 http://azure.archive.ubuntu.com/ubuntu noble/main amd64 libwavpack1 amd64 5.6.0-1build1 [84.6 kB]
test	Install Playwright browsers	2026-03-14T20:19:15.3025661Z Get:107 http://azure.archive.ubuntu.com/ubuntu noble-updates/main amd64 libsoup-3.0-common all 3.4.4-5ubuntu0.7 [11.6 kB]
test	Install Playwright browsers	2026-03-14T20:19:15.3249317Z Get:108 http://azure.archive.ubuntu.com/ubuntu noble-updates/main amd64 libsoup-3.0-0 amd64 3.4.4-5ubuntu0.7 [292 kB]
test	Install Playwright browsers	2026-03-14T20:19:15.3587379Z Get:109 http://azure.archive.ubuntu.com/ubuntu noble-updates/main amd64 gstreamer1.0-plugins-good amd64 1.24.2-1ubuntu1.2 [2238 kB]
test	Install Playwright browsers	2026-03-14T20:19:15.4604311Z Get:110 http://azure.archive.ubuntu.com/ubuntu noble-updates/main amd64 libabsl20220623t64 amd64 20220623.1-3.1ubuntu3.2 [423 kB]
test	Install Playwright browsers	2026-03-14T20:19:15.5000335Z Get:111 http://azure.archive.ubuntu.com/ubuntu noble/universe amd64 libgav1-1 amd64 0.18.0-1build3 [357 kB]
test	Install Playwright browsers	2026-03-14T20:19:15.5490848Z Get:112 http://azure.archive.ubuntu.com/ubuntu noble/universe amd64 libyuv0 amd64 0.0~git202401110.af6ac82-1 [178 kB]
test	Install Playwright browsers	2026-03-14T20:19:15.5813399Z Get:113 http://azure.archive.ubuntu.com/ubuntu noble/universe amd64 libavif16 amd64 1.0.4-1ubuntu3 [91.2 kB]
test	Install Playwright browsers	2026-03-14T20:19:15.6066414Z Get:114 http://azure.archive.ubuntu.com/ubuntu noble/universe amd64 libavtp0 amd64 0.2.0-1build1 [6414 B]
test	Install Playwright browsers	2026-03-14T20:19:15.6289580Z Get:115 http://azure.archive.ubuntu.com/ubuntu noble/main amd64 libcairo-script-interpreter2 amd64 1.18.0-3build1 [60.3 kB]
test	Install Playwright browsers	2026-03-14T20:19:15.6537842Z Get:116 http://azure.archive.ubuntu.com/ubuntu noble/universe amd64 libdc1394-25 amd64 2.2.6-4build1 [90.1 kB]
test	Install Playwright browsers	2026-03-14T20:19:15.6826196Z Get:117 http://azure.archive.ubuntu.com/ubuntu noble/main amd64 libdecor-0-0 amd64 0.2.2-1build2 [16.5 kB]
test	Install Playwright browsers	2026-03-14T20:19:15.7047404Z Get:118 http://azure.archive.ubuntu.com/ubuntu noble/main amd64 libgles2 amd64 1.7.0-1build1 [17.1 kB]
test	Install Playwright browsers	2026-03-14T20:19:15.7272738Z Get:119 http://azure.archive.ubuntu.com/ubuntu noble/universe amd64 libdirectfb-1.7-7t64 amd64 1.7.7-11.1ubuntu2 [1035 kB]
test	Install Playwright browsers	2026-03-14T20:19:15.7848384Z Get:120 http://azure.archive.ubuntu.com/ubuntu noble/universe amd64 libdvdread8t64 amd64 6.1.3-1.1build1 [54.7 kB]
test	Install Playwright browsers	2026-03-14T20:19:15.8524864Z Get:121 http://azure.archive.ubuntu.com/ubuntu noble/universe amd64 libdvdnav4 amd64 6.1.1-3build1 [39.5 kB]
test	Install Playwright browsers	2026-03-14T20:19:15.8759960Z Get:122 http://azure.archive.ubuntu.com/ubuntu noble-updates/main amd64 libegl-mesa0 amd64 25.2.8-0ubuntu0.24.04.1 [117 kB]
test	Install Playwright browsers	2026-03-14T20:19:15.8986807Z Get:123 http://azure.archive.ubuntu.com/ubuntu noble/main amd64 libevent-2.1-7t64 amd64 2.1.12-stable-9ubuntu2 [145 kB]
test	Install Playwright browsers	2026-03-14T20:19:15.9258089Z Get:124 http://azure.archive.ubuntu.com/ubuntu noble/universe amd64 libfaad2 amd64 2.11.1-1build1 [207 kB]
test	Install Playwright browsers	2026-03-14T20:19:15.9555427Z Get:125 http://azure.archive.ubuntu.com/ubuntu noble/universe amd64 libinstpatch-1.0-2 amd64 1.1.6-1build2 [251 kB]
test	Install Playwright browsers	2026-03-14T20:19:15.9866089Z Get:126 http://azure.archive.ubuntu.com/ubuntu noble/main amd64 libjack-jackd2-0 amd64 1.9.21~dfsg-3ubuntu3 [289 kB]
test	Install Playwright browsers	2026-03-14T20:19:16.0215765Z Get:127 http://azure.archive.ubuntu.com/ubuntu noble/main amd64 libwebrtc-audio-processing1 amd64 0.3.1-0ubuntu6 [290 kB]
test	Install Playwright browsers	2026-03-14T20:19:16.0568327Z Get:128 http://azure.archive.ubuntu.com/ubuntu noble-updates/main amd64 libspa-0.2-modules amd64 1.0.5-1ubuntu3.2 [627 kB]
test	Install Playwright browsers	2026-03-14T20:19:16.1129628Z Get:129 http://azure.archive.ubuntu.com/ubuntu noble-updates/main amd64 libpipewire-0.3-0t64 amd64 1.0.5-1ubuntu3.2 [252 kB]
test	Install Playwright browsers	2026-03-14T20:19:16.1413844Z Get:130 http://azure.archive.ubuntu.com/ubuntu noble-updates/main amd64 libsdl2-2.0-0 amd64 2.30.0+dfsg-1ubuntu3.1 [686 kB]
test	Install Playwright browsers	2026-03-14T20:19:16.1834884Z Get:131 http://azure.archive.ubuntu.com/ubuntu noble/universe amd64 timgm6mb-soundfont all 1.3-5 [5427 kB]
test	Install Playwright browsers	2026-03-14T20:19:16.3643932Z Get:132 http://azure.archive.ubuntu.com/ubuntu noble/universe amd64 libfluidsynth3 amd64 2.3.4-1build3 [249 kB]
test	Install Playwright browsers	2026-03-14T20:19:16.3914628Z Get:133 http://azure.archive.ubuntu.com/ubuntu noble/main amd64 libfreeaptx0 amd64 0.1.1-2build1 [13.5 kB]
test	Install Playwright browsers	2026-03-14T20:19:16.4140295Z Get:134 http://azure.archive.ubuntu.com/ubuntu noble/main amd64 libgraphene-1.0-0 amd64 1.10.8-3build2 [46.2 kB]
test	Install Playwright browsers	2026-03-14T20:19:16.4375748Z Get:135 http://azure.archive.ubuntu.com/ubuntu noble/main amd64 libgssdp-1.6-0 amd64 1.6.3-1build3 [40.4 kB]
test	Install Playwright browsers	2026-03-14T20:19:16.4599781Z Get:136 http://azure.archive.ubuntu.com/ubuntu noble/main amd64 libegl1 amd64 1.7.0-1build1 [28.7 kB]
test	Install Playwright browsers	2026-03-14T20:19:16.4839426Z Get:137 http://azure.archive.ubuntu.com/ubuntu noble-updates/main amd64 libgstreamer-gl1.0-0 amd64 1.24.2-1ubuntu0.3 [214 kB]
test	Install Playwright browsers	2026-03-14T20:19:16.5134270Z Get:138 http://azure.archive.ubuntu.com/ubuntu noble-updates/main amd64 libgtk-4-common all 4.14.5+ds-0ubuntu0.9 [1497 kB]
test	Install Playwright browsers	2026-03-14T20:19:16.6300187Z Get:139 http://azure.archive.ubuntu.com/ubuntu noble-updates/main amd64 libgtk-4-1 amd64 4.14.5+ds-0ubuntu0.9 [3296 kB]
test	Install Playwright browsers	2026-03-14T20:19:16.7458487Z Get:140 http://azure.archive.ubuntu.com/ubuntu noble/main amd64 libgupnp-1.6-0 amd64 1.6.6-1build3 [92.7 kB]
test	Install Playwright browsers	2026-03-14T20:19:16.7720875Z Get:141 http://azure.archive.ubuntu.com/ubuntu noble/universe amd64 libgupnp-igd-1.6-0 amd64 1.6.0-3build3 [16.5 kB]
test	Install Playwright browsers	2026-03-14T20:19:16.7956929Z Get:142 http://azure.archive.ubuntu.com/ubuntu noble/main amd64 libharfbuzz-icu0 amd64 8.3.0-2build2 [13.3 kB]
test	Install Playwright browsers	2026-03-14T20:19:16.8175616Z Get:143 http://azure.archive.ubuntu.com/ubuntu noble/main amd64 libhyphen0 amd64 2.8.8-7build3 [26.5 kB]
test	Install Playwright browsers	2026-03-14T20:19:16.8404197Z Get:144 http://azure.archive.ubuntu.com/ubuntu noble/universe amd64 libimath-3-1-29t64 amd64 3.1.9-3.1ubuntu2 [72.2 kB]
test	Install Playwright browsers	2026-03-14T20:19:16.8643675Z Get:145 http://azure.archive.ubuntu.com/ubuntu noble/main amd64 liblc3-1 amd64 1.0.4-3build1 [69.7 kB]
test	Install Playwright browsers	2026-03-14T20:19:16.8885740Z Get:146 http://azure.archive.ubuntu.com/ubuntu noble/main amd64 libldacbt-enc2 amd64 2.0.2.3+git20200429+ed310a0-4ubuntu2 [27.1 kB]
test	Install Playwright browsers	2026-03-14T20:19:16.9117199Z Get:147 http://azure.archive.ubuntu.com/ubuntu noble-updates/main amd64 libraptor2-0 amd64 2.0.16-3ubuntu0.1 [165 kB]
test	Install Playwright browsers	2026-03-14T20:19:16.9380191Z Get:148 http://azure.archive.ubuntu.com/ubuntu noble/universe amd64 liblrdf0 amd64 0.6.1-4build1 [18.5 kB]
test	Install Playwright browsers	2026-03-14T20:19:16.9605745Z Get:149 http://azure.archive.ubuntu.com/ubuntu noble/universe amd64 libltc11 amd64 1.3.2-1build1 [13.0 kB]
test	Install Playwright browsers	2026-03-14T20:19:16.9833498Z Get:150 http://azure.archive.ubuntu.com/ubuntu noble/main amd64 libmanette-0.2-0 amd64 0.2.7-1build2 [30.6 kB]
test	Install Playwright browsers	2026-03-14T20:19:17.0123992Z Get:151 http://azure.archive.ubuntu.com/ubuntu noble/universe amd64 libmfx1 amd64 22.5.4-1 [3124 kB]
test	Install Playwright browsers	2026-03-14T20:19:17.1064534Z Get:152 http://azure.archive.ubuntu.com/ubuntu noble/universe amd64 libmjpegutils-2.1-0t64 amd64 1:2.1.0+debian-8.1build1 [25.5 kB]
test	Install Playwright browsers	2026-03-14T20:19:17.1291963Z Get:153 http://azure.archive.ubuntu.com/ubuntu noble/universe amd64 libmodplug1 amd64 1:0.8.9.0-3build1 [166 kB]
test	Install Playwright browsers	2026-03-14T20:19:17.1537760Z Get:154 http://azure.archive.ubuntu.com/ubuntu noble/universe amd64 libmpcdec6 amd64 2:0.1~r495-2build1 [32.7 kB]
test	Install Playwright browsers	2026-03-14T20:19:17.1756067Z Get:155 http://azure.archive.ubuntu.com/ubuntu noble/universe amd64 libmpeg2encpp-2.1-0t64 amd64 1:2.1.0+debian-8.1build1 [75.6 kB]
test	Install Playwright browsers	2026-03-14T20:19:17.1990496Z Get:156 http://azure.archive.ubuntu.com/ubuntu noble/universe amd64 libmplex2-2.1-0t64 amd64 1:2.1.0+debian-8.1build1 [46.1 kB]
test	Install Playwright browsers	2026-03-14T20:19:17.2226908Z Get:157 http://azure.archive.ubuntu.com/ubuntu noble/universe amd64 libneon27t64 amd64 0.33.0-1.1build3 [102 kB]
test	Install Playwright browsers	2026-03-14T20:19:17.2891351Z Get:158 http://azure.archive.ubuntu.com/ubuntu noble/universe amd64 libnice10 amd64 0.1.21-2build3 [157 kB]
test	Install Playwright browsers	2026-03-14T20:19:17.3153615Z Get:159 http://azure.archive.ubuntu.com/ubuntu noble/universe amd64 libopenal-data all 1:1.23.1-4build1 [161 kB]
test	Install Playwright browsers	2026-03-14T20:19:17.3404175Z Get:160 http://azure.archive.ubuntu.com/ubuntu noble/universe amd64 libopenexr-3-1-30 amd64 3.1.5-5.1build3 [1004 kB]
test	Install Playwright browsers	2026-03-14T20:19:17.3898640Z Get:161 http://azure.archive.ubuntu.com/ubuntu noble/universe amd64 libopenh264-7 amd64 2.4.1+dfsg-1 [409 kB]
test	Install Playwright browsers	2026-03-14T20:19:17.4191483Z Get:162 http://azure.archive.ubuntu.com/ubuntu noble/universe amd64 libopenni2-0 amd64 2.2.0.33+dfsg-18 [370 kB]
test	Install Playwright browsers	2026-03-14T20:19:17.4467262Z Get:163 http://azure.archive.ubuntu.com/ubuntu noble/universe amd64 libqrencode4 amd64 4.1.1-1build2 [25.0 kB]
test	Install Playwright browsers	2026-03-14T20:19:17.4687846Z Get:164 http://azure.archive.ubuntu.com/ubuntu noble/main amd64 libsecret-common all 0.21.4-1build3 [4962 B]
test	Install Playwright browsers	2026-03-14T20:19:17.4906844Z Get:165 http://azure.archive.ubuntu.com/ubuntu noble/main amd64 libsecret-1-0 amd64 0.21.4-1build3 [116 kB]
test	Install Playwright browsers	2026-03-14T20:19:17.5139650Z Get:166 http://azure.archive.ubuntu.com/ubuntu noble/universe amd64 libsndio7.0 amd64 1.9.0-0.3build3 [29.6 kB]
test	Install Playwright browsers	2026-03-14T20:19:17.5360167Z Get:167 http://azure.archive.ubuntu.com/ubuntu noble/universe amd64 libsoundtouch1 amd64 2.3.2+ds1-1build1 [60.5 kB]
test	Install Playwright browsers	2026-03-14T20:19:17.5588094Z Get:168 http://azure.archive.ubuntu.com/ubuntu noble/universe amd64 libspandsp2t64 amd64 0.0.6+dfsg-2.1build1 [311 kB]
test	Install Playwright browsers	2026-03-14T20:19:17.5864217Z Get:169 http://azure.archive.ubuntu.com/ubuntu noble/universe amd64 libsrtp2-1 amd64 2.5.0-3build1 [41.9 kB]
test	Install Playwright browsers	2026-03-14T20:19:17.6098515Z Get:170 http://azure.archive.ubuntu.com/ubuntu noble-updates/main amd64 libssh-4 amd64 0.10.6-2ubuntu0.3 [190 kB]
test	Install Playwright browsers	2026-03-14T20:19:17.6359662Z Get:171 http://azure.archive.ubuntu.com/ubuntu noble/main amd64 libwayland-server0 amd64 1.22.0-2.1build1 [33.9 kB]
test	Install Playwright browsers	2026-03-14T20:19:17.6583354Z Get:172 http://azure.archive.ubuntu.com/ubuntu noble/universe amd64 libwildmidi2 amd64 0.4.3-1build3 [68.5 kB]
test	Install Playwright browsers	2026-03-14T20:19:17.6812740Z Get:173 http://azure.archive.ubuntu.com/ubuntu noble/main amd64 libwoff1 amd64 1.0.2-2build1 [45.3 kB]
test	Install Playwright browsers	2026-03-14T20:19:17.7047049Z Get:174 http://azure.archive.ubuntu.com/ubuntu noble/main amd64 libxcb-xkb1 amd64 1.15-1ubuntu2 [32.3 kB]
test	Install Playwright browsers	2026-03-14T20:19:17.7270239Z Get:175 http://azure.archive.ubuntu.com/ubuntu noble/main amd64 libxkbcommon-x11-0 amd64 1.6.0-1build1 [14.5 kB]
test	Install Playwright browsers	2026-03-14T20:19:17.7960666Z Get:176 http://azure.archive.ubuntu.com/ubuntu noble/universe amd64 libzbar0t64 amd64 0.23.93-4build3 [123 kB]
test	Install Playwright browsers	2026-03-14T20:19:17.8213348Z Get:177 http://azure.archive.ubuntu.com/ubuntu noble/universe amd64 libzxing3 amd64 2.2.1-3 [583 kB]
test	Install Playwright browsers	2026-03-14T20:19:18.2874950Z Get:178 http://azure.archive.ubuntu.com/ubuntu noble/main amd64 xfonts-encodings all 1:1.0.5-0ubuntu2 [578 kB]
test	Install Playwright browsers	2026-03-14T20:19:18.3275697Z Get:179 http://azure.archive.ubuntu.com/ubuntu noble/main amd64 xfonts-utils amd64 1:7.7+6build3 [94.4 kB]
test	Install Playwright browsers	2026-03-14T20:19:18.3550667Z Get:180 http://azure.archive.ubuntu.com/ubuntu noble/universe amd64 xfonts-cyrillic all 1:1.0.5+nmu1 [384 kB]
test	Install Playwright browsers	2026-03-14T20:19:18.3849345Z Get:181 http://azure.archive.ubuntu.com/ubuntu noble/main amd64 xfonts-scalable all 1:1.0.3-1.3 [304 kB]
test	Install Playwright browsers	2026-03-14T20:19:18.4148471Z Get:182 http://azure.archive.ubuntu.com/ubuntu noble/universe amd64 libgstreamer-plugins-bad1.0-0 amd64 1.24.2-1ubuntu4 [797 kB]
test	Install Playwright browsers	2026-03-14T20:19:18.4560224Z Get:183 http://azure.archive.ubuntu.com/ubuntu noble/universe amd64 libdca0 amd64 0.0.7-2build1 [93.8 kB]
test	Install Playwright browsers	2026-03-14T20:19:18.4789426Z Get:184 http://azure.archive.ubuntu.com/ubuntu noble/universe amd64 libopenal1 amd64 1:1.23.1-4build1 [540 kB]
test	Install Playwright browsers	2026-03-14T20:19:18.5050760Z Get:185 http://azure.archive.ubuntu.com/ubuntu noble/main amd64 libsbc1 amd64 2.0-1build1 [33.9 kB]
test	Install Playwright browsers	2026-03-14T20:19:18.5283447Z Get:186 http://azure.archive.ubuntu.com/ubuntu noble/universe amd64 libvo-aacenc0 amd64 0.1.3-2build1 [67.8 kB]
test	Install Playwright browsers	2026-03-14T20:19:18.5527948Z Get:187 http://azure.archive.ubuntu.com/ubuntu noble/universe amd64 libvo-amrwbenc0 amd64 0.1.3-2build1 [76.7 kB]
test	Install Playwright browsers	2026-03-14T20:19:18.5790211Z Get:188 http://azure.archive.ubuntu.com/ubuntu noble/universe amd64 gstreamer1.0-plugins-bad amd64 1.24.2-1ubuntu4 [3081 kB]
test	Install Playwright browsers	2026-03-14T20:19:19.1417170Z Fetched 117 MB in 8s (15.5 MB/s)
test	Install Playwright browsers	2026-03-14T20:19:19.1859760Z Selecting previously unselected package fonts-ipafont-gothic.
test	Install Playwright browsers	2026-03-14T20:19:19.2976764Z (Reading database ... 
test	Install Playwright browsers	2026-03-14T20:19:19.2977274Z (Reading database ... 5%
test	Install Playwright browsers	2026-03-14T20:19:19.2977938Z (Reading database ... 10%
test	Install Playwright browsers	2026-03-14T20:19:19.2978233Z (Reading database ... 15%
test	Install Playwright browsers	2026-03-14T20:19:19.2978534Z (Reading database ... 20%
test	Install Playwright browsers	2026-03-14T20:19:19.2979135Z (Reading database ... 25%
test	Install Playwright browsers	2026-03-14T20:19:19.2979437Z (Reading database ... 30%
test	Install Playwright browsers	2026-03-14T20:19:19.2979720Z (Reading database ... 35%
test	Install Playwright browsers	2026-03-14T20:19:19.2979988Z (Reading database ... 40%
test	Install Playwright browsers	2026-03-14T20:19:19.2980259Z (Reading database ... 45%
test	Install Playwright browsers	2026-03-14T20:19:19.2980531Z (Reading database ... 50%
test	Install Playwright browsers	2026-03-14T20:19:19.3716019Z (Reading database ... 55%
test	Install Playwright browsers	2026-03-14T20:19:19.5810462Z (Reading database ... 60%
test	Install Playwright browsers	2026-03-14T20:19:19.6802257Z (Reading database ... 65%
test	Install Playwright browsers	2026-03-14T20:19:19.7654568Z (Reading database ... 70%
test	Install Playwright browsers	2026-03-14T20:19:19.9096854Z (Reading database ... 75%
test	Install Playwright browsers	2026-03-14T20:19:20.3432957Z (Reading database ... 80%
test	Install Playwright browsers	2026-03-14T20:19:21.0383791Z (Reading database ... 85%
test	Install Playwright browsers	2026-03-14T20:19:21.6912019Z (Reading database ... 90%
test	Install Playwright browsers	2026-03-14T20:19:22.3483097Z (Reading database ... 95%
test	Install Playwright browsers	2026-03-14T20:19:22.3483751Z (Reading database ... 100%
test	Install Playwright browsers	2026-03-14T20:19:22.3484473Z (Reading database ... 219144 files and directories currently installed.)
test	Install Playwright browsers	2026-03-14T20:19:22.3530422Z Preparing to unpack .../000-fonts-ipafont-gothic_00303-21ubuntu1_all.deb ...
test	Install Playwright browsers	2026-03-14T20:19:22.3625200Z Unpacking fonts-ipafont-gothic (00303-21ubuntu1) ...
test	Install Playwright browsers	2026-03-14T20:19:22.6149230Z Preparing to unpack .../001-libglib2.0-data_2.80.0-6ubuntu3.8_all.deb ...
test	Install Playwright browsers	2026-03-14T20:19:22.6172548Z Unpacking libglib2.0-data (2.80.0-6ubuntu3.8) over (2.80.0-6ubuntu3.7) ...
test	Install Playwright browsers	2026-03-14T20:19:22.6615389Z Preparing to unpack .../002-libglib2.0-bin_2.80.0-6ubuntu3.8_amd64.deb ...
test	Install Playwright browsers	2026-03-14T20:19:22.6636741Z Unpacking libglib2.0-bin (2.80.0-6ubuntu3.8) over (2.80.0-6ubuntu3.7) ...
test	Install Playwright browsers	2026-03-14T20:19:22.7834057Z Preparing to unpack .../003-gir1.2-glib-2.0_2.80.0-6ubuntu3.8_amd64.deb ...
test	Install Playwright browsers	2026-03-14T20:19:22.7856479Z Unpacking gir1.2-glib-2.0:amd64 (2.80.0-6ubuntu3.8) over (2.80.0-6ubuntu3.7) ...
test	Install Playwright browsers	2026-03-14T20:19:22.8350998Z Preparing to unpack .../004-libglib2.0-0t64_2.80.0-6ubuntu3.8_amd64.deb ...
test	Install Playwright browsers	2026-03-14T20:19:22.8462996Z Unpacking libglib2.0-0t64:amd64 (2.80.0-6ubuntu3.8) over (2.80.0-6ubuntu3.7) ...
test	Install Playwright browsers	2026-03-14T20:19:22.9187503Z Preparing to unpack .../005-libpng16-16t64_1.6.43-5ubuntu0.5_amd64.deb ...
test	Install Playwright browsers	2026-03-14T20:19:22.9290493Z Unpacking libpng16-16t64:amd64 (1.6.43-5ubuntu0.5) over (1.6.43-5ubuntu0.3) ...
test	Install Playwright browsers	2026-03-14T20:19:22.9618476Z Selecting previously unselected package fonts-freefont-ttf.
test	Install Playwright browsers	2026-03-14T20:19:22.9786696Z Preparing to unpack .../006-fonts-freefont-ttf_20211204+svn4273-2_all.deb ...
test	Install Playwright browsers	2026-03-14T20:19:22.9795395Z Unpacking fonts-freefont-ttf (20211204+svn4273-2) ...
test	Install Playwright browsers	2026-03-14T20:19:23.0753401Z Selecting previously unselected package fonts-tlwg-loma-otf.
test	Install Playwright browsers	2026-03-14T20:19:23.0917701Z Preparing to unpack .../007-fonts-tlwg-loma-otf_1%3a0.7.3-1_all.deb ...
test	Install Playwright browsers	2026-03-14T20:19:23.0927165Z Unpacking fonts-tlwg-loma-otf (1:0.7.3-1) ...
test	Install Playwright browsers	2026-03-14T20:19:23.1161755Z Selecting previously unselected package fonts-unifont.
test	Install Playwright browsers	2026-03-14T20:19:23.1328299Z Preparing to unpack .../008-fonts-unifont_1%3a15.1.01-1build1_all.deb ...
test	Install Playwright browsers	2026-03-14T20:19:23.1337154Z Unpacking fonts-unifont (1:15.1.01-1build1) ...
test	Install Playwright browsers	2026-03-14T20:19:23.2642265Z Selecting previously unselected package fonts-wqy-zenhei.
test	Install Playwright browsers	2026-03-14T20:19:23.2805936Z Preparing to unpack .../009-fonts-wqy-zenhei_0.9.45-8_all.deb ...
test	Install Playwright browsers	2026-03-14T20:19:23.2955128Z Unpacking fonts-wqy-zenhei (0.9.45-8) ...
test	Install Playwright browsers	2026-03-14T20:19:23.7684724Z Selecting previously unselected package libproxy1v5:amd64.
test	Install Playwright browsers	2026-03-14T20:19:23.7850492Z Preparing to unpack .../010-libproxy1v5_0.5.4-4build1_amd64.deb ...
test	Install Playwright browsers	2026-03-14T20:19:23.7859614Z Unpacking libproxy1v5:amd64 (0.5.4-4build1) ...
test	Install Playwright browsers	2026-03-14T20:19:23.8091867Z Selecting previously unselected package glib-networking-common.
test	Install Playwright browsers	2026-03-14T20:19:23.8259149Z Preparing to unpack .../011-glib-networking-common_2.80.0-1build1_all.deb ...
test	Install Playwright browsers	2026-03-14T20:19:23.8268415Z Unpacking glib-networking-common (2.80.0-1build1) ...
test	Install Playwright browsers	2026-03-14T20:19:23.8486955Z Selecting previously unselected package glib-networking-services.
test	Install Playwright browsers	2026-03-14T20:19:23.8654445Z Preparing to unpack .../012-glib-networking-services_2.80.0-1build1_amd64.deb ...
test	Install Playwright browsers	2026-03-14T20:19:23.8663652Z Unpacking glib-networking-services (2.80.0-1build1) ...
test	Install Playwright browsers	2026-03-14T20:19:23.8904887Z Selecting previously unselected package session-migration.
test	Install Playwright browsers	2026-03-14T20:19:23.9071910Z Preparing to unpack .../013-session-migration_0.3.9build1_amd64.deb ...
test	Install Playwright browsers	2026-03-14T20:19:23.9080439Z Unpacking session-migration (0.3.9build1) ...
test	Install Playwright browsers	2026-03-14T20:19:23.9378562Z Selecting previously unselected package gsettings-desktop-schemas.
test	Install Playwright browsers	2026-03-14T20:19:23.9544631Z Preparing to unpack .../014-gsettings-desktop-schemas_46.1-0ubuntu1_all.deb ...
test	Install Playwright browsers	2026-03-14T20:19:23.9553718Z Unpacking gsettings-desktop-schemas (46.1-0ubuntu1) ...
test	Install Playwright browsers	2026-03-14T20:19:23.9837720Z Selecting previously unselected package glib-networking:amd64.
test	Install Playwright browsers	2026-03-14T20:19:24.0000418Z Preparing to unpack .../015-glib-networking_2.80.0-1build1_amd64.deb ...
test	Install Playwright browsers	2026-03-14T20:19:24.0009858Z Unpacking glib-networking:amd64 (2.80.0-1build1) ...
test	Install Playwright browsers	2026-03-14T20:19:24.0249665Z Selecting previously unselected package libva2:amd64.
test	Install Playwright browsers	2026-03-14T20:19:24.0414442Z Preparing to unpack .../016-libva2_2.20.0-2ubuntu0.1_amd64.deb ...
test	Install Playwright browsers	2026-03-14T20:19:24.0423418Z Unpacking libva2:amd64 (2.20.0-2ubuntu0.1) ...
test	Install Playwright browsers	2026-03-14T20:19:24.0671930Z Selecting previously unselected package libva-drm2:amd64.
test	Install Playwright browsers	2026-03-14T20:19:24.0836577Z Preparing to unpack .../017-libva-drm2_2.20.0-2ubuntu0.1_amd64.deb ...
test	Install Playwright browsers	2026-03-14T20:19:24.0846636Z Unpacking libva-drm2:amd64 (2.20.0-2ubuntu0.1) ...
test	Install Playwright browsers	2026-03-14T20:19:24.1081050Z Selecting previously unselected package libva-x11-2:amd64.
test	Install Playwright browsers	2026-03-14T20:19:24.1244397Z Preparing to unpack .../018-libva-x11-2_2.20.0-2ubuntu0.1_amd64.deb ...
test	Install Playwright browsers	2026-03-14T20:19:24.1254178Z Unpacking libva-x11-2:amd64 (2.20.0-2ubuntu0.1) ...
test	Install Playwright browsers	2026-03-14T20:19:24.1485922Z Selecting previously unselected package libvdpau1:amd64.
test	Install Playwright browsers	2026-03-14T20:19:24.1649884Z Preparing to unpack .../019-libvdpau1_1.5-2build1_amd64.deb ...
test	Install Playwright browsers	2026-03-14T20:19:24.1659791Z Unpacking libvdpau1:amd64 (1.5-2build1) ...
test	Install Playwright browsers	2026-03-14T20:19:24.1896790Z Selecting previously unselected package libvpl2.
test	Install Playwright browsers	2026-03-14T20:19:24.2060220Z Preparing to unpack .../020-libvpl2_2023.3.0-1build1_amd64.deb ...
test	Install Playwright browsers	2026-03-14T20:19:24.2071302Z Unpacking libvpl2 (2023.3.0-1build1) ...
test	Install Playwright browsers	2026-03-14T20:19:24.2323101Z Selecting previously unselected package ocl-icd-libopencl1:amd64.
test	Install Playwright browsers	2026-03-14T20:19:24.2484881Z Preparing to unpack .../021-ocl-icd-libopencl1_2.3.2-1build1_amd64.deb ...
test	Install Playwright browsers	2026-03-14T20:19:24.2496940Z Unpacking ocl-icd-libopencl1:amd64 (2.3.2-1build1) ...
test	Install Playwright browsers	2026-03-14T20:19:24.2808397Z Selecting previously unselected package libavutil58:amd64.
test	Install Playwright browsers	2026-03-14T20:19:24.2970710Z Preparing to unpack .../022-libavutil58_7%3a6.1.1-3ubuntu5_amd64.deb ...
test	Install Playwright browsers	2026-03-14T20:19:24.2979977Z Unpacking libavutil58:amd64 (7:6.1.1-3ubuntu5) ...
test	Install Playwright browsers	2026-03-14T20:19:24.3267378Z Selecting previously unselected package libcodec2-1.2:amd64.
test	Install Playwright browsers	2026-03-14T20:19:24.3435076Z Preparing to unpack .../023-libcodec2-1.2_1.2.0-2build1_amd64.deb ...
test	Install Playwright browsers	2026-03-14T20:19:24.3443712Z Unpacking libcodec2-1.2:amd64 (1.2.0-2build1) ...
test	Install Playwright browsers	2026-03-14T20:19:24.4245134Z Selecting previously unselected package libdav1d7:amd64.
test	Install Playwright browsers	2026-03-14T20:19:24.4410488Z Preparing to unpack .../024-libdav1d7_1.4.1-1build1_amd64.deb ...
test	Install Playwright browsers	2026-03-14T20:19:24.4419395Z Unpacking libdav1d7:amd64 (1.4.1-1build1) ...
test	Install Playwright browsers	2026-03-14T20:19:24.4831684Z Selecting previously unselected package libgsm1:amd64.
test	Install Playwright browsers	2026-03-14T20:19:24.4997514Z Preparing to unpack .../025-libgsm1_1.0.22-1build1_amd64.deb ...
test	Install Playwright browsers	2026-03-14T20:19:24.5006177Z Unpacking libgsm1:amd64 (1.0.22-1build1) ...
test	Install Playwright browsers	2026-03-14T20:19:24.5240836Z Selecting previously unselected package libhwy1t64:amd64.
test	Install Playwright browsers	2026-03-14T20:19:24.5404227Z Preparing to unpack .../026-libhwy1t64_1.0.7-8.1build1_amd64.deb ...
test	Install Playwright browsers	2026-03-14T20:19:24.5412351Z Unpacking libhwy1t64:amd64 (1.0.7-8.1build1) ...
test	Install Playwright browsers	2026-03-14T20:19:24.5762496Z Selecting previously unselected package libjxl0.7:amd64.
test	Install Playwright browsers	2026-03-14T20:19:24.5925772Z Preparing to unpack .../027-libjxl0.7_0.7.0-10.2ubuntu6.1_amd64.deb ...
test	Install Playwright browsers	2026-03-14T20:19:24.5934854Z Unpacking libjxl0.7:amd64 (0.7.0-10.2ubuntu6.1) ...
test	Install Playwright browsers	2026-03-14T20:19:24.6307142Z Selecting previously unselected package libmp3lame0:amd64.
test	Install Playwright browsers	2026-03-14T20:19:24.6467978Z Preparing to unpack .../028-libmp3lame0_3.100-6build1_amd64.deb ...
test	Install Playwright browsers	2026-03-14T20:19:24.6476984Z Unpacking libmp3lame0:amd64 (3.100-6build1) ...
test	Install Playwright browsers	2026-03-14T20:19:24.6724892Z Selecting previously unselected package libopus0:amd64.
test	Install Playwright browsers	2026-03-14T20:19:24.6888026Z Preparing to unpack .../029-libopus0_1.4-1build1_amd64.deb ...
test	Install Playwright browsers	2026-03-14T20:19:24.6898126Z Unpacking libopus0:amd64 (1.4-1build1) ...
test	Install Playwright browsers	2026-03-14T20:19:24.7156105Z Selecting previously unselected package librav1e0:amd64.
test	Install Playwright browsers	2026-03-14T20:19:24.7317631Z Preparing to unpack .../030-librav1e0_0.7.1-2_amd64.deb ...
test	Install Playwright browsers	2026-03-14T20:19:24.7327399Z Unpacking librav1e0:amd64 (0.7.1-2) ...
test	Install Playwright browsers	2026-03-14T20:19:24.7691140Z Selecting previously unselected package librsvg2-2:amd64.
test	Install Playwright browsers	2026-03-14T20:19:24.7852837Z Preparing to unpack .../031-librsvg2-2_2.58.0+dfsg-1build1_amd64.deb ...
test	Install Playwright browsers	2026-03-14T20:19:24.7866244Z Unpacking librsvg2-2:amd64 (2.58.0+dfsg-1build1) ...
test	Install Playwright browsers	2026-03-14T20:19:24.8382996Z Selecting previously unselected package libshine3:amd64.
test	Install Playwright browsers	2026-03-14T20:19:24.8544926Z Preparing to unpack .../032-libshine3_3.1.1-2build1_amd64.deb ...
test	Install Playwright browsers	2026-03-14T20:19:24.8554072Z Unpacking libshine3:amd64 (3.1.1-2build1) ...
test	Install Playwright browsers	2026-03-14T20:19:24.8783750Z Selecting previously unselected package libspeex1:amd64.
test	Install Playwright browsers	2026-03-14T20:19:24.8946377Z Preparing to unpack .../033-libspeex1_1.2.1-2ubuntu2.24.04.1_amd64.deb ...
test	Install Playwright browsers	2026-03-14T20:19:24.8955501Z Unpacking libspeex1:amd64 (1.2.1-2ubuntu2.24.04.1) ...
test	Install Playwright browsers	2026-03-14T20:19:24.9183428Z Selecting previously unselected package libsvtav1enc1d1:amd64.
test	Install Playwright browsers	2026-03-14T20:19:24.9347125Z Preparing to unpack .../034-libsvtav1enc1d1_1.7.0+dfsg-2build1_amd64.deb ...
test	Install Playwright browsers	2026-03-14T20:19:24.9356622Z Unpacking libsvtav1enc1d1:amd64 (1.7.0+dfsg-2build1) ...
test	Install Playwright browsers	2026-03-14T20:19:24.9906263Z Selecting previously unselected package libsoxr0:amd64.
test	Install Playwright browsers	2026-03-14T20:19:25.0067723Z Preparing to unpack .../035-libsoxr0_0.1.3-4build3_amd64.deb ...
test	Install Playwright browsers	2026-03-14T20:19:25.0078141Z Unpacking libsoxr0:amd64 (0.1.3-4build3) ...
test	Install Playwright browsers	2026-03-14T20:19:25.0313292Z Selecting previously unselected package libswresample4:amd64.
test	Install Playwright browsers	2026-03-14T20:19:25.0477295Z Preparing to unpack .../036-libswresample4_7%3a6.1.1-3ubuntu5_amd64.deb ...
test	Install Playwright browsers	2026-03-14T20:19:25.0486753Z Unpacking libswresample4:amd64 (7:6.1.1-3ubuntu5) ...
test	Install Playwright browsers	2026-03-14T20:19:25.0736690Z Selecting previously unselected package libtheora0:amd64.
test	Install Playwright browsers	2026-03-14T20:19:25.0900783Z Preparing to unpack .../037-libtheora0_1.1.1+dfsg.1-16.1build3_amd64.deb ...
test	Install Playwright browsers	2026-03-14T20:19:25.0910990Z Unpacking libtheora0:amd64 (1.1.1+dfsg.1-16.1build3) ...
test	Install Playwright browsers	2026-03-14T20:19:25.1174662Z Selecting previously unselected package libtwolame0:amd64.
test	Install Playwright browsers	2026-03-14T20:19:25.1337590Z Preparing to unpack .../038-libtwolame0_0.4.0-2build3_amd64.deb ...
test	Install Playwright browsers	2026-03-14T20:19:25.1346899Z Unpacking libtwolame0:amd64 (0.4.0-2build3) ...
test	Install Playwright browsers	2026-03-14T20:19:25.1580443Z Selecting previously unselected package libvorbisenc2:amd64.
test	Install Playwright browsers	2026-03-14T20:19:25.1745877Z Preparing to unpack .../039-libvorbisenc2_1.3.7-1build3_amd64.deb ...
test	Install Playwright browsers	2026-03-14T20:19:25.1754539Z Unpacking libvorbisenc2:amd64 (1.3.7-1build3) ...
test	Install Playwright browsers	2026-03-14T20:19:25.2012124Z Selecting previously unselected package libvpx9:amd64.
test	Install Playwright browsers	2026-03-14T20:19:25.2179131Z Preparing to unpack .../040-libvpx9_1.14.0-1ubuntu2.3_amd64.deb ...
test	Install Playwright browsers	2026-03-14T20:19:25.2188579Z Unpacking libvpx9:amd64 (1.14.0-1ubuntu2.3) ...
test	Install Playwright browsers	2026-03-14T20:19:25.2606599Z Selecting previously unselected package libx264-164:amd64.
test	Install Playwright browsers	2026-03-14T20:19:25.2773138Z Preparing to unpack .../041-libx264-164_2%3a0.164.3108+git31e19f9-1_amd64.deb ...
test	Install Playwright browsers	2026-03-14T20:19:25.2782695Z Unpacking libx264-164:amd64 (2:0.164.3108+git31e19f9-1) ...
test	Install Playwright browsers	2026-03-14T20:19:25.3095754Z Selecting previously unselected package libx265-199:amd64.
test	Install Playwright browsers	2026-03-14T20:19:25.3261701Z Preparing to unpack .../042-libx265-199_3.5-2build1_amd64.deb ...
test	Install Playwright browsers	2026-03-14T20:19:25.3270063Z Unpacking libx265-199:amd64 (3.5-2build1) ...
test	Install Playwright browsers	2026-03-14T20:19:25.4014243Z Selecting previously unselected package libxvidcore4:amd64.
test	Install Playwright browsers	2026-03-14T20:19:25.4179644Z Preparing to unpack .../043-libxvidcore4_2%3a1.3.7-1build1_amd64.deb ...
test	Install Playwright browsers	2026-03-14T20:19:25.4188180Z Unpacking libxvidcore4:amd64 (2:1.3.7-1build1) ...
test	Install Playwright browsers	2026-03-14T20:19:25.4437222Z Selecting previously unselected package libzvbi-common.
test	Install Playwright browsers	2026-03-14T20:19:25.4600638Z Preparing to unpack .../044-libzvbi-common_0.2.42-2_all.deb ...
test	Install Playwright browsers	2026-03-14T20:19:25.4609237Z Unpacking libzvbi-common (0.2.42-2) ...
test	Install Playwright browsers	2026-03-14T20:19:25.5283901Z Selecting previously unselected package libzvbi0t64:amd64.
test	Install Playwright browsers	2026-03-14T20:19:25.5451116Z Preparing to unpack .../045-libzvbi0t64_0.2.42-2_amd64.deb ...
test	Install Playwright browsers	2026-03-14T20:19:25.5461110Z Unpacking libzvbi0t64:amd64 (0.2.42-2) ...
test	Install Playwright browsers	2026-03-14T20:19:25.5744997Z Selecting previously unselected package libavcodec60:amd64.
test	Install Playwright browsers	2026-03-14T20:19:25.5913650Z Preparing to unpack .../046-libavcodec60_7%3a6.1.1-3ubuntu5_amd64.deb ...
test	Install Playwright browsers	2026-03-14T20:19:25.5923804Z Unpacking libavcodec60:amd64 (7:6.1.1-3ubuntu5) ...
test	Install Playwright browsers	2026-03-14T20:19:25.7007954Z Preparing to unpack .../047-libfreetype6_2.13.2+dfsg-1ubuntu0.1_amd64.deb ...
test	Install Playwright browsers	2026-03-14T20:19:25.7138283Z Unpacking libfreetype6:amd64 (2.13.2+dfsg-1ubuntu0.1) over (2.13.2+dfsg-1build3) ...
test	Install Playwright browsers	2026-03-14T20:19:25.7468153Z Selecting previously unselected package libunibreak5:amd64.
test	Install Playwright browsers	2026-03-14T20:19:25.7635440Z Preparing to unpack .../048-libunibreak5_5.1-2build1_amd64.deb ...
test	Install Playwright browsers	2026-03-14T20:19:25.7647966Z Unpacking libunibreak5:amd64 (5.1-2build1) ...
test	Install Playwright browsers	2026-03-14T20:19:25.7889851Z Selecting previously unselected package libass9:amd64.
test	Install Playwright browsers	2026-03-14T20:19:25.8055173Z Preparing to unpack .../049-libass9_1%3a0.17.1-2build1_amd64.deb ...
test	Install Playwright browsers	2026-03-14T20:19:25.8064087Z Unpacking libass9:amd64 (1:0.17.1-2build1) ...
test	Install Playwright browsers	2026-03-14T20:19:25.8327480Z Selecting previously unselected package libudfread0:amd64.
test	Install Playwright browsers	2026-03-14T20:19:25.8493760Z Preparing to unpack .../050-libudfread0_1.1.2-1build1_amd64.deb ...
test	Install Playwright browsers	2026-03-14T20:19:25.8504105Z Unpacking libudfread0:amd64 (1.1.2-1build1) ...
test	Install Playwright browsers	2026-03-14T20:19:25.8736639Z Selecting previously unselected package libbluray2:amd64.
test	Install Playwright browsers	2026-03-14T20:19:25.8900321Z Preparing to unpack .../051-libbluray2_1%3a1.3.4-1build1_amd64.deb ...
test	Install Playwright browsers	2026-03-14T20:19:25.8909417Z Unpacking libbluray2:amd64 (1:1.3.4-1build1) ...
test	Install Playwright browsers	2026-03-14T20:19:25.9158533Z Selecting previously unselected package libchromaprint1:amd64.
test	Install Playwright browsers	2026-03-14T20:19:25.9321855Z Preparing to unpack .../052-libchromaprint1_1.5.1-5_amd64.deb ...
test	Install Playwright browsers	2026-03-14T20:19:25.9332570Z Unpacking libchromaprint1:amd64 (1.5.1-5) ...
test	Install Playwright browsers	2026-03-14T20:19:25.9566053Z Selecting previously unselected package libgme0:amd64.
test	Install Playwright browsers	2026-03-14T20:19:25.9730852Z Preparing to unpack .../053-libgme0_0.6.3-7build1_amd64.deb ...
test	Install Playwright browsers	2026-03-14T20:19:25.9739143Z Unpacking libgme0:amd64 (0.6.3-7build1) ...
test	Install Playwright browsers	2026-03-14T20:19:25.9984598Z Selecting previously unselected package libmpg123-0t64:amd64.
test	Install Playwright browsers	2026-03-14T20:19:26.0147148Z Preparing to unpack .../054-libmpg123-0t64_1.32.5-1ubuntu1.1_amd64.deb ...
test	Install Playwright browsers	2026-03-14T20:19:26.0160004Z Unpacking libmpg123-0t64:amd64 (1.32.5-1ubuntu1.1) ...
test	Install Playwright browsers	2026-03-14T20:19:26.0440885Z Selecting previously unselected package libopenmpt0t64:amd64.
test	Install Playwright browsers	2026-03-14T20:19:26.0604434Z Preparing to unpack .../055-libopenmpt0t64_0.7.3-1.1build3_amd64.deb ...
test	Install Playwright browsers	2026-03-14T20:19:26.0615809Z Unpacking libopenmpt0t64:amd64 (0.7.3-1.1build3) ...
test	Install Playwright browsers	2026-03-14T20:19:26.0915632Z Selecting previously unselected package libcjson1:amd64.
test	Install Playwright browsers	2026-03-14T20:19:26.1078466Z Preparing to unpack .../056-libcjson1_1.7.17-1_amd64.deb ...
test	Install Playwright browsers	2026-03-14T20:19:26.1088608Z Unpacking libcjson1:amd64 (1.7.17-1) ...
test	Install Playwright browsers	2026-03-14T20:19:26.1323813Z Selecting previously unselected package libmbedcrypto7t64:amd64.
test	Install Playwright browsers	2026-03-14T20:19:26.1487704Z Preparing to unpack .../057-libmbedcrypto7t64_2.28.8-1_amd64.deb ...
test	Install Playwright browsers	2026-03-14T20:19:26.1497740Z Unpacking libmbedcrypto7t64:amd64 (2.28.8-1) ...
test	Install Playwright browsers	2026-03-14T20:19:26.1756146Z Selecting previously unselected package librist4:amd64.
test	Install Playwright browsers	2026-03-14T20:19:26.1918640Z Preparing to unpack .../058-librist4_0.2.10+dfsg-2_amd64.deb ...
test	Install Playwright browsers	2026-03-14T20:19:26.1927819Z Unpacking librist4:amd64 (0.2.10+dfsg-2) ...
test	Install Playwright browsers	2026-03-14T20:19:26.2166507Z Selecting previously unselected package libsrt1.5-gnutls:amd64.
test	Install Playwright browsers	2026-03-14T20:19:26.2329979Z Preparing to unpack .../059-libsrt1.5-gnutls_1.5.3-1build2_amd64.deb ...
test	Install Playwright browsers	2026-03-14T20:19:26.2355581Z Unpacking libsrt1.5-gnutls:amd64 (1.5.3-1build2) ...
test	Install Playwright browsers	2026-03-14T20:19:26.2611899Z Selecting previously unselected package libssh-gcrypt-4:amd64.
test	Install Playwright browsers	2026-03-14T20:19:26.2772946Z Preparing to unpack .../060-libssh-gcrypt-4_0.10.6-2ubuntu0.3_amd64.deb ...
test	Install Playwright browsers	2026-03-14T20:19:26.2782203Z Unpacking libssh-gcrypt-4:amd64 (0.10.6-2ubuntu0.3) ...
test	Install Playwright browsers	2026-03-14T20:19:26.3040942Z Selecting previously unselected package libavformat60:amd64.
test	Install Playwright browsers	2026-03-14T20:19:26.3203570Z Preparing to unpack .../061-libavformat60_7%3a6.1.1-3ubuntu5_amd64.deb ...
test	Install Playwright browsers	2026-03-14T20:19:26.3213534Z Unpacking libavformat60:amd64 (7:6.1.1-3ubuntu5) ...
test	Install Playwright browsers	2026-03-14T20:19:26.3576672Z Selecting previously unselected package libbs2b0:amd64.
test	Install Playwright browsers	2026-03-14T20:19:26.3742848Z Preparing to unpack .../062-libbs2b0_3.1.0+dfsg-7build1_amd64.deb ...
test	Install Playwright browsers	2026-03-14T20:19:26.3752554Z Unpacking libbs2b0:amd64 (3.1.0+dfsg-7build1) ...
test	Install Playwright browsers	2026-03-14T20:19:26.4006369Z Selecting previously unselected package libflite1:amd64.
test	Install Playwright browsers	2026-03-14T20:19:26.4173224Z Preparing to unpack .../063-libflite1_2.2-6build3_amd64.deb ...
test	Install Playwright browsers	2026-03-14T20:19:26.4182870Z Unpacking libflite1:amd64 (2.2-6build3) ...
test	Install Playwright browsers	2026-03-14T20:19:26.5424502Z Selecting previously unselected package libserd-0-0:amd64.
test	Install Playwright browsers	2026-03-14T20:19:26.5585749Z Preparing to unpack .../064-libserd-0-0_0.32.2-1_amd64.deb ...
test	Install Playwright browsers	2026-03-14T20:19:26.5595743Z Unpacking libserd-0-0:amd64 (0.32.2-1) ...
test	Install Playwright browsers	2026-03-14T20:19:26.5830579Z Selecting previously unselected package libzix-0-0:amd64.
test	Install Playwright browsers	2026-03-14T20:19:26.5994735Z Preparing to unpack .../065-libzix-0-0_0.4.2-2build1_amd64.deb ...
test	Install Playwright browsers	2026-03-14T20:19:26.6005591Z Unpacking libzix-0-0:amd64 (0.4.2-2build1) ...
test	Install Playwright browsers	2026-03-14T20:19:26.6235199Z Selecting previously unselected package libsord-0-0:amd64.
test	Install Playwright browsers	2026-03-14T20:19:26.6399176Z Preparing to unpack .../066-libsord-0-0_0.16.16-2build1_amd64.deb ...
test	Install Playwright browsers	2026-03-14T20:19:26.6410945Z Unpacking libsord-0-0:amd64 (0.16.16-2build1) ...
test	Install Playwright browsers	2026-03-14T20:19:26.6641694Z Selecting previously unselected package libsratom-0-0:amd64.
test	Install Playwright browsers	2026-03-14T20:19:26.6807281Z Preparing to unpack .../067-libsratom-0-0_0.6.16-1build1_amd64.deb ...
test	Install Playwright browsers	2026-03-14T20:19:26.6822259Z Unpacking libsratom-0-0:amd64 (0.6.16-1build1) ...
test	Install Playwright browsers	2026-03-14T20:19:26.7053197Z Selecting previously unselected package liblilv-0-0:amd64.
test	Install Playwright browsers	2026-03-14T20:19:26.7219250Z Preparing to unpack .../068-liblilv-0-0_0.24.22-1build1_amd64.deb ...
test	Install Playwright browsers	2026-03-14T20:19:26.7233167Z Unpacking liblilv-0-0:amd64 (0.24.22-1build1) ...
test	Install Playwright browsers	2026-03-14T20:19:26.7501544Z Selecting previously unselected package libmysofa1:amd64.
test	Install Playwright browsers	2026-03-14T20:19:26.7665762Z Preparing to unpack .../069-libmysofa1_1.3.2+dfsg-2ubuntu2_amd64.deb ...
test	Install Playwright browsers	2026-03-14T20:19:26.7674853Z Unpacking libmysofa1:amd64 (1.3.2+dfsg-2ubuntu2) ...
test	Install Playwright browsers	2026-03-14T20:19:26.7967597Z Selecting previously unselected package libplacebo338:amd64.
test	Install Playwright browsers	2026-03-14T20:19:26.8134306Z Preparing to unpack .../070-libplacebo338_6.338.2-2build1_amd64.deb ...
test	Install Playwright browsers	2026-03-14T20:19:26.8144412Z Unpacking libplacebo338:amd64 (6.338.2-2build1) ...
test	Install Playwright browsers	2026-03-14T20:19:26.8731526Z Selecting previously unselected package libblas3:amd64.
test	Install Playwright browsers	2026-03-14T20:19:26.8898704Z Preparing to unpack .../071-libblas3_3.12.0-3build1.1_amd64.deb ...
test	Install Playwright browsers	2026-03-14T20:19:26.8938396Z Unpacking libblas3:amd64 (3.12.0-3build1.1) ...
test	Install Playwright browsers	2026-03-14T20:19:26.9225623Z Selecting previously unselected package liblapack3:amd64.
test	Install Playwright browsers	2026-03-14T20:19:26.9391548Z Preparing to unpack .../072-liblapack3_3.12.0-3build1.1_amd64.deb ...
test	Install Playwright browsers	2026-03-14T20:19:26.9430409Z Unpacking liblapack3:amd64 (3.12.0-3build1.1) ...
test	Install Playwright browsers	2026-03-14T20:19:26.9980766Z Selecting previously unselected package libasyncns0:amd64.
test	Install Playwright browsers	2026-03-14T20:19:27.0146619Z Preparing to unpack .../073-libasyncns0_0.8-6build4_amd64.deb ...
test	Install Playwright browsers	2026-03-14T20:19:27.0155865Z Unpacking libasyncns0:amd64 (0.8-6build4) ...
test	Install Playwright browsers	2026-03-14T20:19:27.0394015Z Selecting previously unselected package libflac12t64:amd64.
test	Install Playwright browsers	2026-03-14T20:19:27.0561738Z Preparing to unpack .../074-libflac12t64_1.4.3+ds-2.1ubuntu2_amd64.deb ...
test	Install Playwright browsers	2026-03-14T20:19:27.0571013Z Unpacking libflac12t64:amd64 (1.4.3+ds-2.1ubuntu2) ...
test	Install Playwright browsers	2026-03-14T20:19:27.0848730Z Selecting previously unselected package libsndfile1:amd64.
test	Install Playwright browsers	2026-03-14T20:19:27.1014896Z Preparing to unpack .../075-libsndfile1_1.2.2-1ubuntu5.24.04.1_amd64.deb ...
test	Install Playwright browsers	2026-03-14T20:19:27.1024696Z Unpacking libsndfile1:amd64 (1.2.2-1ubuntu5.24.04.1) ...
test	Install Playwright browsers	2026-03-14T20:19:27.1309065Z Selecting previously unselected package libpulse0:amd64.
test	Install Playwright browsers	2026-03-14T20:19:27.1473446Z Preparing to unpack .../076-libpulse0_1%3a16.1+dfsg1-2ubuntu10.1_amd64.deb ...
test	Install Playwright browsers	2026-03-14T20:19:27.1546082Z Unpacking libpulse0:amd64 (1:16.1+dfsg1-2ubuntu10.1) ...
test	Install Playwright browsers	2026-03-14T20:19:27.1971104Z Selecting previously unselected package libsphinxbase3t64:amd64.
test	Install Playwright browsers	2026-03-14T20:19:27.2137161Z Preparing to unpack .../077-libsphinxbase3t64_0.8+5prealpha+1-17build2_amd64.deb ...
test	Install Playwright browsers	2026-03-14T20:19:27.2146760Z Unpacking libsphinxbase3t64:amd64 (0.8+5prealpha+1-17build2) ...
test	Install Playwright browsers	2026-03-14T20:19:27.2405230Z Selecting previously unselected package libpocketsphinx3:amd64.
test	Install Playwright browsers	2026-03-14T20:19:27.2572145Z Preparing to unpack .../078-libpocketsphinx3_0.8.0+real5prealpha+1-15ubuntu5_amd64.deb ...
test	Install Playwright browsers	2026-03-14T20:19:27.2581710Z Unpacking libpocketsphinx3:amd64 (0.8.0+real5prealpha+1-15ubuntu5) ...
test	Install Playwright browsers	2026-03-14T20:19:27.2850843Z Selecting previously unselected package libpostproc57:amd64.
test	Install Playwright browsers	2026-03-14T20:19:27.3017446Z Preparing to unpack .../079-libpostproc57_7%3a6.1.1-3ubuntu5_amd64.deb ...
test	Install Playwright browsers	2026-03-14T20:19:27.3027201Z Unpacking libpostproc57:amd64 (7:6.1.1-3ubuntu5) ...
test	Install Playwright browsers	2026-03-14T20:19:27.3298612Z Selecting previously unselected package libsamplerate0:amd64.
test	Install Playwright browsers	2026-03-14T20:19:27.3464515Z Preparing to unpack .../080-libsamplerate0_0.2.2-4build1_amd64.deb ...
test	Install Playwright browsers	2026-03-14T20:19:27.3473948Z Unpacking libsamplerate0:amd64 (0.2.2-4build1) ...
test	Install Playwright browsers	2026-03-14T20:19:27.3771300Z Selecting previously unselected package librubberband2:amd64.
test	Install Playwright browsers	2026-03-14T20:19:27.3935602Z Preparing to unpack .../081-librubberband2_3.3.0+dfsg-2build1_amd64.deb ...
test	Install Playwright browsers	2026-03-14T20:19:27.3946588Z Unpacking librubberband2:amd64 (3.3.0+dfsg-2build1) ...
test	Install Playwright browsers	2026-03-14T20:19:27.4201759Z Selecting previously unselected package libswscale7:amd64.
test	Install Playwright browsers	2026-03-14T20:19:27.4368354Z Preparing to unpack .../082-libswscale7_7%3a6.1.1-3ubuntu5_amd64.deb ...
test	Install Playwright browsers	2026-03-14T20:19:27.4380446Z Unpacking libswscale7:amd64 (7:6.1.1-3ubuntu5) ...
test	Install Playwright browsers	2026-03-14T20:19:27.4644335Z Selecting previously unselected package libvidstab1.1:amd64.
test	Install Playwright browsers	2026-03-14T20:19:27.4810347Z Preparing to unpack .../083-libvidstab1.1_1.1.0-2build1_amd64.deb ...
test	Install Playwright browsers	2026-03-14T20:19:27.4822305Z Unpacking libvidstab1.1:amd64 (1.1.0-2build1) ...
test	Install Playwright browsers	2026-03-14T20:19:27.5063429Z Selecting previously unselected package libzimg2:amd64.
test	Install Playwright browsers	2026-03-14T20:19:27.5229380Z Preparing to unpack .../084-libzimg2_3.0.5+ds1-1build1_amd64.deb ...
test	Install Playwright browsers	2026-03-14T20:19:27.5239135Z Unpacking libzimg2:amd64 (3.0.5+ds1-1build1) ...
test	Install Playwright browsers	2026-03-14T20:19:27.5519742Z Selecting previously unselected package libavfilter9:amd64.
test	Install Playwright browsers	2026-03-14T20:19:27.5687011Z Preparing to unpack .../085-libavfilter9_7%3a6.1.1-3ubuntu5_amd64.deb ...
test	Install Playwright browsers	2026-03-14T20:19:27.5696256Z Unpacking libavfilter9:amd64 (7:6.1.1-3ubuntu5) ...
test	Install Playwright browsers	2026-03-14T20:19:27.6482224Z Selecting previously unselected package liborc-0.4-0t64:amd64.
test	Install Playwright browsers	2026-03-14T20:19:27.6645782Z Preparing to unpack .../086-liborc-0.4-0t64_1%3a0.4.38-1ubuntu0.1_amd64.deb ...
test	Install Playwright browsers	2026-03-14T20:19:27.6655361Z Unpacking liborc-0.4-0t64:amd64 (1:0.4.38-1ubuntu0.1) ...
test	Install Playwright browsers	2026-03-14T20:19:27.6921733Z Selecting previously unselected package libgstreamer-plugins-base1.0-0:amd64.
test	Install Playwright browsers	2026-03-14T20:19:27.7084601Z Preparing to unpack .../087-libgstreamer-plugins-base1.0-0_1.24.2-1ubuntu0.3_amd64.deb ...
test	Install Playwright browsers	2026-03-14T20:19:27.7095247Z Unpacking libgstreamer-plugins-base1.0-0:amd64 (1.24.2-1ubuntu0.3) ...
test	Install Playwright browsers	2026-03-14T20:19:27.7443605Z Selecting previously unselected package gstreamer1.0-libav:amd64.
test	Install Playwright browsers	2026-03-14T20:19:27.7608254Z Preparing to unpack .../088-gstreamer1.0-libav_1.24.1-1build1_amd64.deb ...
test	Install Playwright browsers	2026-03-14T20:19:27.7620828Z Unpacking gstreamer1.0-libav:amd64 (1.24.1-1build1) ...
test	Install Playwright browsers	2026-03-14T20:19:27.7871135Z Selecting previously unselected package libcdparanoia0:amd64.
test	Install Playwright browsers	2026-03-14T20:19:27.8032174Z Preparing to unpack .../089-libcdparanoia0_3.10.2+debian-14build3_amd64.deb ...
test	Install Playwright browsers	2026-03-14T20:19:27.8042867Z Unpacking libcdparanoia0:amd64 (3.10.2+debian-14build3) ...
test	Install Playwright browsers	2026-03-14T20:19:27.8293376Z Selecting previously unselected package libvisual-0.4-0:amd64.
test	Install Playwright browsers	2026-03-14T20:19:27.8474063Z Preparing to unpack .../090-libvisual-0.4-0_0.4.2-2build1_amd64.deb ...
test	Install Playwright browsers	2026-03-14T20:19:27.8501605Z Unpacking libvisual-0.4-0:amd64 (0.4.2-2build1) ...
test	Install Playwright browsers	2026-03-14T20:19:27.8750232Z Selecting previously unselected package gstreamer1.0-plugins-base:amd64.
test	Install Playwright browsers	2026-03-14T20:19:27.8912338Z Preparing to unpack .../091-gstreamer1.0-plugins-base_1.24.2-1ubuntu0.3_amd64.deb ...
test	Install Playwright browsers	2026-03-14T20:19:27.8921379Z Unpacking gstreamer1.0-plugins-base:amd64 (1.24.2-1ubuntu0.3) ...
test	Install Playwright browsers	2026-03-14T20:19:27.9278061Z Selecting previously unselected package libaa1:amd64.
test	Install Playwright browsers	2026-03-14T20:19:27.9443609Z Preparing to unpack .../092-libaa1_1.4p5-51.1_amd64.deb ...
test	Install Playwright browsers	2026-03-14T20:19:27.9453007Z Unpacking libaa1:amd64 (1.4p5-51.1) ...
test	Install Playwright browsers	2026-03-14T20:19:27.9701146Z Selecting previously unselected package libraw1394-11:amd64.
test	Install Playwright browsers	2026-03-14T20:19:27.9867912Z Preparing to unpack .../093-libraw1394-11_2.1.2-2build3_amd64.deb ...
test	Install Playwright browsers	2026-03-14T20:19:27.9877065Z Unpacking libraw1394-11:amd64 (2.1.2-2build3) ...
test	Install Playwright browsers	2026-03-14T20:19:28.0175041Z Selecting previously unselected package libavc1394-0:amd64.
test	Install Playwright browsers	2026-03-14T20:19:28.0340567Z Preparing to unpack .../094-libavc1394-0_0.5.4-5build3_amd64.deb ...
test	Install Playwright browsers	2026-03-14T20:19:28.0350936Z Unpacking libavc1394-0:amd64 (0.5.4-5build3) ...
test	Install Playwright browsers	2026-03-14T20:19:28.0579259Z Selecting previously unselected package libcaca0:amd64.
test	Install Playwright browsers	2026-03-14T20:19:28.0746666Z Preparing to unpack .../095-libcaca0_0.99.beta20-4ubuntu0.1_amd64.deb ...
test	Install Playwright browsers	2026-03-14T20:19:28.0755868Z Unpacking libcaca0:amd64 (0.99.beta20-4ubuntu0.1) ...
test	Install Playwright browsers	2026-03-14T20:19:28.1034378Z Selecting previously unselected package libdv4t64:amd64.
test	Install Playwright browsers	2026-03-14T20:19:28.1200411Z Preparing to unpack .../096-libdv4t64_1.0.0-17.1build1_amd64.deb ...
test	Install Playwright browsers	2026-03-14T20:19:28.1208587Z Unpacking libdv4t64:amd64 (1.0.0-17.1build1) ...
test	Install Playwright browsers	2026-03-14T20:19:28.1455448Z Selecting previously unselected package libgstreamer-plugins-good1.0-0:amd64.
test	Install Playwright browsers	2026-03-14T20:19:28.1618817Z Preparing to unpack .../097-libgstreamer-plugins-good1.0-0_1.24.2-1ubuntu1.2_amd64.deb ...
test	Install Playwright browsers	2026-03-14T20:19:28.1628147Z Unpacking libgstreamer-plugins-good1.0-0:amd64 (1.24.2-1ubuntu1.2) ...
test	Install Playwright browsers	2026-03-14T20:19:28.1870594Z Selecting previously unselected package libiec61883-0:amd64.
test	Install Playwright browsers	2026-03-14T20:19:28.2034967Z Preparing to unpack .../098-libiec61883-0_1.2.0-6build1_amd64.deb ...
test	Install Playwright browsers	2026-03-14T20:19:28.2044866Z Unpacking libiec61883-0:amd64 (1.2.0-6build1) ...
test	Install Playwright browsers	2026-03-14T20:19:28.2287815Z Selecting previously unselected package libshout3:amd64.
test	Install Playwright browsers	2026-03-14T20:19:28.2453434Z Preparing to unpack .../099-libshout3_2.4.6-1build2_amd64.deb ...
test	Install Playwright browsers	2026-03-14T20:19:28.2462430Z Unpacking libshout3:amd64 (2.4.6-1build2) ...
test	Install Playwright browsers	2026-03-14T20:19:28.2714421Z Selecting previously unselected package libtag1v5-vanilla:amd64.
test	Install Playwright browsers	2026-03-14T20:19:28.2880566Z Preparing to unpack .../100-libtag1v5-vanilla_1.13.1-1build1_amd64.deb ...
test	Install Playwright browsers	2026-03-14T20:19:28.2888731Z Unpacking libtag1v5-vanilla:amd64 (1.13.1-1build1) ...
test	Install Playwright browsers	2026-03-14T20:19:28.3157953Z Selecting previously unselected package libtag1v5:amd64.
test	Install Playwright browsers	2026-03-14T20:19:28.3321998Z Preparing to unpack .../101-libtag1v5_1.13.1-1build1_amd64.deb ...
test	Install Playwright browsers	2026-03-14T20:19:28.3331069Z Unpacking libtag1v5:amd64 (1.13.1-1build1) ...
test	Install Playwright browsers	2026-03-14T20:19:28.3562707Z Selecting previously unselected package libv4lconvert0t64:amd64.
test	Install Playwright browsers	2026-03-14T20:19:28.3730949Z Preparing to unpack .../102-libv4lconvert0t64_1.26.1-4build3_amd64.deb ...
test	Install Playwright browsers	2026-03-14T20:19:28.3740125Z Unpacking libv4lconvert0t64:amd64 (1.26.1-4build3) ...
test	Install Playwright browsers	2026-03-14T20:19:28.4000256Z Selecting previously unselected package libv4l-0t64:amd64.
test	Install Playwright browsers	2026-03-14T20:19:28.4169302Z Preparing to unpack .../103-libv4l-0t64_1.26.1-4build3_amd64.deb ...
test	Install Playwright browsers	2026-03-14T20:19:28.4177931Z Unpacking libv4l-0t64:amd64 (1.26.1-4build3) ...
test	Install Playwright browsers	2026-03-14T20:19:28.4431753Z Selecting previously unselected package libwavpack1:amd64.
test	Install Playwright browsers	2026-03-14T20:19:28.4595023Z Preparing to unpack .../104-libwavpack1_5.6.0-1build1_amd64.deb ...
test	Install Playwright browsers	2026-03-14T20:19:28.4604486Z Unpacking libwavpack1:amd64 (5.6.0-1build1) ...
test	Install Playwright browsers	2026-03-14T20:19:28.4874410Z Selecting previously unselected package libsoup-3.0-common.
test	Install Playwright browsers	2026-03-14T20:19:28.5036883Z Preparing to unpack .../105-libsoup-3.0-common_3.4.4-5ubuntu0.7_all.deb ...
test	Install Playwright browsers	2026-03-14T20:19:28.5046848Z Unpacking libsoup-3.0-common (3.4.4-5ubuntu0.7) ...
test	Install Playwright browsers	2026-03-14T20:19:28.5278024Z Selecting previously unselected package libsoup-3.0-0:amd64.
test	Install Playwright browsers	2026-03-14T20:19:28.5443400Z Preparing to unpack .../106-libsoup-3.0-0_3.4.4-5ubuntu0.7_amd64.deb ...
test	Install Playwright browsers	2026-03-14T20:19:28.5453364Z Unpacking libsoup-3.0-0:amd64 (3.4.4-5ubuntu0.7) ...
test	Install Playwright browsers	2026-03-14T20:19:28.5707728Z Selecting previously unselected package gstreamer1.0-plugins-good:amd64.
test	Install Playwright browsers	2026-03-14T20:19:28.5874749Z Preparing to unpack .../107-gstreamer1.0-plugins-good_1.24.2-1ubuntu1.2_amd64.deb ...
test	Install Playwright browsers	2026-03-14T20:19:28.5885612Z Unpacking gstreamer1.0-plugins-good:amd64 (1.24.2-1ubuntu1.2) ...
test	Install Playwright browsers	2026-03-14T20:19:28.6505294Z Selecting previously unselected package libabsl20220623t64:amd64.
test	Install Playwright browsers	2026-03-14T20:19:28.6670495Z Preparing to unpack .../108-libabsl20220623t64_20220623.1-3.1ubuntu3.2_amd64.deb ...
test	Install Playwright browsers	2026-03-14T20:19:28.6679321Z Unpacking libabsl20220623t64:amd64 (20220623.1-3.1ubuntu3.2) ...
test	Install Playwright browsers	2026-03-14T20:19:28.7155573Z Selecting previously unselected package libgav1-1:amd64.
test	Install Playwright browsers	2026-03-14T20:19:28.7317901Z Preparing to unpack .../109-libgav1-1_0.18.0-1build3_amd64.deb ...
test	Install Playwright browsers	2026-03-14T20:19:28.7327128Z Unpacking libgav1-1:amd64 (0.18.0-1build3) ...
test	Install Playwright browsers	2026-03-14T20:19:28.7600104Z Selecting previously unselected package libyuv0:amd64.
test	Install Playwright browsers	2026-03-14T20:19:28.7762173Z Preparing to unpack .../110-libyuv0_0.0~git202401110.af6ac82-1_amd64.deb ...
test	Install Playwright browsers	2026-03-14T20:19:28.7772178Z Unpacking libyuv0:amd64 (0.0~git202401110.af6ac82-1) ...
test	Install Playwright browsers	2026-03-14T20:19:28.8024720Z Selecting previously unselected package libavif16:amd64.
test	Install Playwright browsers	2026-03-14T20:19:28.8186977Z Preparing to unpack .../111-libavif16_1.0.4-1ubuntu3_amd64.deb ...
test	Install Playwright browsers	2026-03-14T20:19:28.8196332Z Unpacking libavif16:amd64 (1.0.4-1ubuntu3) ...
test	Install Playwright browsers	2026-03-14T20:19:28.8432788Z Selecting previously unselected package libavtp0:amd64.
test	Install Playwright browsers	2026-03-14T20:19:28.8594524Z Preparing to unpack .../112-libavtp0_0.2.0-1build1_amd64.deb ...
test	Install Playwright browsers	2026-03-14T20:19:28.8604349Z Unpacking libavtp0:amd64 (0.2.0-1build1) ...
test	Install Playwright browsers	2026-03-14T20:19:28.8833752Z Selecting previously unselected package libcairo-script-interpreter2:amd64.
test	Install Playwright browsers	2026-03-14T20:19:28.8994962Z Preparing to unpack .../113-libcairo-script-interpreter2_1.18.0-3build1_amd64.deb ...
test	Install Playwright browsers	2026-03-14T20:19:28.9004514Z Unpacking libcairo-script-interpreter2:amd64 (1.18.0-3build1) ...
test	Install Playwright browsers	2026-03-14T20:19:28.9250782Z Selecting previously unselected package libdc1394-25:amd64.
test	Install Playwright browsers	2026-03-14T20:19:28.9419297Z Preparing to unpack .../114-libdc1394-25_2.2.6-4build1_amd64.deb ...
test	Install Playwright browsers	2026-03-14T20:19:28.9427982Z Unpacking libdc1394-25:amd64 (2.2.6-4build1) ...
test	Install Playwright browsers	2026-03-14T20:19:28.9670690Z Selecting previously unselected package libdecor-0-0:amd64.
test	Install Playwright browsers	2026-03-14T20:19:28.9835877Z Preparing to unpack .../115-libdecor-0-0_0.2.2-1build2_amd64.deb ...
test	Install Playwright browsers	2026-03-14T20:19:28.9845527Z Unpacking libdecor-0-0:amd64 (0.2.2-1build2) ...
test	Install Playwright browsers	2026-03-14T20:19:29.0076766Z Selecting previously unselected package libgles2:amd64.
test	Install Playwright browsers	2026-03-14T20:19:29.0239825Z Preparing to unpack .../116-libgles2_1.7.0-1build1_amd64.deb ...
test	Install Playwright browsers	2026-03-14T20:19:29.0273045Z Unpacking libgles2:amd64 (1.7.0-1build1) ...
test	Install Playwright browsers	2026-03-14T20:19:29.0501180Z Selecting previously unselected package libdirectfb-1.7-7t64:amd64.
test	Install Playwright browsers	2026-03-14T20:19:29.0664050Z Preparing to unpack .../117-libdirectfb-1.7-7t64_1.7.7-11.1ubuntu2_amd64.deb ...
test	Install Playwright browsers	2026-03-14T20:19:29.0674304Z Unpacking libdirectfb-1.7-7t64:amd64 (1.7.7-11.1ubuntu2) ...
test	Install Playwright browsers	2026-03-14T20:19:29.1109914Z Selecting previously unselected package libdvdread8t64:amd64.
test	Install Playwright browsers	2026-03-14T20:19:29.1273275Z Preparing to unpack .../118-libdvdread8t64_6.1.3-1.1build1_amd64.deb ...
test	Install Playwright browsers	2026-03-14T20:19:29.1283139Z Unpacking libdvdread8t64:amd64 (6.1.3-1.1build1) ...
test	Install Playwright browsers	2026-03-14T20:19:29.1523542Z Selecting previously unselected package libdvdnav4:amd64.
test	Install Playwright browsers	2026-03-14T20:19:29.1686130Z Preparing to unpack .../119-libdvdnav4_6.1.1-3build1_amd64.deb ...
test	Install Playwright browsers	2026-03-14T20:19:29.1695381Z Unpacking libdvdnav4:amd64 (6.1.1-3build1) ...
test	Install Playwright browsers	2026-03-14T20:19:29.1931855Z Selecting previously unselected package libegl-mesa0:amd64.
test	Install Playwright browsers	2026-03-14T20:19:29.2097193Z Preparing to unpack .../120-libegl-mesa0_25.2.8-0ubuntu0.24.04.1_amd64.deb ...
test	Install Playwright browsers	2026-03-14T20:19:29.2106865Z Unpacking libegl-mesa0:amd64 (25.2.8-0ubuntu0.24.04.1) ...
test	Install Playwright browsers	2026-03-14T20:19:29.2361098Z Selecting previously unselected package libevent-2.1-7t64:amd64.
test	Install Playwright browsers	2026-03-14T20:19:29.2524836Z Preparing to unpack .../121-libevent-2.1-7t64_2.1.12-stable-9ubuntu2_amd64.deb ...
test	Install Playwright browsers	2026-03-14T20:19:29.2535646Z Unpacking libevent-2.1-7t64:amd64 (2.1.12-stable-9ubuntu2) ...
test	Install Playwright browsers	2026-03-14T20:19:29.2779805Z Selecting previously unselected package libfaad2:amd64.
test	Install Playwright browsers	2026-03-14T20:19:29.2942459Z Preparing to unpack .../122-libfaad2_2.11.1-1build1_amd64.deb ...
test	Install Playwright browsers	2026-03-14T20:19:29.2951431Z Unpacking libfaad2:amd64 (2.11.1-1build1) ...
test	Install Playwright browsers	2026-03-14T20:19:29.3208694Z Selecting previously unselected package libinstpatch-1.0-2:amd64.
test	Install Playwright browsers	2026-03-14T20:19:29.3371623Z Preparing to unpack .../123-libinstpatch-1.0-2_1.1.6-1build2_amd64.deb ...
test	Install Playwright browsers	2026-03-14T20:19:29.3380316Z Unpacking libinstpatch-1.0-2:amd64 (1.1.6-1build2) ...
test	Install Playwright browsers	2026-03-14T20:19:29.3640858Z Selecting previously unselected package libjack-jackd2-0:amd64.
test	Install Playwright browsers	2026-03-14T20:19:29.3803536Z Preparing to unpack .../124-libjack-jackd2-0_1.9.21~dfsg-3ubuntu3_amd64.deb ...
test	Install Playwright browsers	2026-03-14T20:19:29.3812610Z Unpacking libjack-jackd2-0:amd64 (1.9.21~dfsg-3ubuntu3) ...
test	Install Playwright browsers	2026-03-14T20:19:29.4098489Z Selecting previously unselected package libwebrtc-audio-processing1:amd64.
test	Install Playwright browsers	2026-03-14T20:19:29.4263414Z Preparing to unpack .../125-libwebrtc-audio-processing1_0.3.1-0ubuntu6_amd64.deb ...
test	Install Playwright browsers	2026-03-14T20:19:29.4272672Z Unpacking libwebrtc-audio-processing1:amd64 (0.3.1-0ubuntu6) ...
test	Install Playwright browsers	2026-03-14T20:19:29.4531699Z Selecting previously unselected package libspa-0.2-modules:amd64.
test	Install Playwright browsers	2026-03-14T20:19:29.4697116Z Preparing to unpack .../126-libspa-0.2-modules_1.0.5-1ubuntu3.2_amd64.deb ...
test	Install Playwright browsers	2026-03-14T20:19:29.4706393Z Unpacking libspa-0.2-modules:amd64 (1.0.5-1ubuntu3.2) ...
test	Install Playwright browsers	2026-03-14T20:19:29.5057521Z Selecting previously unselected package libpipewire-0.3-0t64:amd64.
test	Install Playwright browsers	2026-03-14T20:19:29.5222237Z Preparing to unpack .../127-libpipewire-0.3-0t64_1.0.5-1ubuntu3.2_amd64.deb ...
test	Install Playwright browsers	2026-03-14T20:19:29.5230808Z Unpacking libpipewire-0.3-0t64:amd64 (1.0.5-1ubuntu3.2) ...
test	Install Playwright browsers	2026-03-14T20:19:29.5497249Z Selecting previously unselected package libsdl2-2.0-0:amd64.
test	Install Playwright browsers	2026-03-14T20:19:29.5660148Z Preparing to unpack .../128-libsdl2-2.0-0_2.30.0+dfsg-1ubuntu3.1_amd64.deb ...
test	Install Playwright browsers	2026-03-14T20:19:29.5669821Z Unpacking libsdl2-2.0-0:amd64 (2.30.0+dfsg-1ubuntu3.1) ...
test	Install Playwright browsers	2026-03-14T20:19:29.6012500Z Selecting previously unselected package timgm6mb-soundfont.
test	Install Playwright browsers	2026-03-14T20:19:29.6177554Z Preparing to unpack .../129-timgm6mb-soundfont_1.3-5_all.deb ...
test	Install Playwright browsers	2026-03-14T20:19:29.6187128Z Unpacking timgm6mb-soundfont (1.3-5) ...
test	Install Playwright browsers	2026-03-14T20:19:29.9660064Z Selecting previously unselected package libfluidsynth3:amd64.
test	Install Playwright browsers	2026-03-14T20:19:29.9828402Z Preparing to unpack .../130-libfluidsynth3_2.3.4-1build3_amd64.deb ...
test	Install Playwright browsers	2026-03-14T20:19:29.9836874Z Unpacking libfluidsynth3:amd64 (2.3.4-1build3) ...
test	Install Playwright browsers	2026-03-14T20:19:30.0101472Z Selecting previously unselected package libfreeaptx0:amd64.
test	Install Playwright browsers	2026-03-14T20:19:30.0269389Z Preparing to unpack .../131-libfreeaptx0_0.1.1-2build1_amd64.deb ...
test	Install Playwright browsers	2026-03-14T20:19:30.0278353Z Unpacking libfreeaptx0:amd64 (0.1.1-2build1) ...
test	Install Playwright browsers	2026-03-14T20:19:30.0516137Z Selecting previously unselected package libgraphene-1.0-0:amd64.
test	Install Playwright browsers	2026-03-14T20:19:30.0681456Z Preparing to unpack .../132-libgraphene-1.0-0_1.10.8-3build2_amd64.deb ...
test	Install Playwright browsers	2026-03-14T20:19:30.0691766Z Unpacking libgraphene-1.0-0:amd64 (1.10.8-3build2) ...
test	Install Playwright browsers	2026-03-14T20:19:30.0934390Z Selecting previously unselected package libgssdp-1.6-0:amd64.
test	Install Playwright browsers	2026-03-14T20:19:30.1099650Z Preparing to unpack .../133-libgssdp-1.6-0_1.6.3-1build3_amd64.deb ...
test	Install Playwright browsers	2026-03-14T20:19:30.1108751Z Unpacking libgssdp-1.6-0:amd64 (1.6.3-1build3) ...
test	Install Playwright browsers	2026-03-14T20:19:30.1349697Z Selecting previously unselected package libegl1:amd64.
test	Install Playwright browsers	2026-03-14T20:19:30.1516927Z Preparing to unpack .../134-libegl1_1.7.0-1build1_amd64.deb ...
test	Install Playwright browsers	2026-03-14T20:19:30.1525431Z Unpacking libegl1:amd64 (1.7.0-1build1) ...
test	Install Playwright browsers	2026-03-14T20:19:30.1773667Z Selecting previously unselected package libgstreamer-gl1.0-0:amd64.
test	Install Playwright browsers	2026-03-14T20:19:30.1939643Z Preparing to unpack .../135-libgstreamer-gl1.0-0_1.24.2-1ubuntu0.3_amd64.deb ...
test	Install Playwright browsers	2026-03-14T20:19:30.1948396Z Unpacking libgstreamer-gl1.0-0:amd64 (1.24.2-1ubuntu0.3) ...
test	Install Playwright browsers	2026-03-14T20:19:30.2192732Z Selecting previously unselected package libgtk-4-common.
test	Install Playwright browsers	2026-03-14T20:19:30.2354382Z Preparing to unpack .../136-libgtk-4-common_4.14.5+ds-0ubuntu0.9_all.deb ...
test	Install Playwright browsers	2026-03-14T20:19:30.2364109Z Unpacking libgtk-4-common (4.14.5+ds-0ubuntu0.9) ...
test	Install Playwright browsers	2026-03-14T20:19:30.2908185Z Selecting previously unselected package libgtk-4-1:amd64.
test	Install Playwright browsers	2026-03-14T20:19:30.3073993Z Preparing to unpack .../137-libgtk-4-1_4.14.5+ds-0ubuntu0.9_amd64.deb ...
test	Install Playwright browsers	2026-03-14T20:19:30.3082133Z Unpacking libgtk-4-1:amd64 (4.14.5+ds-0ubuntu0.9) ...
test	Install Playwright browsers	2026-03-14T20:19:30.3814205Z Selecting previously unselected package libgupnp-1.6-0:amd64.
test	Install Playwright browsers	2026-03-14T20:19:30.3977232Z Preparing to unpack .../138-libgupnp-1.6-0_1.6.6-1build3_amd64.deb ...
test	Install Playwright browsers	2026-03-14T20:19:30.3987724Z Unpacking libgupnp-1.6-0:amd64 (1.6.6-1build3) ...
test	Install Playwright browsers	2026-03-14T20:19:30.4456529Z Selecting previously unselected package libgupnp-igd-1.6-0:amd64.
test	Install Playwright browsers	2026-03-14T20:19:30.4625972Z Preparing to unpack .../139-libgupnp-igd-1.6-0_1.6.0-3build3_amd64.deb ...
test	Install Playwright browsers	2026-03-14T20:19:30.4649089Z Unpacking libgupnp-igd-1.6-0:amd64 (1.6.0-3build3) ...
test	Install Playwright browsers	2026-03-14T20:19:30.4969672Z Selecting previously unselected package libharfbuzz-icu0:amd64.
test	Install Playwright browsers	2026-03-14T20:19:30.5155802Z Preparing to unpack .../140-libharfbuzz-icu0_8.3.0-2build2_amd64.deb ...
test	Install Playwright browsers	2026-03-14T20:19:30.5166508Z Unpacking libharfbuzz-icu0:amd64 (8.3.0-2build2) ...
test	Install Playwright browsers	2026-03-14T20:19:30.5395801Z Selecting previously unselected package libhyphen0:amd64.
test	Install Playwright browsers	2026-03-14T20:19:30.5559753Z Preparing to unpack .../141-libhyphen0_2.8.8-7build3_amd64.deb ...
test	Install Playwright browsers	2026-03-14T20:19:30.5568552Z Unpacking libhyphen0:amd64 (2.8.8-7build3) ...
test	Install Playwright browsers	2026-03-14T20:19:30.5805429Z Selecting previously unselected package libimath-3-1-29t64:amd64.
test	Install Playwright browsers	2026-03-14T20:19:30.5969932Z Preparing to unpack .../142-libimath-3-1-29t64_3.1.9-3.1ubuntu2_amd64.deb ...
test	Install Playwright browsers	2026-03-14T20:19:30.5979552Z Unpacking libimath-3-1-29t64:amd64 (3.1.9-3.1ubuntu2) ...
test	Install Playwright browsers	2026-03-14T20:19:30.6233176Z Selecting previously unselected package liblc3-1:amd64.
test	Install Playwright browsers	2026-03-14T20:19:30.6394461Z Preparing to unpack .../143-liblc3-1_1.0.4-3build1_amd64.deb ...
test	Install Playwright browsers	2026-03-14T20:19:30.6403531Z Unpacking liblc3-1:amd64 (1.0.4-3build1) ...
test	Install Playwright browsers	2026-03-14T20:19:30.6635269Z Selecting previously unselected package libldacbt-enc2:amd64.
test	Install Playwright browsers	2026-03-14T20:19:30.6799655Z Preparing to unpack .../144-libldacbt-enc2_2.0.2.3+git20200429+ed310a0-4ubuntu2_amd64.deb ...
test	Install Playwright browsers	2026-03-14T20:19:30.6832854Z Unpacking libldacbt-enc2:amd64 (2.0.2.3+git20200429+ed310a0-4ubuntu2) ...
test	Install Playwright browsers	2026-03-14T20:19:30.7064332Z Selecting previously unselected package libraptor2-0:amd64.
test	Install Playwright browsers	2026-03-14T20:19:30.7228868Z Preparing to unpack .../145-libraptor2-0_2.0.16-3ubuntu0.1_amd64.deb ...
test	Install Playwright browsers	2026-03-14T20:19:30.7239394Z Unpacking libraptor2-0:amd64 (2.0.16-3ubuntu0.1) ...
test	Install Playwright browsers	2026-03-14T20:19:30.7493651Z Selecting previously unselected package liblrdf0:amd64.
test	Install Playwright browsers	2026-03-14T20:19:30.7659340Z Preparing to unpack .../146-liblrdf0_0.6.1-4build1_amd64.deb ...
test	Install Playwright browsers	2026-03-14T20:19:30.7669983Z Unpacking liblrdf0:amd64 (0.6.1-4build1) ...
test	Install Playwright browsers	2026-03-14T20:19:30.7942450Z Selecting previously unselected package libltc11:amd64.
test	Install Playwright browsers	2026-03-14T20:19:30.8105654Z Preparing to unpack .../147-libltc11_1.3.2-1build1_amd64.deb ...
test	Install Playwright browsers	2026-03-14T20:19:30.8115065Z Unpacking libltc11:amd64 (1.3.2-1build1) ...
test	Install Playwright browsers	2026-03-14T20:19:30.8352510Z Selecting previously unselected package libmanette-0.2-0:amd64.
test	Install Playwright browsers	2026-03-14T20:19:30.8516428Z Preparing to unpack .../148-libmanette-0.2-0_0.2.7-1build2_amd64.deb ...
test	Install Playwright browsers	2026-03-14T20:19:30.8525574Z Unpacking libmanette-0.2-0:amd64 (0.2.7-1build2) ...
test	Install Playwright browsers	2026-03-14T20:19:30.8766437Z Selecting previously unselected package libmfx1:amd64.
test	Install Playwright browsers	2026-03-14T20:19:30.8927721Z Preparing to unpack .../149-libmfx1_22.5.4-1_amd64.deb ...
test	Install Playwright browsers	2026-03-14T20:19:30.8937275Z Unpacking libmfx1:amd64 (22.5.4-1) ...
test	Install Playwright browsers	2026-03-14T20:19:30.9983791Z Selecting previously unselected package libmjpegutils-2.1-0t64:amd64.
test	Install Playwright browsers	2026-03-14T20:19:31.0147132Z Preparing to unpack .../150-libmjpegutils-2.1-0t64_1%3a2.1.0+debian-8.1build1_amd64.deb ...
test	Install Playwright browsers	2026-03-14T20:19:31.0158207Z Unpacking libmjpegutils-2.1-0t64:amd64 (1:2.1.0+debian-8.1build1) ...
test	Install Playwright browsers	2026-03-14T20:19:31.0391347Z Selecting previously unselected package libmodplug1:amd64.
test	Install Playwright browsers	2026-03-14T20:19:31.0553597Z Preparing to unpack .../151-libmodplug1_1%3a0.8.9.0-3build1_amd64.deb ...
test	Install Playwright browsers	2026-03-14T20:19:31.0563896Z Unpacking libmodplug1:amd64 (1:0.8.9.0-3build1) ...
test	Install Playwright browsers	2026-03-14T20:19:31.0815735Z Selecting previously unselected package libmpcdec6:amd64.
test	Install Playwright browsers	2026-03-14T20:19:31.0979756Z Preparing to unpack .../152-libmpcdec6_2%3a0.1~r495-2build1_amd64.deb ...
test	Install Playwright browsers	2026-03-14T20:19:31.0991412Z Unpacking libmpcdec6:amd64 (2:0.1~r495-2build1) ...
test	Install Playwright browsers	2026-03-14T20:19:31.1269547Z Selecting previously unselected package libmpeg2encpp-2.1-0t64:amd64.
test	Install Playwright browsers	2026-03-14T20:19:31.1435106Z Preparing to unpack .../153-libmpeg2encpp-2.1-0t64_1%3a2.1.0+debian-8.1build1_amd64.deb ...
test	Install Playwright browsers	2026-03-14T20:19:31.1444457Z Unpacking libmpeg2encpp-2.1-0t64:amd64 (1:2.1.0+debian-8.1build1) ...
test	Install Playwright browsers	2026-03-14T20:19:31.1680246Z Selecting previously unselected package libmplex2-2.1-0t64:amd64.
test	Install Playwright browsers	2026-03-14T20:19:31.1842839Z Preparing to unpack .../154-libmplex2-2.1-0t64_1%3a2.1.0+debian-8.1build1_amd64.deb ...
test	Install Playwright browsers	2026-03-14T20:19:31.1852190Z Unpacking libmplex2-2.1-0t64:amd64 (1:2.1.0+debian-8.1build1) ...
test	Install Playwright browsers	2026-03-14T20:19:31.2087324Z Selecting previously unselected package libneon27t64:amd64.
test	Install Playwright browsers	2026-03-14T20:19:31.2249631Z Preparing to unpack .../155-libneon27t64_0.33.0-1.1build3_amd64.deb ...
test	Install Playwright browsers	2026-03-14T20:19:31.2258023Z Unpacking libneon27t64:amd64 (0.33.0-1.1build3) ...
test	Install Playwright browsers	2026-03-14T20:19:31.2535099Z Selecting previously unselected package libnice10:amd64.
test	Install Playwright browsers	2026-03-14T20:19:31.2699121Z Preparing to unpack .../156-libnice10_0.1.21-2build3_amd64.deb ...
test	Install Playwright browsers	2026-03-14T20:19:31.2709225Z Unpacking libnice10:amd64 (0.1.21-2build3) ...
test	Install Playwright browsers	2026-03-14T20:19:31.2954150Z Selecting previously unselected package libopenal-data.
test	Install Playwright browsers	2026-03-14T20:19:31.3116234Z Preparing to unpack .../157-libopenal-data_1%3a1.23.1-4build1_all.deb ...
test	Install Playwright browsers	2026-03-14T20:19:31.3131729Z Unpacking libopenal-data (1:1.23.1-4build1) ...
test	Install Playwright browsers	2026-03-14T20:19:31.3390729Z Selecting previously unselected package libopenexr-3-1-30:amd64.
test	Install Playwright browsers	2026-03-14T20:19:31.3554493Z Preparing to unpack .../158-libopenexr-3-1-30_3.1.5-5.1build3_amd64.deb ...
test	Install Playwright browsers	2026-03-14T20:19:31.3564391Z Unpacking libopenexr-3-1-30:amd64 (3.1.5-5.1build3) ...
test	Install Playwright browsers	2026-03-14T20:19:31.3968544Z Selecting previously unselected package libopenh264-7:amd64.
test	Install Playwright browsers	2026-03-14T20:19:31.4132853Z Preparing to unpack .../159-libopenh264-7_2.4.1+dfsg-1_amd64.deb ...
test	Install Playwright browsers	2026-03-14T20:19:31.4141687Z Unpacking libopenh264-7:amd64 (2.4.1+dfsg-1) ...
test	Install Playwright browsers	2026-03-14T20:19:31.4430203Z Selecting previously unselected package libopenni2-0:amd64.
test	Install Playwright browsers	2026-03-14T20:19:31.4593246Z Preparing to unpack .../160-libopenni2-0_2.2.0.33+dfsg-18_amd64.deb ...
test	Install Playwright browsers	2026-03-14T20:19:31.4751191Z Unpacking libopenni2-0:amd64 (2.2.0.33+dfsg-18) ...
test	Install Playwright browsers	2026-03-14T20:19:31.5057969Z Selecting previously unselected package libqrencode4:amd64.
test	Install Playwright browsers	2026-03-14T20:19:31.5221030Z Preparing to unpack .../161-libqrencode4_4.1.1-1build2_amd64.deb ...
test	Install Playwright browsers	2026-03-14T20:19:31.5230215Z Unpacking libqrencode4:amd64 (4.1.1-1build2) ...
test	Install Playwright browsers	2026-03-14T20:19:31.5456896Z Selecting previously unselected package libsecret-common.
test	Install Playwright browsers	2026-03-14T20:19:31.5619197Z Preparing to unpack .../162-libsecret-common_0.21.4-1build3_all.deb ...
test	Install Playwright browsers	2026-03-14T20:19:31.5628451Z Unpacking libsecret-common (0.21.4-1build3) ...
test	Install Playwright browsers	2026-03-14T20:19:31.5868814Z Selecting previously unselected package libsecret-1-0:amd64.
test	Install Playwright browsers	2026-03-14T20:19:31.6033287Z Preparing to unpack .../163-libsecret-1-0_0.21.4-1build3_amd64.deb ...
test	Install Playwright browsers	2026-03-14T20:19:31.6042296Z Unpacking libsecret-1-0:amd64 (0.21.4-1build3) ...
test	Install Playwright browsers	2026-03-14T20:19:31.6304786Z Selecting previously unselected package libsndio7.0:amd64.
test	Install Playwright browsers	2026-03-14T20:19:31.6472513Z Preparing to unpack .../164-libsndio7.0_1.9.0-0.3build3_amd64.deb ...
test	Install Playwright browsers	2026-03-14T20:19:31.6481537Z Unpacking libsndio7.0:amd64 (1.9.0-0.3build3) ...
test	Install Playwright browsers	2026-03-14T20:19:31.6734203Z Selecting previously unselected package libsoundtouch1:amd64.
test	Install Playwright browsers	2026-03-14T20:19:31.6902474Z Preparing to unpack .../165-libsoundtouch1_2.3.2+ds1-1build1_amd64.deb ...
test	Install Playwright browsers	2026-03-14T20:19:31.6912198Z Unpacking libsoundtouch1:amd64 (2.3.2+ds1-1build1) ...
test	Install Playwright browsers	2026-03-14T20:19:31.7169267Z Selecting previously unselected package libspandsp2t64:amd64.
test	Install Playwright browsers	2026-03-14T20:19:31.7335855Z Preparing to unpack .../166-libspandsp2t64_0.0.6+dfsg-2.1build1_amd64.deb ...
test	Install Playwright browsers	2026-03-14T20:19:31.7344961Z Unpacking libspandsp2t64:amd64 (0.0.6+dfsg-2.1build1) ...
test	Install Playwright browsers	2026-03-14T20:19:31.7631300Z Selecting previously unselected package libsrtp2-1:amd64.
test	Install Playwright browsers	2026-03-14T20:19:31.7797683Z Preparing to unpack .../167-libsrtp2-1_2.5.0-3build1_amd64.deb ...
test	Install Playwright browsers	2026-03-14T20:19:31.7806773Z Unpacking libsrtp2-1:amd64 (2.5.0-3build1) ...
test	Install Playwright browsers	2026-03-14T20:19:31.8240503Z Preparing to unpack .../168-libssh-4_0.10.6-2ubuntu0.3_amd64.deb ...
test	Install Playwright browsers	2026-03-14T20:19:31.8310739Z Unpacking libssh-4:amd64 (0.10.6-2ubuntu0.3) over (0.10.6-2ubuntu0.2) ...
test	Install Playwright browsers	2026-03-14T20:19:31.8634213Z Selecting previously unselected package libwayland-server0:amd64.
test	Install Playwright browsers	2026-03-14T20:19:31.8802190Z Preparing to unpack .../169-libwayland-server0_1.22.0-2.1build1_amd64.deb ...
test	Install Playwright browsers	2026-03-14T20:19:31.8811347Z Unpacking libwayland-server0:amd64 (1.22.0-2.1build1) ...
test	Install Playwright browsers	2026-03-14T20:19:31.9044328Z Selecting previously unselected package libwildmidi2:amd64.
test	Install Playwright browsers	2026-03-14T20:19:31.9206616Z Preparing to unpack .../170-libwildmidi2_0.4.3-1build3_amd64.deb ...
test	Install Playwright browsers	2026-03-14T20:19:31.9215690Z Unpacking libwildmidi2:amd64 (0.4.3-1build3) ...
test	Install Playwright browsers	2026-03-14T20:19:31.9454104Z Selecting previously unselected package libwoff1:amd64.
test	Install Playwright browsers	2026-03-14T20:19:31.9619409Z Preparing to unpack .../171-libwoff1_1.0.2-2build1_amd64.deb ...
test	Install Playwright browsers	2026-03-14T20:19:31.9627979Z Unpacking libwoff1:amd64 (1.0.2-2build1) ...
test	Install Playwright browsers	2026-03-14T20:19:31.9872233Z Selecting previously unselected package libxcb-xkb1:amd64.
test	Install Playwright browsers	2026-03-14T20:19:32.0037452Z Preparing to unpack .../172-libxcb-xkb1_1.15-1ubuntu2_amd64.deb ...
test	Install Playwright browsers	2026-03-14T20:19:32.0047759Z Unpacking libxcb-xkb1:amd64 (1.15-1ubuntu2) ...
test	Install Playwright browsers	2026-03-14T20:19:32.0283724Z Selecting previously unselected package libxkbcommon-x11-0:amd64.
test	Install Playwright browsers	2026-03-14T20:19:32.0450004Z Preparing to unpack .../173-libxkbcommon-x11-0_1.6.0-1build1_amd64.deb ...
test	Install Playwright browsers	2026-03-14T20:19:32.0461154Z Unpacking libxkbcommon-x11-0:amd64 (1.6.0-1build1) ...
test	Install Playwright browsers	2026-03-14T20:19:32.0705168Z Selecting previously unselected package libzbar0t64:amd64.
test	Install Playwright browsers	2026-03-14T20:19:32.0867931Z Preparing to unpack .../174-libzbar0t64_0.23.93-4build3_amd64.deb ...
test	Install Playwright browsers	2026-03-14T20:19:32.0877514Z Unpacking libzbar0t64:amd64 (0.23.93-4build3) ...
test	Install Playwright browsers	2026-03-14T20:19:32.1129183Z Selecting previously unselected package libzxing3:amd64.
test	Install Playwright browsers	2026-03-14T20:19:32.1293348Z Preparing to unpack .../175-libzxing3_2.2.1-3_amd64.deb ...
test	Install Playwright browsers	2026-03-14T20:19:32.1302099Z Unpacking libzxing3:amd64 (2.2.1-3) ...
test	Install Playwright browsers	2026-03-14T20:19:32.1585700Z Selecting previously unselected package xfonts-encodings.
test	Install Playwright browsers	2026-03-14T20:19:32.1749384Z Preparing to unpack .../176-xfonts-encodings_1%3a1.0.5-0ubuntu2_all.deb ...
test	Install Playwright browsers	2026-03-14T20:19:32.1757477Z Unpacking xfonts-encodings (1:1.0.5-0ubuntu2) ...
test	Install Playwright browsers	2026-03-14T20:19:32.2079115Z Selecting previously unselected package xfonts-utils.
test	Install Playwright browsers	2026-03-14T20:19:32.2240405Z Preparing to unpack .../177-xfonts-utils_1%3a7.7+6build3_amd64.deb ...
test	Install Playwright browsers	2026-03-14T20:19:32.2247751Z Unpacking xfonts-utils (1:7.7+6build3) ...
test	Install Playwright browsers	2026-03-14T20:19:32.3227412Z Selecting previously unselected package xfonts-cyrillic.
test	Install Playwright browsers	2026-03-14T20:19:32.3394164Z Preparing to unpack .../178-xfonts-cyrillic_1%3a1.0.5+nmu1_all.deb ...
test	Install Playwright browsers	2026-03-14T20:19:32.3403969Z Unpacking xfonts-cyrillic (1:1.0.5+nmu1) ...
test	Install Playwright browsers	2026-03-14T20:19:32.3807661Z Selecting previously unselected package xfonts-scalable.
test	Install Playwright browsers	2026-03-14T20:19:32.3973704Z Preparing to unpack .../179-xfonts-scalable_1%3a1.0.3-1.3_all.deb ...
test	Install Playwright browsers	2026-03-14T20:19:32.3986132Z Unpacking xfonts-scalable (1:1.0.3-1.3) ...
test	Install Playwright browsers	2026-03-14T20:19:32.4266246Z Selecting previously unselected package libgstreamer-plugins-bad1.0-0:amd64.
test	Install Playwright browsers	2026-03-14T20:19:32.4433299Z Preparing to unpack .../180-libgstreamer-plugins-bad1.0-0_1.24.2-1ubuntu4_amd64.deb ...
test	Install Playwright browsers	2026-03-14T20:19:32.4443292Z Unpacking libgstreamer-plugins-bad1.0-0:amd64 (1.24.2-1ubuntu4) ...
test	Install Playwright browsers	2026-03-14T20:19:32.4854796Z Selecting previously unselected package libdca0:amd64.
test	Install Playwright browsers	2026-03-14T20:19:32.5020339Z Preparing to unpack .../181-libdca0_0.0.7-2build1_amd64.deb ...
test	Install Playwright browsers	2026-03-14T20:19:32.5029345Z Unpacking libdca0:amd64 (0.0.7-2build1) ...
test	Install Playwright browsers	2026-03-14T20:19:32.5280641Z Selecting previously unselected package libopenal1:amd64.
test	Install Playwright browsers	2026-03-14T20:19:32.5448102Z Preparing to unpack .../182-libopenal1_1%3a1.23.1-4build1_amd64.deb ...
test	Install Playwright browsers	2026-03-14T20:19:32.5458323Z Unpacking libopenal1:amd64 (1:1.23.1-4build1) ...
test	Install Playwright browsers	2026-03-14T20:19:32.5765995Z Selecting previously unselected package libsbc1:amd64.
test	Install Playwright browsers	2026-03-14T20:19:32.5932090Z Preparing to unpack .../183-libsbc1_2.0-1build1_amd64.deb ...
test	Install Playwright browsers	2026-03-14T20:19:32.5941530Z Unpacking libsbc1:amd64 (2.0-1build1) ...
test	Install Playwright browsers	2026-03-14T20:19:32.6179754Z Selecting previously unselected package libvo-aacenc0:amd64.
test	Install Playwright browsers	2026-03-14T20:19:32.6348047Z Preparing to unpack .../184-libvo-aacenc0_0.1.3-2build1_amd64.deb ...
test	Install Playwright browsers	2026-03-14T20:19:32.6357207Z Unpacking libvo-aacenc0:amd64 (0.1.3-2build1) ...
test	Install Playwright browsers	2026-03-14T20:19:32.6599500Z Selecting previously unselected package libvo-amrwbenc0:amd64.
test	Install Playwright browsers	2026-03-14T20:19:32.6767282Z Preparing to unpack .../185-libvo-amrwbenc0_0.1.3-2build1_amd64.deb ...
test	Install Playwright browsers	2026-03-14T20:19:32.6776598Z Unpacking libvo-amrwbenc0:amd64 (0.1.3-2build1) ...
test	Install Playwright browsers	2026-03-14T20:19:32.7022058Z Selecting previously unselected package gstreamer1.0-plugins-bad:amd64.
test	Install Playwright browsers	2026-03-14T20:19:32.7190040Z Preparing to unpack .../186-gstreamer1.0-plugins-bad_1.24.2-1ubuntu4_amd64.deb ...
test	Install Playwright browsers	2026-03-14T20:19:32.7198480Z Unpacking gstreamer1.0-plugins-bad:amd64 (1.24.2-1ubuntu4) ...
test	Install Playwright browsers	2026-03-14T20:19:32.9225787Z Setting up libgme0:amd64 (0.6.3-7build1) ...
test	Install Playwright browsers	2026-03-14T20:19:32.9253443Z Setting up libchromaprint1:amd64 (1.5.1-5) ...
test	Install Playwright browsers	2026-03-14T20:19:32.9276902Z Setting up libssh-gcrypt-4:amd64 (0.10.6-2ubuntu0.3) ...
test	Install Playwright browsers	2026-03-14T20:19:32.9298005Z Setting up libhwy1t64:amd64 (1.0.7-8.1build1) ...
test	Install Playwright browsers	2026-03-14T20:19:32.9319643Z Setting up libfreeaptx0:amd64 (0.1.1-2build1) ...
test	Install Playwright browsers	2026-03-14T20:19:32.9341234Z Setting up libdvdread8t64:amd64 (6.1.3-1.1build1) ...
test	Install Playwright browsers	2026-03-14T20:19:32.9368780Z Setting up libudfread0:amd64 (1.1.2-1build1) ...
test	Install Playwright browsers	2026-03-14T20:19:32.9393485Z Setting up libmodplug1:amd64 (1:0.8.9.0-3build1) ...
test	Install Playwright browsers	2026-03-14T20:19:32.9417253Z Setting up libcdparanoia0:amd64 (3.10.2+debian-14build3) ...
test	Install Playwright browsers	2026-03-14T20:19:32.9439468Z Setting up libwayland-server0:amd64 (1.22.0-2.1build1) ...
test	Install Playwright browsers	2026-03-14T20:19:32.9462065Z Setting up libvo-amrwbenc0:amd64 (0.1.3-2build1) ...
test	Install Playwright browsers	2026-03-14T20:19:32.9490700Z Setting up libraw1394-11:amd64 (2.1.2-2build3) ...
test	Install Playwright browsers	2026-03-14T20:19:32.9517637Z Setting up libsbc1:amd64 (2.0-1build1) ...
test	Install Playwright browsers	2026-03-14T20:19:32.9542692Z Setting up libneon27t64:amd64 (0.33.0-1.1build3) ...
test	Install Playwright browsers	2026-03-14T20:19:32.9566325Z Setting up libtag1v5-vanilla:amd64 (1.13.1-1build1) ...
test	Install Playwright browsers	2026-03-14T20:19:32.9588208Z Setting up libharfbuzz-icu0:amd64 (8.3.0-2build2) ...
test	Install Playwright browsers	2026-03-14T20:19:32.9609937Z Setting up libopenni2-0:amd64 (2.2.0.33+dfsg-18) ...
test	Install Playwright browsers	2026-03-14T20:19:32.9797986Z Setting up libspeex1:amd64 (1.2.1-2ubuntu2.24.04.1) ...
test	Install Playwright browsers	2026-03-14T20:19:32.9820045Z Setting up libshine3:amd64 (3.1.1-2build1) ...
test	Install Playwright browsers	2026-03-14T20:19:32.9841563Z Setting up libcaca0:amd64 (0.99.beta20-4ubuntu0.1) ...
test	Install Playwright browsers	2026-03-14T20:19:32.9861195Z Setting up libvpl2 (2023.3.0-1build1) ...
test	Install Playwright browsers	2026-03-14T20:19:32.9916404Z Setting up libv4lconvert0t64:amd64 (1.26.1-4build3) ...
test	Install Playwright browsers	2026-03-14T20:19:32.9938294Z Setting up libx264-164:amd64 (2:0.164.3108+git31e19f9-1) ...
test	Install Playwright browsers	2026-03-14T20:19:32.9960413Z Setting up libtwolame0:amd64 (0.4.0-2build3) ...
test	Install Playwright browsers	2026-03-14T20:19:33.0011443Z Setting up libmbedcrypto7t64:amd64 (2.28.8-1) ...
test	Install Playwright browsers	2026-03-14T20:19:33.0033634Z Setting up libwoff1:amd64 (1.0.2-2build1) ...
test	Install Playwright browsers	2026-03-14T20:19:33.0055897Z Setting up liblc3-1:amd64 (1.0.4-3build1) ...
test	Install Playwright browsers	2026-03-14T20:19:33.0079352Z Setting up libqrencode4:amd64 (4.1.1-1build2) ...
test	Install Playwright browsers	2026-03-14T20:19:33.0101346Z Setting up libhyphen0:amd64 (2.8.8-7build3) ...
test	Install Playwright browsers	2026-03-14T20:19:33.0121903Z Setting up libgsm1:amd64 (1.0.22-1build1) ...
test	Install Playwright browsers	2026-03-14T20:19:33.0149985Z Setting up libvisual-0.4-0:amd64 (0.4.2-2build1) ...
test	Install Playwright browsers	2026-03-14T20:19:33.0172903Z Setting up libsoxr0:amd64 (0.1.3-4build3) ...
test	Install Playwright browsers	2026-03-14T20:19:33.0199486Z Setting up libzix-0-0:amd64 (0.4.2-2build1) ...
test	Install Playwright browsers	2026-03-14T20:19:33.0222637Z Setting up libcodec2-1.2:amd64 (1.2.0-2build1) ...
test	Install Playwright browsers	2026-03-14T20:19:33.0247385Z Setting up libsrtp2-1:amd64 (2.5.0-3build1) ...
test	Install Playwright browsers	2026-03-14T20:19:33.0268335Z Setting up libmysofa1:amd64 (1.3.2+dfsg-2ubuntu2) ...
test	Install Playwright browsers	2026-03-14T20:19:33.0291266Z Setting up libraptor2-0:amd64 (2.0.16-3ubuntu0.1) ...
test	Install Playwright browsers	2026-03-14T20:19:33.0315461Z Setting up libldacbt-enc2:amd64 (2.0.2.3+git20200429+ed310a0-4ubuntu2) ...
test	Install Playwright browsers	2026-03-14T20:19:33.0336639Z Setting up fonts-wqy-zenhei (0.9.45-8) ...
test	Install Playwright browsers	2026-03-14T20:19:33.0468642Z Setting up libwebrtc-audio-processing1:amd64 (0.3.1-0ubuntu6) ...
test	Install Playwright browsers	2026-03-14T20:19:33.0491034Z Setting up fonts-freefont-ttf (20211204+svn4273-2) ...
test	Install Playwright browsers	2026-03-14T20:19:33.0517616Z Setting up libevent-2.1-7t64:amd64 (2.1.12-stable-9ubuntu2) ...
test	Install Playwright browsers	2026-03-14T20:19:33.0541637Z Setting up libsvtav1enc1d1:amd64 (1.7.0+dfsg-2build1) ...
test	Install Playwright browsers	2026-03-14T20:19:33.0563589Z Setting up libsoup-3.0-common (3.4.4-5ubuntu0.7) ...
test	Install Playwright browsers	2026-03-14T20:19:33.0588850Z Setting up libmpg123-0t64:amd64 (1.32.5-1ubuntu1.1) ...
test	Install Playwright browsers	2026-03-14T20:19:33.0610831Z Setting up libcjson1:amd64 (1.7.17-1) ...
test	Install Playwright browsers	2026-03-14T20:19:33.0647526Z Setting up libxvidcore4:amd64 (2:1.3.7-1build1) ...
test	Install Playwright browsers	2026-03-14T20:19:33.0678313Z Setting up libmpcdec6:amd64 (2:0.1~r495-2build1) ...
test	Install Playwright browsers	2026-03-14T20:19:33.0700698Z Setting up libmjpegutils-2.1-0t64:amd64 (1:2.1.0+debian-8.1build1) ...
test	Install Playwright browsers	2026-03-14T20:19:33.0723023Z Setting up librav1e0:amd64 (0.7.1-2) ...
test	Install Playwright browsers	2026-03-14T20:19:33.0747564Z Setting up liborc-0.4-0t64:amd64 (1:0.4.38-1ubuntu0.1) ...
test	Install Playwright browsers	2026-03-14T20:19:33.0773139Z Setting up libxcb-xkb1:amd64 (1.15-1ubuntu2) ...
test	Install Playwright browsers	2026-03-14T20:19:33.0797675Z Setting up libvo-aacenc0:amd64 (0.1.3-2build1) ...
test	Install Playwright browsers	2026-03-14T20:19:33.0824421Z Setting up librist4:amd64 (0.2.10+dfsg-2) ...
test	Install Playwright browsers	2026-03-14T20:19:33.0846794Z Setting up libglib2.0-0t64:amd64 (2.80.0-6ubuntu3.8) ...
test	Install Playwright browsers	2026-03-14T20:19:33.1151710Z Setting up libblas3:amd64 (3.12.0-3build1.1) ...
test	Install Playwright browsers	2026-03-14T20:19:33.1217382Z update-alternatives: using /usr/lib/x86_64-linux-gnu/blas/libblas.so.3 to provide /usr/lib/x86_64-linux-gnu/libblas.so.3 (libblas.so.3-x86_64-linux-gnu) in auto mode
test	Install Playwright browsers	2026-03-14T20:19:33.1236967Z Setting up libegl-mesa0:amd64 (25.2.8-0ubuntu0.24.04.1) ...
test	Install Playwright browsers	2026-03-14T20:19:33.1266130Z Setting up libsoundtouch1:amd64 (2.3.2+ds1-1build1) ...
test	Install Playwright browsers	2026-03-14T20:19:33.1293833Z Setting up libglib2.0-data (2.80.0-6ubuntu3.8) ...
test	Install Playwright browsers	2026-03-14T20:19:33.1320204Z Setting up libplacebo338:amd64 (6.338.2-2build1) ...
test	Install Playwright browsers	2026-03-14T20:19:33.1344699Z Setting up libgles2:amd64 (1.7.0-1build1) ...
test	Install Playwright browsers	2026-03-14T20:19:33.1371262Z Setting up fonts-tlwg-loma-otf (1:0.7.3-1) ...
test	Install Playwright browsers	2026-03-14T20:19:33.1396427Z Setting up libva2:amd64 (2.20.0-2ubuntu0.1) ...
test	Install Playwright browsers	2026-03-14T20:19:33.1422654Z Setting up libspa-0.2-modules:amd64 (1.0.5-1ubuntu3.2) ...
test	Install Playwright browsers	2026-03-14T20:19:33.1451039Z Setting up libzxing3:amd64 (2.2.1-3) ...
test	Install Playwright browsers	2026-03-14T20:19:33.1479524Z Setting up xfonts-encodings (1:1.0.5-0ubuntu2) ...
test	Install Playwright browsers	2026-03-14T20:19:33.1505148Z Setting up libopus0:amd64 (1.4-1build1) ...
test	Install Playwright browsers	2026-03-14T20:19:33.1526833Z Setting up libfaad2:amd64 (2.11.1-1build1) ...
test	Install Playwright browsers	2026-03-14T20:19:33.1554114Z Setting up libxkbcommon-x11-0:amd64 (1.6.0-1build1) ...
test	Install Playwright browsers	2026-03-14T20:19:33.1579652Z Setting up libdc1394-25:amd64 (2.2.6-4build1) ...
test	Install Playwright browsers	2026-03-14T20:19:33.1605665Z Setting up libpng16-16t64:amd64 (1.6.43-5ubuntu0.5) ...
test	Install Playwright browsers	2026-03-14T20:19:33.1630652Z Setting up libimath-3-1-29t64:amd64 (3.1.9-3.1ubuntu2) ...
test	Install Playwright browsers	2026-03-14T20:19:33.1655537Z Setting up libunibreak5:amd64 (5.1-2build1) ...
test	Install Playwright browsers	2026-03-14T20:19:33.1685861Z Setting up libdv4t64:amd64 (1.0.0-17.1build1) ...
test	Install Playwright browsers	2026-03-14T20:19:33.1706801Z Setting up gir1.2-glib-2.0:amd64 (2.80.0-6ubuntu3.8) ...
test	Install Playwright browsers	2026-03-14T20:19:33.1731809Z Setting up libjxl0.7:amd64 (0.7.0-10.2ubuntu6.1) ...
test	Install Playwright browsers	2026-03-14T20:19:33.1755948Z Setting up libssh-4:amd64 (0.10.6-2ubuntu0.3) ...
test	Install Playwright browsers	2026-03-14T20:19:33.1779292Z Setting up libopenh264-7:amd64 (2.4.1+dfsg-1) ...
test	Install Playwright browsers	2026-03-14T20:19:33.1803235Z Setting up libltc11:amd64 (1.3.2-1build1) ...
test	Install Playwright browsers	2026-03-14T20:19:33.1828241Z Setting up libx265-199:amd64 (3.5-2build1) ...
test	Install Playwright browsers	2026-03-14T20:19:33.1849972Z Setting up libv4l-0t64:amd64 (1.26.1-4build3) ...
test	Install Playwright browsers	2026-03-14T20:19:33.1870969Z Setting up libavtp0:amd64 (0.2.0-1build1) ...
test	Install Playwright browsers	2026-03-14T20:19:33.1896287Z Setting up libsndio7.0:amd64 (1.9.0-0.3build3) ...
test	Install Playwright browsers	2026-03-14T20:19:33.2036043Z Setting up libdirectfb-1.7-7t64:amd64 (1.7.7-11.1ubuntu2) ...
test	Install Playwright browsers	2026-03-14T20:19:33.2057787Z Setting up libspandsp2t64:amd64 (0.0.6+dfsg-2.1build1) ...
test	Install Playwright browsers	2026-03-14T20:19:33.2078204Z Setting up libvidstab1.1:amd64 (1.1.0-2build1) ...
test	Install Playwright browsers	2026-03-14T20:19:33.2101279Z Setting up libvpx9:amd64 (1.14.0-1ubuntu2.3) ...
test	Install Playwright browsers	2026-03-14T20:19:33.2121426Z Setting up libsrt1.5-gnutls:amd64 (1.5.3-1build2) ...
test	Install Playwright browsers	2026-03-14T20:19:33.2141488Z Setting up libtag1v5:amd64 (1.13.1-1build1) ...
test	Install Playwright browsers	2026-03-14T20:19:33.2165272Z Setting up libflite1:amd64 (2.2-6build3) ...
test	Install Playwright browsers	2026-03-14T20:19:33.2186514Z Setting up libdav1d7:amd64 (1.4.1-1build1) ...
test	Install Playwright browsers	2026-03-14T20:19:33.2254609Z Setting up libva-drm2:amd64 (2.20.0-2ubuntu0.1) ...
test	Install Playwright browsers	2026-03-14T20:19:33.2278690Z Setting up fonts-ipafont-gothic (00303-21ubuntu1) ...
test	Install Playwright browsers	2026-03-14T20:19:33.2353953Z update-alternatives: using /usr/share/fonts/opentype/ipafont-gothic/ipag.ttf to provide /usr/share/fonts/truetype/fonts-japanese-gothic.ttf (fonts-japanese-gothic.ttf) in auto mode
test	Install Playwright browsers	2026-03-14T20:19:33.2372744Z Setting up ocl-icd-libopencl1:amd64 (2.3.2-1build1) ...
test	Install Playwright browsers	2026-03-14T20:19:33.2393787Z Setting up libasyncns0:amd64 (0.8-6build4) ...
test	Install Playwright browsers	2026-03-14T20:19:33.2415202Z Setting up libwildmidi2:amd64 (0.4.3-1build3) ...
test	Install Playwright browsers	2026-03-14T20:19:33.2436099Z Setting up libvdpau1:amd64 (1.5-2build1) ...
test	Install Playwright browsers	2026-03-14T20:19:33.2466950Z Setting up libwavpack1:amd64 (5.6.0-1build1) ...
test	Install Playwright browsers	2026-03-14T20:19:33.2487614Z Setting up libbs2b0:amd64 (3.1.0+dfsg-7build1) ...
test	Install Playwright browsers	2026-03-14T20:19:33.2514602Z Setting up libtheora0:amd64 (1.1.1+dfsg.1-16.1build3) ...
test	Install Playwright browsers	2026-03-14T20:19:33.2538517Z Setting up libegl1:amd64 (1.7.0-1build1) ...
test	Install Playwright browsers	2026-03-14T20:19:33.2560364Z Setting up libdecor-0-0:amd64 (0.2.2-1build2) ...
test	Install Playwright browsers	2026-03-14T20:19:33.2584641Z Setting up libdca0:amd64 (0.0.7-2build1) ...
test	Install Playwright browsers	2026-03-14T20:19:33.2605241Z Setting up libzimg2:amd64 (3.0.5+ds1-1build1) ...
test	Install Playwright browsers	2026-03-14T20:19:33.2626742Z Setting up libopenal-data (1:1.23.1-4build1) ...
test	Install Playwright browsers	2026-03-14T20:19:33.2656920Z Setting up libabsl20220623t64:amd64 (20220623.1-3.1ubuntu3.2) ...
test	Install Playwright browsers	2026-03-14T20:19:33.2680992Z Setting up libflac12t64:amd64 (1.4.3+ds-2.1ubuntu2) ...
test	Install Playwright browsers	2026-03-14T20:19:33.2701668Z Setting up libgtk-4-common (4.14.5+ds-0ubuntu0.9) ...
test	Install Playwright browsers	2026-03-14T20:19:33.2723487Z Setting up libmpeg2encpp-2.1-0t64:amd64 (1:2.1.0+debian-8.1build1) ...
test	Install Playwright browsers	2026-03-14T20:19:33.2744267Z Setting up glib-networking-common (2.80.0-1build1) ...
test	Install Playwright browsers	2026-03-14T20:19:33.2766511Z Setting up libmfx1:amd64 (22.5.4-1) ...
test	Install Playwright browsers	2026-03-14T20:19:33.2790910Z Setting up libsamplerate0:amd64 (0.2.2-4build1) ...
test	Install Playwright browsers	2026-03-14T20:19:33.2810730Z Setting up timgm6mb-soundfont (1.3-5) ...
test	Install Playwright browsers	2026-03-14T20:19:33.2902034Z update-alternatives: using /usr/share/sounds/sf2/TimGM6mb.sf2 to provide /usr/share/sounds/sf2/default-GM.sf2 (default-GM.sf2) in auto mode
test	Install Playwright browsers	2026-03-14T20:19:33.2952933Z update-alternatives: using /usr/share/sounds/sf2/TimGM6mb.sf2 to provide /usr/share/sounds/sf3/default-GM.sf3 (default-GM.sf3) in auto mode
test	Install Playwright browsers	2026-03-14T20:19:33.2970981Z Setting up libva-x11-2:amd64 (2.20.0-2ubuntu0.1) ...
test	Install Playwright browsers	2026-03-14T20:19:33.2993231Z Setting up libyuv0:amd64 (0.0~git202401110.af6ac82-1) ...
test	Install Playwright browsers	2026-03-14T20:19:33.3015691Z Setting up libmplex2-2.1-0t64:amd64 (1:2.1.0+debian-8.1build1) ...
test	Install Playwright browsers	2026-03-14T20:19:33.3036633Z Setting up libpipewire-0.3-0t64:amd64 (1.0.5-1ubuntu3.2) ...
test	Install Playwright browsers	2026-03-14T20:19:33.3056877Z Setting up libopenmpt0t64:amd64 (0.7.3-1.1build3) ...
test	Install Playwright browsers	2026-03-14T20:19:33.3082660Z Setting up libzvbi-common (0.2.42-2) ...
test	Install Playwright browsers	2026-03-14T20:19:33.3105397Z Setting up libsecret-common (0.21.4-1build3) ...
test	Install Playwright browsers	2026-03-14T20:19:33.3129457Z Setting up libmp3lame0:amd64 (3.100-6build1) ...
test	Install Playwright browsers	2026-03-14T20:19:33.3156251Z Setting up libgraphene-1.0-0:amd64 (1.10.8-3build2) ...
test	Install Playwright browsers	2026-03-14T20:19:33.3177495Z Setting up libvorbisenc2:amd64 (1.3.7-1build3) ...
test	Install Playwright browsers	2026-03-14T20:19:33.3200623Z Setting up libdvdnav4:amd64 (6.1.1-3build1) ...
test	Install Playwright browsers	2026-03-14T20:19:33.3226412Z Setting up fonts-unifont (1:15.1.01-1build1) ...
test	Install Playwright browsers	2026-03-14T20:19:33.3247317Z Setting up libaa1:amd64 (1.4p5-51.1) ...
test	Install Playwright browsers	2026-03-14T20:19:33.3270729Z Setting up libiec61883-0:amd64 (1.2.0-6build1) ...
test	Install Playwright browsers	2026-03-14T20:19:33.3291505Z Setting up libserd-0-0:amd64 (0.32.2-1) ...
test	Install Playwright browsers	2026-03-14T20:19:33.3337053Z Setting up libavc1394-0:amd64 (0.5.4-5build3) ...
test	Install Playwright browsers	2026-03-14T20:19:33.3363802Z Setting up session-migration (0.3.9build1) ...
test	Install Playwright browsers	2026-03-14T20:19:33.4644669Z Created symlink /etc/systemd/user/graphical-session-pre.target.wants/session-migration.service → /usr/lib/systemd/user/session-migration.service.
test	Install Playwright browsers	2026-03-14T20:19:33.4645335Z 
test	Install Playwright browsers	2026-03-14T20:19:33.4679827Z Setting up liblapack3:amd64 (3.12.0-3build1.1) ...
test	Install Playwright browsers	2026-03-14T20:19:33.4749733Z update-alternatives: using /usr/lib/x86_64-linux-gnu/lapack/liblapack.so.3 to provide /usr/lib/x86_64-linux-gnu/liblapack.so.3 (liblapack.so.3-x86_64-linux-gnu) in auto mode
test	Install Playwright browsers	2026-03-14T20:19:33.4768384Z Setting up libproxy1v5:amd64 (0.5.4-4build1) ...
test	Install Playwright browsers	2026-03-14T20:19:33.4789859Z Setting up libzvbi0t64:amd64 (0.2.42-2) ...
test	Install Playwright browsers	2026-03-14T20:19:33.4813438Z Setting up liblrdf0:amd64 (0.6.1-4build1) ...
test	Install Playwright browsers	2026-03-14T20:19:33.4837642Z Setting up libmanette-0.2-0:amd64 (0.2.7-1build2) ...
test	Install Playwright browsers	2026-03-14T20:19:33.4858336Z Setting up libglib2.0-bin (2.80.0-6ubuntu3.8) ...
test	Install Playwright browsers	2026-03-14T20:19:33.4881331Z Setting up libzbar0t64:amd64 (0.23.93-4build3) ...
test	Install Playwright browsers	2026-03-14T20:19:33.4905799Z Setting up libgstreamer-plugins-base1.0-0:amd64 (1.24.2-1ubuntu0.3) ...
test	Install Playwright browsers	2026-03-14T20:19:33.4927228Z Setting up libavutil58:amd64 (7:6.1.1-3ubuntu5) ...
test	Install Playwright browsers	2026-03-14T20:19:33.4953518Z Setting up libopenal1:amd64 (1:1.23.1-4build1) ...
test	Install Playwright browsers	2026-03-14T20:19:33.4975535Z Setting up librsvg2-2:amd64 (2.58.0+dfsg-1build1) ...
test	Install Playwright browsers	2026-03-14T20:19:33.4999691Z Setting up libsecret-1-0:amd64 (0.21.4-1build3) ...
test	Install Playwright browsers	2026-03-14T20:19:33.5024811Z Setting up libgstreamer-plugins-good1.0-0:amd64 (1.24.2-1ubuntu1.2) ...
test	Install Playwright browsers	2026-03-14T20:19:33.5050805Z Setting up libgstreamer-gl1.0-0:amd64 (1.24.2-1ubuntu0.3) ...
test	Install Playwright browsers	2026-03-14T20:19:33.5074906Z Setting up gstreamer1.0-plugins-base:amd64 (1.24.2-1ubuntu0.3) ...
test	Install Playwright browsers	2026-03-14T20:19:33.5098519Z Setting up libfreetype6:amd64 (2.13.2+dfsg-1ubuntu0.1) ...
test	Install Playwright browsers	2026-03-14T20:19:33.5121498Z Setting up libswresample4:amd64 (7:6.1.1-3ubuntu5) ...
test	Install Playwright browsers	2026-03-14T20:19:33.5144236Z Setting up libopenexr-3-1-30:amd64 (3.1.5-5.1build3) ...
test	Install Playwright browsers	2026-03-14T20:19:33.5169387Z Setting up libshout3:amd64 (2.4.6-1build2) ...
test	Install Playwright browsers	2026-03-14T20:19:33.5196965Z Setting up libgav1-1:amd64 (0.18.0-1build3) ...
test	Install Playwright browsers	2026-03-14T20:19:33.5224889Z Setting up libavcodec60:amd64 (7:6.1.1-3ubuntu5) ...
test	Install Playwright browsers	2026-03-14T20:19:33.5248320Z Setting up librubberband2:amd64 (3.3.0+dfsg-2build1) ...
test	Install Playwright browsers	2026-03-14T20:19:33.5270205Z Setting up libjack-jackd2-0:amd64 (1.9.21~dfsg-3ubuntu3) ...
test	Install Playwright browsers	2026-03-14T20:19:33.5292573Z Setting up libsord-0-0:amd64 (0.16.16-2build1) ...
test	Install Playwright browsers	2026-03-14T20:19:33.5315170Z Setting up libpostproc57:amd64 (7:6.1.1-3ubuntu5) ...
test	Install Playwright browsers	2026-03-14T20:19:33.5345223Z Setting up libsratom-0-0:amd64 (0.6.16-1build1) ...
test	Install Playwright browsers	2026-03-14T20:19:33.5374118Z Setting up libsndfile1:amd64 (1.2.2-1ubuntu5.24.04.1) ...
test	Install Playwright browsers	2026-03-14T20:19:33.5396961Z Setting up libbluray2:amd64 (1:1.3.4-1build1) ...
test	Install Playwright browsers	2026-03-14T20:19:33.5420859Z Setting up liblilv-0-0:amd64 (0.24.22-1build1) ...
test	Install Playwright browsers	2026-03-14T20:19:33.5443644Z Setting up libinstpatch-1.0-2:amd64 (1.1.6-1build2) ...
test	Install Playwright browsers	2026-03-14T20:19:33.5464385Z Setting up libswscale7:amd64 (7:6.1.1-3ubuntu5) ...
test	Install Playwright browsers	2026-03-14T20:19:33.5491804Z Setting up libcairo-script-interpreter2:amd64 (1.18.0-3build1) ...
test	Install Playwright browsers	2026-03-14T20:19:33.5541595Z Setting up gsettings-desktop-schemas (46.1-0ubuntu1) ...
test	Install Playwright browsers	2026-03-14T20:19:33.5565918Z Setting up glib-networking-services (2.80.0-1build1) ...
test	Install Playwright browsers	2026-03-14T20:19:33.5591827Z Setting up libavif16:amd64 (1.0.4-1ubuntu3) ...
test	Install Playwright browsers	2026-03-14T20:19:33.5734995Z Setting up libpulse0:amd64 (1:16.1+dfsg1-2ubuntu10.1) ...
test	Install Playwright browsers	2026-03-14T20:19:33.5818395Z Setting up libavformat60:amd64 (7:6.1.1-3ubuntu5) ...
test	Install Playwright browsers	2026-03-14T20:19:33.5843274Z Setting up xfonts-utils (1:7.7+6build3) ...
test	Install Playwright browsers	2026-03-14T20:19:33.5888477Z Setting up libsphinxbase3t64:amd64 (0.8+5prealpha+1-17build2) ...
test	Install Playwright browsers	2026-03-14T20:19:33.5909862Z Setting up libass9:amd64 (1:0.17.1-2build1) ...
test	Install Playwright browsers	2026-03-14T20:19:33.5934739Z Setting up xfonts-cyrillic (1:1.0.5+nmu1) ...
test	Install Playwright browsers	2026-03-14T20:19:33.6278253Z Setting up libgtk-4-1:amd64 (4.14.5+ds-0ubuntu0.9) ...
test	Install Playwright browsers	2026-03-14T20:19:33.9644474Z Setting up glib-networking:amd64 (2.80.0-1build1) ...
test	Install Playwright browsers	2026-03-14T20:19:33.9674313Z Setting up libsdl2-2.0-0:amd64 (2.30.0+dfsg-1ubuntu3.1) ...
test	Install Playwright browsers	2026-03-14T20:19:33.9696298Z Setting up xfonts-scalable (1:1.0.3-1.3) ...
test	Install Playwright browsers	2026-03-14T20:19:34.0034042Z Setting up libfluidsynth3:amd64 (2.3.4-1build3) ...
test	Install Playwright browsers	2026-03-14T20:19:34.0068463Z Setting up libsoup-3.0-0:amd64 (3.4.4-5ubuntu0.7) ...
test	Install Playwright browsers	2026-03-14T20:19:34.0097050Z Setting up libpocketsphinx3:amd64 (0.8.0+real5prealpha+1-15ubuntu5) ...
test	Install Playwright browsers	2026-03-14T20:19:34.0117631Z Setting up libgssdp-1.6-0:amd64 (1.6.3-1build3) ...
test	Install Playwright browsers	2026-03-14T20:19:34.0142208Z Setting up gstreamer1.0-plugins-good:amd64 (1.24.2-1ubuntu1.2) ...
test	Install Playwright browsers	2026-03-14T20:19:34.0168119Z Setting up libgupnp-1.6-0:amd64 (1.6.6-1build3) ...
test	Install Playwright browsers	2026-03-14T20:19:34.0189962Z Setting up libavfilter9:amd64 (7:6.1.1-3ubuntu5) ...
test	Install Playwright browsers	2026-03-14T20:19:34.0214854Z Setting up libgupnp-igd-1.6-0:amd64 (1.6.0-3build3) ...
test	Install Playwright browsers	2026-03-14T20:19:34.0244224Z Setting up gstreamer1.0-libav:amd64 (1.24.1-1build1) ...
test	Install Playwright browsers	2026-03-14T20:19:34.0270294Z Setting up libnice10:amd64 (0.1.21-2build3) ...
test	Install Playwright browsers	2026-03-14T20:19:34.0294186Z Setting up libgstreamer-plugins-bad1.0-0:amd64 (1.24.2-1ubuntu4) ...
test	Install Playwright browsers	2026-03-14T20:19:34.0318824Z Setting up gstreamer1.0-plugins-bad:amd64 (1.24.2-1ubuntu4) ...
test	Install Playwright browsers	2026-03-14T20:19:34.0349997Z Processing triggers for libc-bin (2.39-0ubuntu8.7) ...
test	Install Playwright browsers	2026-03-14T20:19:34.1273323Z Processing triggers for man-db (2.12.0-4build2) ...
test	Install Playwright browsers	2026-03-14T20:19:34.1338542Z Not building database; man-db/auto-update is not 'true'.
test	Install Playwright browsers	2026-03-14T20:19:34.1360529Z Processing triggers for fontconfig (2.15.0-1.1ubuntu2) ...
test	Install Playwright browsers	2026-03-14T20:19:35.9479423Z 
test	Install Playwright browsers	2026-03-14T20:19:35.9479927Z Running kernel seems to be up-to-date.
test	Install Playwright browsers	2026-03-14T20:19:35.9480192Z 
test	Install Playwright browsers	2026-03-14T20:19:35.9480307Z Restarting services...
test	Install Playwright browsers	2026-03-14T20:19:35.9982396Z  systemctl restart packagekit.service php8.3-fpm.service polkit.service udisks2.service
test	Install Playwright browsers	2026-03-14T20:19:36.1940580Z 
test	Install Playwright browsers	2026-03-14T20:19:36.1941382Z Service restarts being deferred:
test	Install Playwright browsers	2026-03-14T20:19:36.1942003Z  systemctl restart ModemManager.service
test	Install Playwright browsers	2026-03-14T20:19:36.1942609Z  systemctl restart networkd-dispatcher.service
test	Install Playwright browsers	2026-03-14T20:19:36.1942980Z 
test	Install Playwright browsers	2026-03-14T20:19:36.1943220Z No containers need to be restarted.
test	Install Playwright browsers	2026-03-14T20:19:36.1943518Z 
test	Install Playwright browsers	2026-03-14T20:19:36.1943812Z No user sessions are running outdated binaries.
test	Install Playwright browsers	2026-03-14T20:19:36.1944170Z 
test	Install Playwright browsers	2026-03-14T20:19:36.1944642Z No VM guests are running outdated hypervisor (qemu) binaries on this host.
test	Install Playwright browsers	2026-03-14T20:19:37.8413785Z Downloading Chrome for Testing 145.0.7632.6 (playwright chromium v1208) from https://cdn.playwright.dev/builds/cft/145.0.7632.6/linux64/chrome-linux64.zip
test	Install Playwright browsers	2026-03-14T20:19:38.0660350Z |                                                                                |   0% of 167.3 MiB
test	Install Playwright browsers	2026-03-14T20:19:38.2544386Z |■■■■■■■■                                                                        |  10% of 167.3 MiB
test	Install Playwright browsers	2026-03-14T20:19:38.3589964Z |■■■■■■■■■■■■■■■■                                                                |  20% of 167.3 MiB
test	Install Playwright browsers	2026-03-14T20:19:38.4824131Z |■■■■■■■■■■■■■■■■■■■■■■■■                                                        |  30% of 167.3 MiB
test	Install Playwright browsers	2026-03-14T20:19:38.5877098Z |■■■■■■■■■■■■■■■■■■■■■■■■■■■■■■■■                                                |  40% of 167.3 MiB
test	Install Playwright browsers	2026-03-14T20:19:38.6770683Z |■■■■■■■■■■■■■■■■■■■■■■■■■■■■■■■■■■■■■■■■                                        |  50% of 167.3 MiB
test	Install Playwright browsers	2026-03-14T20:19:38.7793300Z |■■■■■■■■■■■■■■■■■■■■■■■■■■■■■■■■■■■■■■■■■■■■■■■■                                |  60% of 167.3 MiB
test	Install Playwright browsers	2026-03-14T20:19:38.8844372Z |■■■■■■■■■■■■■■■■■■■■■■■■■■■■■■■■■■■■■■■■■■■■■■■■■■■■■■■■                        |  70% of 167.3 MiB
test	Install Playwright browsers	2026-03-14T20:19:39.0123557Z |■■■■■■■■■■■■■■■■■■■■■■■■■■■■■■■■■■■■■■■■■■■■■■■■■■■■■■■■■■■■■■■■                |  80% of 167.3 MiB
test	Install Playwright browsers	2026-03-14T20:19:39.1060931Z |■■■■■■■■■■■■■■■■■■■■■■■■■■■■■■■■■■■■■■■■■■■■■■■■■■■■■■■■■■■■■■■■■■■■■■■■        |  90% of 167.3 MiB
test	Install Playwright browsers	2026-03-14T20:19:39.2017859Z |■■■■■■■■■■■■■■■■■■■■■■■■■■■■■■■■■■■■■■■■■■■■■■■■■■■■■■■■■■■■■■■■■■■■■■■■■■■■■■■■| 100% of 167.3 MiB
test	Install Playwright browsers	2026-03-14T20:19:42.5940023Z Chrome for Testing 145.0.7632.6 (playwright chromium v1208) downloaded to /home/runner/.cache/ms-playwright/chromium-1208
test	Install Playwright browsers	2026-03-14T20:19:42.5944896Z Downloading Chrome Headless Shell 145.0.7632.6 (playwright chromium-headless-shell v1208) from https://cdn.playwright.dev/builds/cft/145.0.7632.6/linux64/chrome-headless-shell-linux64.zip
test	Install Playwright browsers	2026-03-14T20:19:42.8060216Z |                                                                                |   0% of 110.9 MiB
test	Install Playwright browsers	2026-03-14T20:19:42.9920672Z |■■■■■■■■                                                                        |  10% of 110.9 MiB
test	Install Playwright browsers	2026-03-14T20:19:43.0843968Z |■■■■■■■■■■■■■■■■                                                                |  20% of 110.9 MiB
test	Install Playwright browsers	2026-03-14T20:19:43.1550920Z |■■■■■■■■■■■■■■■■■■■■■■■■                                                        |  30% of 110.9 MiB
test	Install Playwright browsers	2026-03-14T20:19:43.2413840Z |■■■■■■■■■■■■■■■■■■■■■■■■■■■■■■■■                                                |  40% of 110.9 MiB
test	Install Playwright browsers	2026-03-14T20:19:43.3090604Z |■■■■■■■■■■■■■■■■■■■■■■■■■■■■■■■■■■■■■■■■                                        |  50% of 110.9 MiB
test	Install Playwright browsers	2026-03-14T20:19:43.3861853Z |■■■■■■■■■■■■■■■■■■■■■■■■■■■■■■■■■■■■■■■■■■■■■■■■                                |  60% of 110.9 MiB
test	Install Playwright browsers	2026-03-14T20:19:43.4473678Z |■■■■■■■■■■■■■■■■■■■■■■■■■■■■■■■■■■■■■■■■■■■■■■■■■■■■■■■■                        |  70% of 110.9 MiB
test	Install Playwright browsers	2026-03-14T20:19:43.5158774Z |■■■■■■■■■■■■■■■■■■■■■■■■■■■■■■■■■■■■■■■■■■■■■■■■■■■■■■■■■■■■■■■■                |  80% of 110.9 MiB
test	Install Playwright browsers	2026-03-14T20:19:43.5702555Z |■■■■■■■■■■■■■■■■■■■■■■■■■■■■■■■■■■■■■■■■■■■■■■■■■■■■■■■■■■■■■■■■■■■■■■■■        |  90% of 110.9 MiB
test	Install Playwright browsers	2026-03-14T20:19:43.6250164Z |■■■■■■■■■■■■■■■■■■■■■■■■■■■■■■■■■■■■■■■■■■■■■■■■■■■■■■■■■■■■■■■■■■■■■■■■■■■■■■■■| 100% of 110.9 MiB
test	Install Playwright browsers	2026-03-14T20:19:46.1212355Z Chrome Headless Shell 145.0.7632.6 (playwright chromium-headless-shell v1208) downloaded to /home/runner/.cache/ms-playwright/chromium_headless_shell-1208
test	Install Playwright browsers	2026-03-14T20:19:46.1217780Z Downloading Firefox 146.0.1 (playwright firefox v1509) from https://cdn.playwright.dev/dbazure/download/playwright/builds/firefox/1509/firefox-ubuntu-24.04.zip
test	Install Playwright browsers	2026-03-14T20:19:46.3202912Z |                                                                                |   0% of 99.5 MiB
test	Install Playwright browsers	2026-03-14T20:19:46.4679432Z |■■■■■■■■                                                                        |  10% of 99.5 MiB
test	Install Playwright browsers	2026-03-14T20:19:46.5513150Z |■■■■■■■■■■■■■■■■                                                                |  20% of 99.5 MiB
test	Install Playwright browsers	2026-03-14T20:19:46.6254560Z |■■■■■■■■■■■■■■■■■■■■■■■■                                                        |  30% of 99.5 MiB
test	Install Playwright browsers	2026-03-14T20:19:46.6944564Z |■■■■■■■■■■■■■■■■■■■■■■■■■■■■■■■■                                                |  40% of 99.5 MiB
test	Install Playwright browsers	2026-03-14T20:19:46.7531039Z |■■■■■■■■■■■■■■■■■■■■■■■■■■■■■■■■■■■■■■■■                                        |  50% of 99.5 MiB
test	Install Playwright browsers	2026-03-14T20:19:46.8106212Z |■■■■■■■■■■■■■■■■■■■■■■■■■■■■■■■■■■■■■■■■■■■■■■■■                                |  60% of 99.5 MiB
test	Install Playwright browsers	2026-03-14T20:19:46.8932730Z |■■■■■■■■■■■■■■■■■■■■■■■■■■■■■■■■■■■■■■■■■■■■■■■■■■■■■■■■                        |  70% of 99.5 MiB
test	Install Playwright browsers	2026-03-14T20:19:46.9715329Z |■■■■■■■■■■■■■■■■■■■■■■■■■■■■■■■■■■■■■■■■■■■■■■■■■■■■■■■■■■■■■■■■                |  80% of 99.5 MiB
test	Install Playwright browsers	2026-03-14T20:19:47.0358162Z |■■■■■■■■■■■■■■■■■■■■■■■■■■■■■■■■■■■■■■■■■■■■■■■■■■■■■■■■■■■■■■■■■■■■■■■■        |  90% of 99.5 MiB
test	Install Playwright browsers	2026-03-14T20:19:47.0930276Z |■■■■■■■■■■■■■■■■■■■■■■■■■■■■■■■■■■■■■■■■■■■■■■■■■■■■■■■■■■■■■■■■■■■■■■■■■■■■■■■■| 100% of 99.5 MiB
test	Install Playwright browsers	2026-03-14T20:19:49.2823292Z Firefox 146.0.1 (playwright firefox v1509) downloaded to /home/runner/.cache/ms-playwright/firefox-1509
test	Install Playwright browsers	2026-03-14T20:19:49.2828704Z Downloading WebKit 26.0 (playwright webkit v2248) from https://cdn.playwright.dev/dbazure/download/playwright/builds/webkit/2248/webkit-ubuntu-24.04.zip
test	Install Playwright browsers	2026-03-14T20:19:49.4564945Z |                                                                                |   0% of 99.2 MiB
test	Install Playwright browsers	2026-03-14T20:19:49.8534344Z |■■■■■■■■                                                                        |  10% of 99.2 MiB
test	Install Playwright browsers	2026-03-14T20:19:50.0836578Z |■■■■■■■■■■■■■■■■                                                                |  20% of 99.2 MiB
test	Install Playwright browsers	2026-03-14T20:19:50.2160640Z |■■■■■■■■■■■■■■■■■■■■■■■■                                                        |  30% of 99.2 MiB
test	Install Playwright browsers	2026-03-14T20:19:50.3371695Z |■■■■■■■■■■■■■■■■■■■■■■■■■■■■■■■■                                                |  40% of 99.2 MiB
test	Install Playwright browsers	2026-03-14T20:19:50.5085335Z |■■■■■■■■■■■■■■■■■■■■■■■■■■■■■■■■■■■■■■■■                                        |  50% of 99.2 MiB
test	Install Playwright browsers	2026-03-14T20:19:50.5822552Z |■■■■■■■■■■■■■■■■■■■■■■■■■■■■■■■■■■■■■■■■■■■■■■■■                                |  60% of 99.2 MiB
test	Install Playwright browsers	2026-03-14T20:19:50.6811251Z |■■■■■■■■■■■■■■■■■■■■■■■■■■■■■■■■■■■■■■■■■■■■■■■■■■■■■■■■                        |  70% of 99.2 MiB
test	Install Playwright browsers	2026-03-14T20:19:50.8322319Z |■■■■■■■■■■■■■■■■■■■■■■■■■■■■■■■■■■■■■■■■■■■■■■■■■■■■■■■■■■■■■■■■                |  80% of 99.2 MiB
test	Install Playwright browsers	2026-03-14T20:19:50.9704111Z |■■■■■■■■■■■■■■■■■■■■■■■■■■■■■■■■■■■■■■■■■■■■■■■■■■■■■■■■■■■■■■■■■■■■■■■■        |  90% of 99.2 MiB
test	Install Playwright browsers	2026-03-14T20:19:51.1248298Z |■■■■■■■■■■■■■■■■■■■■■■■■■■■■■■■■■■■■■■■■■■■■■■■■■■■■■■■■■■■■■■■■■■■■■■■■■■■■■■■■| 100% of 99.2 MiB
test	Install Playwright browsers	2026-03-14T20:19:53.3778632Z WebKit 26.0 (playwright webkit v2248) downloaded to /home/runner/.cache/ms-playwright/webkit-2248
test	Install Playwright browsers	2026-03-14T20:19:53.3783991Z Downloading FFmpeg (playwright ffmpeg v1011) from https://cdn.playwright.dev/dbazure/download/playwright/builds/ffmpeg/1011/ffmpeg-linux.zip
test	Install Playwright browsers	2026-03-14T20:19:53.6930547Z |                                                                                |   0% of 2.3 MiB
test	Install Playwright browsers	2026-03-14T20:19:53.7132446Z |■■■■■■■■                                                                        |  10% of 2.3 MiB
test	Install Playwright browsers	2026-03-14T20:19:53.7362320Z |■■■■■■■■■■■■■■■■                                                                |  20% of 2.3 MiB
test	Install Playwright browsers	2026-03-14T20:19:53.8038060Z |■■■■■■■■■■■■■■■■■■■■■■■■                                                        |  30% of 2.3 MiB
test	Install Playwright browsers	2026-03-14T20:19:53.8228743Z |■■■■■■■■■■■■■■■■■■■■■■■■■■■■■■■■                                                |  40% of 2.3 MiB
test	Install Playwright browsers	2026-03-14T20:19:53.8302789Z |■■■■■■■■■■■■■■■■■■■■■■■■■■■■■■■■■■■■■■■■                                        |  50% of 2.3 MiB
test	Install Playwright browsers	2026-03-14T20:19:53.8582738Z |■■■■■■■■■■■■■■■■■■■■■■■■■■■■■■■■■■■■■■■■■■■■■■■■                                |  60% of 2.3 MiB
test	Install Playwright browsers	2026-03-14T20:19:53.8934903Z |■■■■■■■■■■■■■■■■■■■■■■■■■■■■■■■■■■■■■■■■■■■■■■■■■■■■■■■■                        |  70% of 2.3 MiB
test	Install Playwright browsers	2026-03-14T20:19:53.9090314Z |■■■■■■■■■■■■■■■■■■■■■■■■■■■■■■■■■■■■■■■■■■■■■■■■■■■■■■■■■■■■■■■■                |  80% of 2.3 MiB
test	Install Playwright browsers	2026-03-14T20:19:53.9197574Z |■■■■■■■■■■■■■■■■■■■■■■■■■■■■■■■■■■■■■■■■■■■■■■■■■■■■■■■■■■■■■■■■■■■■■■■■        |  90% of 2.3 MiB
test	Install Playwright browsers	2026-03-14T20:19:53.9473464Z |■■■■■■■■■■■■■■■■■■■■■■■■■■■■■■■■■■■■■■■■■■■■■■■■■■■■■■■■■■■■■■■■■■■■■■■■■■■■■■■■| 100% of 2.3 MiB
test	Install Playwright browsers	2026-03-14T20:19:54.0277553Z FFmpeg (playwright ffmpeg v1011) downloaded to /home/runner/.cache/ms-playwright/ffmpeg-1011
test	Build	﻿2026-03-14T20:19:54.4837721Z ##[group]Run npm run build
test	Build	2026-03-14T20:19:54.4887886Z [36;1mnpm run build[0m
test	Build	2026-03-14T20:19:54.4940330Z shell: /usr/bin/bash -e {0}
test	Build	2026-03-14T20:19:54.4940598Z ##[endgroup]
test	Build	2026-03-14T20:19:54.6196135Z 
test	Build	2026-03-14T20:19:54.6196997Z > smartseller-v2@0.1.0 build
test	Build	2026-03-14T20:19:54.6197522Z > next build
test	Build	2026-03-14T20:19:54.6197718Z 
test	Build	2026-03-14T20:19:55.1963147Z ⚠ No build cache found. Please configure build caching for faster rebuilds. Read more: https://nextjs.org/docs/messages/no-cache
test	Build	2026-03-14T20:19:55.2053799Z Attention: Next.js now collects completely anonymous telemetry regarding usage.
test	Build	2026-03-14T20:19:55.2056310Z This information is used to shape Next.js' roadmap and prioritize features.
test	Build	2026-03-14T20:19:55.2058826Z You can learn more, including how to opt-out if you'd not like to participate in this anonymous program, by visiting the following URL:
test	Build	2026-03-14T20:19:55.2060130Z https://nextjs.org/telemetry
test	Build	2026-03-14T20:19:55.2060416Z 
test	Build	2026-03-14T20:19:55.2941097Z    ▲ Next.js 15.5.12
test	Build	2026-03-14T20:19:55.2941681Z 
test	Build	2026-03-14T20:19:55.3854176Z    Creating an optimized production build ...
test	Build	2026-03-14T20:20:07.2056634Z  ✓ Compiled successfully in 9.4s
test	Build	2026-03-14T20:20:07.2104164Z    Linting and checking validity of types ...
test	Build	2026-03-14T20:20:12.9671382Z    Collecting page data ...
test	Build	2026-03-14T20:20:14.9321548Z    Generating static pages (0/32) ...
test	Build	2026-03-14T20:20:15.4441466Z    Generating static pages (8/32) 
test	Build	2026-03-14T20:20:15.4600855Z    Generating static pages (16/32) 
test	Build	2026-03-14T20:20:15.5474633Z    Generating static pages (24/32) 
test	Build	2026-03-14T20:20:15.6951098Z  ✓ Generating static pages (32/32)
test	Build	2026-03-14T20:20:16.5499938Z    Finalizing page optimization ...
test	Build	2026-03-14T20:20:16.5500734Z    Collecting build traces ...
test	Build	2026-03-14T20:20:22.2613385Z 
test	Build	2026-03-14T20:20:22.2654063Z Route (app)                                    Size  First Load JS
test	Build	2026-03-14T20:20:22.2655335Z ┌ ○ /                                         17 kB         128 kB
test	Build	2026-03-14T20:20:22.2656269Z ├ ○ /_not-found                               222 B         102 kB
test	Build	2026-03-14T20:20:22.2657242Z ├ ƒ /api/auth/callback                        222 B         102 kB
test	Build	2026-03-14T20:20:22.2658152Z ├ ƒ /api/auth/login                           222 B         102 kB
test	Build	2026-03-14T20:20:22.2659892Z ├ ƒ /api/auth/meli/callback                   222 B         102 kB
test	Build	2026-03-14T20:20:22.2660941Z ├ ƒ /api/auth/meli/start                      222 B         102 kB
test	Build	2026-03-14T20:20:22.2661974Z ├ ƒ /api/engine/[store_id]                    222 B         102 kB
test	Build	2026-03-14T20:20:22.2662943Z ├ ƒ /api/ingest                               222 B         102 kB
test	Build	2026-03-14T20:20:22.2663863Z ├ ƒ /api/me                                   222 B         102 kB
test	Build	2026-03-14T20:20:22.2665993Z ├ ƒ /api/meli/sync/[store_id]                 222 B         102 kB
test	Build	2026-03-14T20:20:22.2667441Z ├ ƒ /api/meli/webhook                         222 B         102 kB
test	Build	2026-03-14T20:20:22.2668382Z ├ ƒ /api/normalize/[event_id]                 222 B         102 kB
test	Build	2026-03-14T20:20:22.2669653Z ├ ƒ /api/policies/[store_id]                  222 B         102 kB
test	Build	2026-03-14T20:20:22.2670471Z ├ ƒ /api/score/[store_id]                     222 B         102 kB
test	Build	2026-03-14T20:20:22.2670968Z ├ ƒ /api/v3/adapters/ml                       222 B         102 kB
test	Build	2026-03-14T20:20:22.2671456Z ├ ƒ /api/v3/clinical-status                   222 B         102 kB
test	Build	2026-03-14T20:20:22.2671938Z ├ ƒ /api/v3/engine/run                        222 B         102 kB
test	Build	2026-03-14T20:20:22.2672409Z ├ ƒ /api/v3/ingest/webhook                    222 B         102 kB
test	Build	2026-03-14T20:20:22.2672901Z ├ ƒ /api/v3/normalize/[webhook_event_id]      222 B         102 kB
test	Build	2026-03-14T20:20:22.2673390Z ├ ƒ /api/v3/run-history                       222 B         102 kB
test	Build	2026-03-14T20:20:22.2673874Z ├ ƒ /api/v3/store-pulse                       222 B         102 kB
test	Build	2026-03-14T20:20:22.2674387Z ├ ƒ /api/v3/worker/domain-to-snapshot         222 B         102 kB
test	Build	2026-03-14T20:20:22.2674900Z ├ ƒ /api/v3/worker/metrics-to-signals         222 B         102 kB
test	Build	2026-03-14T20:20:22.2675745Z ├ ƒ /api/v3/worker/pipeline/run               222 B         102 kB
test	Build	2026-03-14T20:20:22.2676276Z ├ ƒ /api/v3/worker/signals-to-health-score    222 B         102 kB
test	Build	2026-03-14T20:20:22.2676811Z ├ ƒ /api/v3/worker/snapshot-to-metrics        222 B         102 kB
test	Build	2026-03-14T20:20:22.2677332Z ├ ƒ /api/v3/worker/webhook-to-domain          222 B         102 kB
test	Build	2026-03-14T20:20:22.2677843Z ├ ƒ /api/worker/meli-reconcile                222 B         102 kB
test	Build	2026-03-14T20:20:22.2678350Z ├ ƒ /api/worker/run-daily-clinical            222 B         102 kB
test	Build	2026-03-14T20:20:22.2678860Z ├ ƒ /api/worker/token-refresh                 222 B         102 kB
test	Build	2026-03-14T20:20:22.2679676Z ├ ƒ /api/worker/v2-webhook-to-domain          222 B         102 kB
test	Build	2026-03-14T20:20:22.2680184Z ├ ƒ /choose-store                             165 B         106 kB
test	Build	2026-03-14T20:20:22.2680677Z ├ ƒ /dashboard/[store_id]                   3.78 kB         106 kB
test	Build	2026-03-14T20:20:22.2681154Z ├ ƒ /enter                                    222 B         102 kB
test	Build	2026-03-14T20:20:22.2681635Z ├ ƒ /install/meli/complete                    222 B         102 kB
test	Build	2026-03-14T20:20:22.2682128Z ├ ○ /onboarding                               222 B         102 kB
test	Build	2026-03-14T20:20:22.2682613Z ├ ƒ /post-login                               222 B         102 kB
test	Build	2026-03-14T20:20:22.2683101Z └ ƒ /v3/internal/store-pulse                  222 B         102 kB
test	Build	2026-03-14T20:20:22.2683533Z + First Load JS shared by all                102 kB
test	Build	2026-03-14T20:20:22.2683946Z   ├ chunks/1255-a390e12b70b4a9fb.js           46 kB
test	Build	2026-03-14T20:20:22.2684343Z   ├ chunks/4bd1b696-f785427dddbba9fb.js     54.2 kB
test	Build	2026-03-14T20:20:22.2684725Z   └ other shared chunks (total)             1.93 kB
test	Build	2026-03-14T20:20:22.2684928Z 
test	Build	2026-03-14T20:20:22.2684936Z 
test	Build	2026-03-14T20:20:22.2685150Z ○  (Static)   prerendered as static content
test	Build	2026-03-14T20:20:22.2685523Z ƒ  (Dynamic)  server-rendered on demand
test	Build	2026-03-14T20:20:22.2685716Z 
test	Run Playwright	﻿2026-03-14T20:20:22.3228293Z ##[group]Run npx playwright test --reporter=line
test	Run Playwright	2026-03-14T20:20:22.3228732Z [36;1mnpx playwright test --reporter=line[0m
test	Run Playwright	2026-03-14T20:20:22.3278363Z shell: /usr/bin/bash -e {0}
test	Run Playwright	2026-03-14T20:20:22.3278642Z ##[endgroup]
test	Run Playwright	2026-03-14T20:20:32.3292548Z 
test	Run Playwright	2026-03-14T20:20:32.3310057Z Running 9 tests using 2 workers
test	Run Playwright	2026-03-14T20:20:32.3310584Z 
test	Run Playwright	2026-03-14T20:20:32.3319229Z [1A[2K[1/9] tests/oauth-start.spec.ts:6:7 › OAuth start redirect › navigating to /api/auth/meli/start redirects away from app
test	Run Playwright	2026-03-14T20:20:33.8191889Z [1A[2K[2/9] tests/meli-token-singleflight.spec.ts:14:7 › meli-token single-flight › two concurrent getValidToken calls execute one refreshToken for same store
test	Run Playwright	2026-03-14T20:20:33.8971168Z [1A[2K[3/9] tests/v2-engine-runner.spec.ts:5:7 › v2 engine runner › returns consistent output when RPC returns same payload
test	Run Playwright	2026-03-14T20:20:33.9236129Z [1A[2K[4/9] tests/v2-webhook-to-domain-worker.spec.ts:9:7 › v2 webhook->domain worker › is idempotent across reruns for same source_event_id
test	Run Playwright	2026-03-14T20:20:33.9918655Z [1A[2K  1) tests/v2-webhook-to-domain-worker.spec.ts:9:7 › v2 webhook->domain worker › is idempotent across reruns for same source_event_id 
test	Run Playwright	2026-03-14T20:20:33.9919971Z 
test	Run Playwright	2026-03-14T20:20:33.9920333Z     Error: [supabase] Missing env: NEXT_PUBLIC_SUPABASE_URL
test	Run Playwright	2026-03-14T20:20:33.9920772Z 
test	Run Playwright	2026-03-14T20:20:33.9920986Z        at ../src/v2/lib/supabase.ts:19
test	Run Playwright	2026-03-14T20:20:33.9921308Z 
test	Run Playwright	2026-03-14T20:20:33.9921447Z       17 |
test	Run Playwright	2026-03-14T20:20:33.9921828Z       18 |     if (!supabaseUrl) {
test	Run Playwright	2026-03-14T20:20:33.9922582Z     > 19 |         throw new Error('[supabase] Missing env: NEXT_PUBLIC_SUPABASE_URL');
test	Run Playwright	2026-03-14T20:20:33.9923268Z          |               ^
test	Run Playwright	2026-03-14T20:20:33.9923637Z       20 |     }
test	Run Playwright	2026-03-14T20:20:33.9924020Z       21 |     if (!serviceRoleKey) {
test	Run Playwright	2026-03-14T20:20:33.9924689Z       22 |         throw new Error('[supabase] Missing env: SUPABASE_SERVICE_ROLE_KEY');
test	Run Playwright	2026-03-14T20:20:33.9925733Z         at getClient (/home/runner/work/smartsellerv2/smartsellerv2/src/v2/lib/supabase.ts:19:15)
test	Run Playwright	2026-03-14T20:20:33.9926831Z         at Object.from (/home/runner/work/smartsellerv2/smartsellerv2/src/v2/lib/supabase.ts:38:17)
test	Run Playwright	2026-03-14T20:20:33.9928408Z         at runV2WebhookToDomainWorkerWithDeps (/home/runner/work/smartsellerv2/smartsellerv2/src/v2/ingest/webhook-to-domain-worker.ts:226:10)
test	Run Playwright	2026-03-14T20:20:33.9930318Z         at /home/runner/work/smartsellerv2/smartsellerv2/tests/v2-webhook-to-domain-worker.spec.ts:35:19
test	Run Playwright	2026-03-14T20:20:33.9931025Z 
test	Run Playwright	2026-03-14T20:20:33.9931036Z 
test	Run Playwright	2026-03-14T20:20:35.1844829Z [1A[2K[5/9] tests/v2-webhook-to-domain-worker.spec.ts:48:7 › v2 webhook->domain worker › skips inserts when events are already processed (filtered upstream)
test	Run Playwright	2026-03-14T20:20:35.1877196Z [1A[2K[6/9] tests/smoke.spec.ts:10:9 › SmartSeller V2 Local Smoke › T1: Landing loads without console errors
test	Run Playwright	2026-03-14T20:20:35.2425517Z [1A[2K  2) tests/v2-webhook-to-domain-worker.spec.ts:48:7 › v2 webhook->domain worker › skips inserts when events are already processed (filtered upstream) 
test	Run Playwright	2026-03-14T20:20:35.2426259Z 
test	Run Playwright	2026-03-14T20:20:35.2426496Z     Error: [supabase] Missing env: NEXT_PUBLIC_SUPABASE_URL
test	Run Playwright	2026-03-14T20:20:35.2426747Z 
test	Run Playwright	2026-03-14T20:20:35.2426881Z        at ../src/v2/lib/supabase.ts:19
test	Run Playwright	2026-03-14T20:20:35.2427073Z 
test	Run Playwright	2026-03-14T20:20:35.2427153Z       17 |
test	Run Playwright	2026-03-14T20:20:35.2427383Z       18 |     if (!supabaseUrl) {
test	Run Playwright	2026-03-14T20:20:35.2427799Z     > 19 |         throw new Error('[supabase] Missing env: NEXT_PUBLIC_SUPABASE_URL');
test	Run Playwright	2026-03-14T20:20:35.2428185Z          |               ^
test	Run Playwright	2026-03-14T20:20:35.2428404Z       20 |     }
test	Run Playwright	2026-03-14T20:20:35.2428644Z       21 |     if (!serviceRoleKey) {
test	Run Playwright	2026-03-14T20:20:35.2429483Z       22 |         throw new Error('[supabase] Missing env: SUPABASE_SERVICE_ROLE_KEY');
test	Run Playwright	2026-03-14T20:20:35.2430313Z         at getClient (/home/runner/work/smartsellerv2/smartsellerv2/src/v2/lib/supabase.ts:19:15)
test	Run Playwright	2026-03-14T20:20:35.2431034Z         at Object.from (/home/runner/work/smartsellerv2/smartsellerv2/src/v2/lib/supabase.ts:38:17)
test	Run Playwright	2026-03-14T20:20:35.2432340Z         at runV2WebhookToDomainWorkerWithDeps (/home/runner/work/smartsellerv2/smartsellerv2/src/v2/ingest/webhook-to-domain-worker.ts:226:10)
test	Run Playwright	2026-03-14T20:20:35.2433250Z         at /home/runner/work/smartsellerv2/smartsellerv2/tests/v2-webhook-to-domain-worker.spec.ts:62:20
test	Run Playwright	2026-03-14T20:20:35.2433655Z 
test	Run Playwright	2026-03-14T20:20:35.2433664Z 
test	Run Playwright	2026-03-14T20:20:37.5724934Z [1A[2K[7/9] tests/smoke.spec.ts:39:9 › SmartSeller V2 Local Smoke › T2: Enter route loads
test	Run Playwright	2026-03-14T20:20:39.5516694Z [1A[2K[8/9] tests/smoke.spec.ts:54:9 › SmartSeller V2 Local Smoke › T3: Choose-store route behaves
test	Run Playwright	2026-03-14T20:20:40.8982312Z [1A[2K[WebServer] Error: Your project's URL and Key are required to create a Supabase client!
test	Run Playwright	2026-03-14T20:20:40.8983164Z [WebServer] 
test	Run Playwright	2026-03-14T20:20:40.8983607Z [WebServer] Check your Supabase project's API settings to find these values
test	Run Playwright	2026-03-14T20:20:40.8984395Z [WebServer] 
test	Run Playwright	2026-03-14T20:20:40.8984798Z [WebServer] https://supabase.com/dashboard/project/_/settings/api
test	Run Playwright	2026-03-14T20:20:40.8985523Z [WebServer]     at <unknown> (https://supabase.com/dashboard/project/_/settings/api)
test	Run Playwright	2026-03-14T20:20:40.8986098Z [WebServer]     at GET (src/app/(v2)/api/me/route.ts:35:40)
test	Run Playwright	2026-03-14T20:20:40.8986536Z [WebServer] [0m [90m 33 |[39m
test	Run Playwright	2026-03-14T20:20:40.8987162Z [WebServer]  [90m 34 |[39m     [90m// Create server-side Supabase client honoring the session cookie[39m
test	Run Playwright	2026-03-14T20:20:40.8987968Z [WebServer] [31m[1m>[22m[39m[90m 35 |[39m     [36mconst[39m supabase [33m=[39m createServerClient(
test	Run Playwright	2026-03-14T20:20:40.8988653Z [WebServer]  [90m    |[39m                                        [31m[1m^[22m[39m
test	Run Playwright	2026-03-14T20:20:40.8989771Z [WebServer]  [90m 36 |[39m         process[33m.[39menv[33m.[39m[33mNEXT_PUBLIC_SUPABASE_URL[39m[33m![39m[33m,[39m
test	Run Playwright	2026-03-14T20:20:40.8990728Z [WebServer]  [90m 37 |[39m         process[33m.[39menv[33m.[39m[33mNEXT_PUBLIC_SUPABASE_ANON_KEY[39m[33m![39m[33m,[39m
test	Run Playwright	2026-03-14T20:20:40.8991338Z [WebServer]  [90m 38 |[39m         {[0m
test	Run Playwright	2026-03-14T20:20:40.8991562Z 
test	Run Playwright	2026-03-14T20:20:42.0058083Z [1A[2K[9/9] tests/smoke.spec.ts:66:9 › SmartSeller V2 Local Smoke › T4: Dashboard route guards
test	Run Playwright	2026-03-14T20:20:43.2543663Z [1A[2K[WebServer] Error: Your project's URL and Key are required to create a Supabase client!
test	Run Playwright	2026-03-14T20:20:43.2544373Z 
test	Run Playwright	2026-03-14T20:20:43.2544530Z [WebServer] 
test	Run Playwright	2026-03-14T20:20:43.2545379Z [WebServer] Check your Supabase project's API settings to find these values
test	Run Playwright	2026-03-14T20:20:43.2546026Z [WebServer] 
test	Run Playwright	2026-03-14T20:20:43.2546652Z [WebServer] https://supabase.com/dashboard/project/_/settings/api
test	Run Playwright	2026-03-14T20:20:43.2547632Z [WebServer]     at <unknown> (https://supabase.com/dashboard/project/_/settings/api)
test	Run Playwright	2026-03-14T20:20:43.2548506Z [WebServer]     at GET (src/app/(v2)/api/me/route.ts:35:40)
test	Run Playwright	2026-03-14T20:20:43.2549572Z [WebServer] [0m [90m 33 |[39m
test	Run Playwright	2026-03-14T20:20:43.2550759Z [WebServer]  [90m 34 |[39m     [90m// Create server-side Supabase client honoring the session cookie[39m
test	Run Playwright	2026-03-14T20:20:43.2552364Z [WebServer] [31m[1m>[22m[39m[90m 35 |[39m     [36mconst[39m supabase [33m=[39m createServerClient(
test	Run Playwright	2026-03-14T20:20:43.2553743Z [WebServer]  [90m    |[39m                                        [31m[1m^[22m[39m
test	Run Playwright	2026-03-14T20:20:43.2554872Z [WebServer]  [90m 36 |[39m         process[33m.[39menv[33m.[39m[33mNEXT_PUBLIC_SUPABASE_URL[39m[33m![39m[33m,[39m
test	Run Playwright	2026-03-14T20:20:43.2556221Z [WebServer]  [90m 37 |[39m         process[33m.[39menv[33m.[39m[33mNEXT_PUBLIC_SUPABASE_ANON_KEY[39m[33m![39m[33m,[39m
test	Run Playwright	2026-03-14T20:20:43.2557090Z [WebServer]  [90m 38 |[39m         {[0m
test	Run Playwright	2026-03-14T20:20:44.1172635Z [1A[2K  2 failed
test	Run Playwright	2026-03-14T20:20:44.1173926Z     tests/v2-webhook-to-domain-worker.spec.ts:9:7 › v2 webhook->domain worker › is idempotent across reruns for same source_event_id 
test	Run Playwright	2026-03-14T20:20:44.1175133Z     tests/v2-webhook-to-domain-worker.spec.ts:48:7 › v2 webhook->domain worker › skips inserts when events are already processed (filtered upstream) 
test	Run Playwright	2026-03-14T20:20:44.1176524Z   1 skipped
test	Run Playwright	2026-03-14T20:20:44.1176727Z   6 passed (20.4s)
test	Run Playwright	2026-03-14T20:20:44.1428627Z ##[error]Process completed with exit code 1.
test	Upload Playwright report	﻿2026-03-14T20:20:44.1510003Z ##[group]Run actions/upload-artifact@v4
test	Upload Playwright report	2026-03-14T20:20:44.1510298Z with:
test	Upload Playwright report	2026-03-14T20:20:44.1510486Z   name: playwright-report
test	Upload Playwright report	2026-03-14T20:20:44.1510723Z   path: playwright-report
test	Upload Playwright report	test-results
test	Upload Playwright report	
test	Upload Playwright report	2026-03-14T20:20:44.1510981Z   retention-days: 14
test	Upload Playwright report	2026-03-14T20:20:44.1511178Z   if-no-files-found: warn
test	Upload Playwright report	2026-03-14T20:20:44.1511395Z   compression-level: 6
test	Upload Playwright report	2026-03-14T20:20:44.1511585Z   overwrite: false
test	Upload Playwright report	2026-03-14T20:20:44.1511778Z   include-hidden-files: false
test	Upload Playwright report	2026-03-14T20:20:44.1511992Z ##[endgroup]
test	Upload Playwright report	2026-03-14T20:20:44.3760538Z Multiple search paths detected. Calculating the least common ancestor of all paths
test	Upload Playwright report	2026-03-14T20:20:44.3765735Z The least common ancestor is /home/runner/work/smartsellerv2/smartsellerv2. This will be the root directory of the artifact
test	Upload Playwright report	2026-03-14T20:20:44.3787897Z ##[warning]No files were found with the provided path: playwright-report
test	Upload Playwright report	test-results. No artifacts will be uploaded.
test	Post Checkout	﻿2026-03-14T20:20:44.3904421Z Post job cleanup.
test	Post Checkout	2026-03-14T20:20:44.4902588Z [command]/usr/bin/git version
test	Post Checkout	2026-03-14T20:20:44.4943080Z git version 2.53.0
test	Post Checkout	2026-03-14T20:20:44.4989973Z Temporarily overriding HOME='/home/runner/work/_temp/62ad07a2-9e9c-4b4d-9c44-f90e7f6649f0' before making global git config changes
test	Post Checkout	2026-03-14T20:20:44.4991581Z Adding repository directory to the temporary git global config as a safe directory
test	Post Checkout	2026-03-14T20:20:44.5005300Z [command]/usr/bin/git config --global --add safe.directory /home/runner/work/smartsellerv2/smartsellerv2
test	Post Checkout	2026-03-14T20:20:44.5047170Z [command]/usr/bin/git config --local --name-only --get-regexp core\.sshCommand
test	Post Checkout	2026-03-14T20:20:44.5085580Z [command]/usr/bin/git submodule foreach --recursive sh -c "git config --local --name-only --get-regexp 'core\.sshCommand' && git config --local --unset-all 'core.sshCommand' || :"
test	Post Checkout	2026-03-14T20:20:44.5342812Z [command]/usr/bin/git config --local --name-only --get-regexp http\.https\:\/\/github\.com\/\.extraheader
test	Post Checkout	2026-03-14T20:20:44.5367809Z http.https://github.com/.extraheader
test	Post Checkout	2026-03-14T20:20:44.5381853Z [command]/usr/bin/git config --local --unset-all http.https://github.com/.extraheader
test	Post Checkout	2026-03-14T20:20:44.5416776Z [command]/usr/bin/git submodule foreach --recursive sh -c "git config --local --name-only --get-regexp 'http\.https\:\/\/github\.com\/\.extraheader' && git config --local --unset-all 'http.https://github.com/.extraheader' || :"
test	Post Checkout	2026-03-14T20:20:44.5667627Z [command]/usr/bin/git config --local --name-only --get-regexp ^includeIf\.gitdir:
test	Post Checkout	2026-03-14T20:20:44.5703151Z [command]/usr/bin/git submodule foreach --recursive git config --local --show-origin --name-only --get-regexp remote.origin.url
test	Complete job	﻿2026-03-14T20:20:44.6073272Z Cleaning up orphan processes
test	Complete job	2026-03-14T20:20:44.6439088Z ##[warning]Node.js 20 actions are deprecated. The following actions are running on Node.js 20 and may not work as expected: actions/checkout@v4, actions/setup-node@v4, actions/upload-artifact@v4. Actions will be forced to run with Node.js 24 by default starting June 2nd, 2026. Please check if updated versions of these actions are available that support Node.js 24. To opt into Node.js 24 now, set the FORCE_JAVASCRIPT_ACTIONS_TO_NODE24=true environment variable on the runner or in your workflow file. Once Node.js 24 becomes the default, you can temporarily opt out by setting ACTIONS_ALLOW_USE_UNSECURE_NODE_VERSION=true. For more information see: https://github.blog/changelog/2025-09-19-deprecation-of-node-20-on-github-actions-runners/
